#
# There is insufficient memory for the Java Runtime Environment to continue.
# Native memory allocation (malloc) failed to allocate 2380496 bytes. Error detail: Chunk::new
# Possible reasons:
#   The system is out of physical RAM or swap space
#   This process is running with CompressedOops enabled, and the Java Heap may be blocking the growth of the native heap
# Possible solutions:
#   Reduce memory load on the system
#   Increase physical memory or swap space
#   Check if swap backing store is full
#   Decrease Java heap size (-Xmx/-Xms)
#   Decrease number of Java threads
#   Decrease Java thread stack sizes (-Xss)
#   Set larger code cache with -XX:ReservedCodeCacheSize=
#   JVM is running with Unscaled Compressed Oops mode in which the Java heap is
#     placed in the first 4GB address space. The Java Heap base address is the
#     maximum limit for the native heap growth. Please use -XX:HeapBaseMinAddress
#     to set the Java Heap base and to place the Java Heap above 4GB virtual address.
# This output file may be truncated or incomplete.
#
#  Out of Memory Error (arena.cpp:168), pid=23048, tid=2124
#
# JRE version: OpenJDK Runtime Environment (21.0.6) (build 21.0.6+-13391695-b895.109)
# Java VM: OpenJDK 64-Bit Server VM (21.0.6+-13391695-b895.109, mixed mode, tiered, compressed oops, compressed class ptrs, g1 gc, windows-amd64)
# No core dump will be written. Minidumps are not enabled by default on client versions of Windows
#

---------------  S U M M A R Y ------------

Command Line: --add-opens=java.base/java.util=ALL-UNNAMED --add-opens=java.base/java.lang=ALL-UNNAMED --add-opens=java.base/java.lang.invoke=ALL-UNNAMED --add-opens=java.prefs/java.util.prefs=ALL-UNNAMED --add-opens=java.base/java.nio.charset=ALL-UNNAMED --add-opens=java.base/java.net=ALL-UNNAMED --add-opens=java.base/java.util.concurrent.atomic=ALL-UNNAMED -Xmx2048m -Dfile.encoding=UTF-8 -Duser.country=JP -Duser.language=ja -Duser.variant -javaagent:C:\Users\PC7\.gradle\wrapper\dists\gradle-8.2-bin\bbg7u40eoinfdyxsxr3z4i7ta\gradle-8.2\lib\agents\gradle-instrumentation-agent-8.2.jar org.gradle.launcher.daemon.bootstrap.GradleDaemon 8.2

Host: Intel(R) Core(TM) i7-8700K CPU @ 3.70GHz, 12 cores, 15G,  Windows 11 , 64 bit Build 26100 (10.0.26100.4484)
Time: Sun Aug  3 19:40:27 2025  Windows 11 , 64 bit Build 26100 (10.0.26100.4484) elapsed time: 27.130486 seconds (0d 0h 0m 27s)

---------------  T H R E A D  ---------------

Current thread (0x0000015b7a096f50):  JavaThread "C2 CompilerThread2" daemon [_thread_in_native, id=2124, stack(0x00000037c3300000,0x00000037c3400000) (1024K)]


Current CompileTask:
C2:27130 7388       4       org.objectweb.asm.ClassReader::readCode (5109 bytes)

Stack: [0x00000037c3300000,0x00000037c3400000]
Native frames: (J=compiled Java code, j=interpreted, Vv=VM code, C=native code)
V  [jvm.dll+0x6d0639]
V  [jvm.dll+0x85eb03]
V  [jvm.dll+0x86105e]
V  [jvm.dll+0x861743]
V  [jvm.dll+0x27e6e6]
V  [jvm.dll+0xbff6d]
V  [jvm.dll+0xc04a3]
V  [jvm.dll+0x3b6171]
V  [jvm.dll+0x1de684]
V  [jvm.dll+0x247dd4]
V  [jvm.dll+0x247251]
V  [jvm.dll+0x1c5f04]
V  [jvm.dll+0x2569ac]
V  [jvm.dll+0x254ef6]
V  [jvm.dll+0x3f0e96]
V  [jvm.dll+0x806ed8]
V  [jvm.dll+0x6cef0d]
C  [ucrtbase.dll+0x37b0]
C  [KERNEL32.DLL+0x2e8d7]
C  [ntdll.dll+0x3c34c]


---------------  P R O C E S S  ---------------

Threads class SMR info:
_java_thread_list=0x0000015b79beab90, length=46, elements={
0x0000015b55d09380, 0x0000015b6fde4620, 0x0000015b6fdc0f30, 0x0000015b6fe00b20,
0x0000015b6fe01570, 0x0000015b6fe09fe0, 0x0000015b6fdeece0, 0x0000015b6fe13160,
0x0000015b6fdef340, 0x0000015b6ff1fbf0, 0x0000015b7022c0e0, 0x0000015b75ee2850,
0x0000015b761576e0, 0x0000015b76258940, 0x0000015b762ff520, 0x0000015b762ffb80,
0x0000015b7640eb80, 0x0000015b7640b700, 0x0000015b7640de60, 0x0000015b7640bd90,
0x0000015b7640cab0, 0x0000015b7640c420, 0x0000015b7640d140, 0x0000015b7640d7d0,
0x0000015b76eef6c0, 0x0000015b76ef0a70, 0x0000015b76eef030, 0x0000015b76ef24b0,
0x0000015b76eefd50, 0x0000015b76ef2b40, 0x0000015b76ef1790, 0x0000015b76ef1100,
0x0000015b76ef31d0, 0x0000015b76ef03e0, 0x0000015b76ef52a0, 0x0000015b76ef3860,
0x0000015b76ef3ef0, 0x0000015b76ef4580, 0x0000015b76ef1e20, 0x0000015b76ef5930,
0x0000015b76ef6650, 0x0000015b76ef5fc0, 0x0000015b78704480, 0x0000015b78706550,
0x0000015b7a0983c0, 0x0000015b7a096f50
}

Java Threads: ( => current thread )
  0x0000015b55d09380 JavaThread "main"                              [_thread_blocked, id=17772, stack(0x00000037bf400000,0x00000037bf500000) (1024K)]
  0x0000015b6fde4620 JavaThread "Reference Handler"          daemon [_thread_blocked, id=11920, stack(0x00000037bfc00000,0x00000037bfd00000) (1024K)]
  0x0000015b6fdc0f30 JavaThread "Finalizer"                  daemon [_thread_blocked, id=8612, stack(0x00000037bfd00000,0x00000037bfe00000) (1024K)]
  0x0000015b6fe00b20 JavaThread "Signal Dispatcher"          daemon [_thread_blocked, id=16604, stack(0x00000037bfe00000,0x00000037bff00000) (1024K)]
  0x0000015b6fe01570 JavaThread "Attach Listener"            daemon [_thread_blocked, id=18156, stack(0x00000037bff00000,0x00000037c0000000) (1024K)]
  0x0000015b6fe09fe0 JavaThread "Service Thread"             daemon [_thread_blocked, id=11692, stack(0x00000037c0000000,0x00000037c0100000) (1024K)]
  0x0000015b6fdeece0 JavaThread "Monitor Deflation Thread"   daemon [_thread_blocked, id=26348, stack(0x00000037c0100000,0x00000037c0200000) (1024K)]
  0x0000015b6fe13160 JavaThread "C2 CompilerThread0"         daemon [_thread_in_native, id=24816, stack(0x00000037c0200000,0x00000037c0300000) (1024K)]
  0x0000015b6fdef340 JavaThread "C1 CompilerThread0"         daemon [_thread_blocked, id=25636, stack(0x00000037c0300000,0x00000037c0400000) (1024K)]
  0x0000015b6ff1fbf0 JavaThread "Common-Cleaner"             daemon [_thread_blocked, id=17788, stack(0x00000037c0400000,0x00000037c0500000) (1024K)]
  0x0000015b7022c0e0 JavaThread "Notification Thread"        daemon [_thread_blocked, id=7520, stack(0x00000037c0500000,0x00000037c0600000) (1024K)]
  0x0000015b75ee2850 JavaThread "Daemon health stats"               [_thread_blocked, id=12696, stack(0x00000037c0700000,0x00000037c0800000) (1024K)]
  0x0000015b761576e0 JavaThread "Incoming local TCP Connector on port 53383"        [_thread_in_native, id=23284, stack(0x00000037c0d00000,0x00000037c0e00000) (1024K)]
  0x0000015b76258940 JavaThread "Daemon periodic checks"            [_thread_blocked, id=26308, stack(0x00000037c0e00000,0x00000037c0f00000) (1024K)]
  0x0000015b762ff520 JavaThread "Daemon"                            [_thread_blocked, id=26460, stack(0x00000037c0f00000,0x00000037c1000000) (1024K)]
  0x0000015b762ffb80 JavaThread "Handler for socket connection from /127.0.0.1:53383 to /127.0.0.1:53385"        [_thread_in_native, id=12868, stack(0x00000037c1000000,0x00000037c1100000) (1024K)]
  0x0000015b7640eb80 JavaThread "Cancel handler"                    [_thread_blocked, id=13072, stack(0x00000037c1100000,0x00000037c1200000) (1024K)]
  0x0000015b7640b700 JavaThread "Daemon worker"                     [_thread_blocked, id=20992, stack(0x00000037c1200000,0x00000037c1300000) (1024K)]
  0x0000015b7640de60 JavaThread "Asynchronous log dispatcher for DefaultDaemonConnection: socket connection from /127.0.0.1:53383 to /127.0.0.1:53385"        [_thread_blocked, id=2780, stack(0x00000037c1300000,0x00000037c1400000) (1024K)]
  0x0000015b7640bd90 JavaThread "Stdin handler"                     [_thread_blocked, id=4912, stack(0x00000037c1400000,0x00000037c1500000) (1024K)]
  0x0000015b7640cab0 JavaThread "Daemon client event forwarder"        [_thread_blocked, id=20648, stack(0x00000037c1500000,0x00000037c1600000) (1024K)]
  0x0000015b7640c420 JavaThread "Cache worker for journal cache (C:\Users\PC7\.gradle\caches\journal-1)"        [_thread_blocked, id=21820, stack(0x00000037c1c00000,0x00000037c1d00000) (1024K)]
  0x0000015b7640d140 JavaThread "File lock request listener"        [_thread_in_native, id=6548, stack(0x00000037c1d00000,0x00000037c1e00000) (1024K)]
  0x0000015b7640d7d0 JavaThread "Cache worker for file hash cache (C:\Users\PC7\.gradle\caches\8.2\fileHashes)"        [_thread_blocked, id=26676, stack(0x00000037c1e00000,0x00000037c1f00000) (1024K)]
  0x0000015b76eef6c0 JavaThread "File watcher server"        daemon [_thread_in_native, id=13780, stack(0x00000037c2000000,0x00000037c2100000) (1024K)]
  0x0000015b76ef0a70 JavaThread "File watcher consumer"      daemon [_thread_blocked, id=27140, stack(0x00000037c2100000,0x00000037c2200000) (1024K)]
  0x0000015b76eef030 JavaThread "jar transforms"                    [_thread_blocked, id=4700, stack(0x00000037c1f00000,0x00000037c2000000) (1024K)]
  0x0000015b76ef24b0 JavaThread "jar transforms Thread 2"           [_thread_blocked, id=22260, stack(0x00000037c2200000,0x00000037c2300000) (1024K)]
  0x0000015b76eefd50 JavaThread "jar transforms Thread 3"           [_thread_blocked, id=24324, stack(0x00000037c2300000,0x00000037c2400000) (1024K)]
  0x0000015b76ef2b40 JavaThread "jar transforms Thread 4"           [_thread_blocked, id=26952, stack(0x00000037c2400000,0x00000037c2500000) (1024K)]
  0x0000015b76ef1790 JavaThread "jar transforms Thread 5"           [_thread_blocked, id=8924, stack(0x00000037c2500000,0x00000037c2600000) (1024K)]
  0x0000015b76ef1100 JavaThread "jar transforms Thread 6"           [_thread_blocked, id=24988, stack(0x00000037c2600000,0x00000037c2700000) (1024K)]
  0x0000015b76ef31d0 JavaThread "jar transforms Thread 7"           [_thread_blocked, id=26872, stack(0x00000037c2700000,0x00000037c2800000) (1024K)]
  0x0000015b76ef03e0 JavaThread "jar transforms Thread 8"           [_thread_blocked, id=18836, stack(0x00000037c2800000,0x00000037c2900000) (1024K)]
  0x0000015b76ef52a0 JavaThread "jar transforms Thread 9"           [_thread_in_native, id=23904, stack(0x00000037c2900000,0x00000037c2a00000) (1024K)]
  0x0000015b76ef3860 JavaThread "jar transforms Thread 10"          [_thread_blocked, id=22660, stack(0x00000037c2a00000,0x00000037c2b00000) (1024K)]
  0x0000015b76ef3ef0 JavaThread "jar transforms Thread 11"          [_thread_blocked, id=20476, stack(0x00000037c2b00000,0x00000037c2c00000) (1024K)]
  0x0000015b76ef4580 JavaThread "jar transforms Thread 12"          [_thread_in_native, id=1236, stack(0x00000037c2c00000,0x00000037c2d00000) (1024K)]
  0x0000015b76ef1e20 JavaThread "Cache worker for checksums cache (C:\Users\PC7\AndroidStudioProjects\MyApplication4\.gradle\8.2\checksums)"        [_thread_blocked, id=27292, stack(0x00000037c0600000,0x00000037c0700000) (1024K)]
  0x0000015b76ef5930 JavaThread "Cache worker for cache directory md-rule (C:\Users\PC7\.gradle\caches\8.2\md-rule)"        [_thread_blocked, id=21100, stack(0x00000037c2d00000,0x00000037c2e00000) (1024K)]
  0x0000015b76ef6650 JavaThread "Cache worker for file content cache (C:\Users\PC7\.gradle\caches\8.2\fileContent)"        [_thread_blocked, id=2532, stack(0x00000037c2e00000,0x00000037c2f00000) (1024K)]
  0x0000015b76ef5fc0 JavaThread "Cache worker for file hash cache (C:\Users\PC7\AndroidStudioProjects\MyApplication4\.gradle\8.2\fileHashes)"        [_thread_blocked, id=13408, stack(0x00000037c3000000,0x00000037c3100000) (1024K)]
  0x0000015b78704480 JavaThread "Cache worker for cache directory md-supplier (C:\Users\PC7\.gradle\caches\8.2\md-supplier)"        [_thread_blocked, id=9336, stack(0x00000037c3100000,0x00000037c3200000) (1024K)]
  0x0000015b78706550 JavaThread "Cache worker for execution history cache (C:\Users\PC7\.gradle\caches\8.2\executionHistory)"        [_thread_blocked, id=26352, stack(0x00000037c3200000,0x00000037c3300000) (1024K)]
  0x0000015b7a0983c0 JavaThread "C2 CompilerThread1"         daemon [_thread_in_native, id=22820, stack(0x00000037c2f00000,0x00000037c3000000) (1024K)]
=>0x0000015b7a096f50 JavaThread "C2 CompilerThread2"         daemon [_thread_in_native, id=2124, stack(0x00000037c3300000,0x00000037c3400000) (1024K)]
Total: 46

Other Threads:
  0x0000015b6fd2cf30 VMThread "VM Thread"                           [id=25896, stack(0x00000037bfb00000,0x00000037bfc00000) (1024K)]
  0x0000015b6f90d070 WatcherThread "VM Periodic Task Thread"        [id=20056, stack(0x00000037bfa00000,0x00000037bfb00000) (1024K)]
  0x0000015b581a69c0 WorkerThread "GC Thread#0"                     [id=7348, stack(0x00000037bf500000,0x00000037bf600000) (1024K)]
  0x0000015b705e33d0 WorkerThread "GC Thread#1"                     [id=24412, stack(0x00000037c0800000,0x00000037c0900000) (1024K)]
  0x0000015b705e3770 WorkerThread "GC Thread#2"                     [id=15384, stack(0x00000037c0900000,0x00000037c0a00000) (1024K)]
  0x0000015b705e3b10 WorkerThread "GC Thread#3"                     [id=6532, stack(0x00000037c0a00000,0x00000037c0b00000) (1024K)]
  0x0000015b705e2c90 WorkerThread "GC Thread#4"                     [id=2912, stack(0x00000037c0b00000,0x00000037c0c00000) (1024K)]
  0x0000015b705e3eb0 WorkerThread "GC Thread#5"                     [id=20988, stack(0x00000037c0c00000,0x00000037c0d00000) (1024K)]
  0x0000015b76013070 WorkerThread "GC Thread#6"                     [id=356, stack(0x00000037c1600000,0x00000037c1700000) (1024K)]
  0x0000015b76011ab0 WorkerThread "GC Thread#7"                     [id=22600, stack(0x00000037c1700000,0x00000037c1800000) (1024K)]
  0x0000015b76011e50 WorkerThread "GC Thread#8"                     [id=5132, stack(0x00000037c1800000,0x00000037c1900000) (1024K)]
  0x0000015b76010fd0 WorkerThread "GC Thread#9"                     [id=26632, stack(0x00000037c1900000,0x00000037c1a00000) (1024K)]
  0x0000015b581b78b0 ConcurrentGCThread "G1 Main Marker"            [id=14456, stack(0x00000037bf600000,0x00000037bf700000) (1024K)]
  0x0000015b581b9100 WorkerThread "G1 Conc#0"                       [id=8112, stack(0x00000037bf700000,0x00000037bf800000) (1024K)]
  0x0000015b76011710 WorkerThread "G1 Conc#1"                       [id=16364, stack(0x00000037c1a00000,0x00000037c1b00000) (1024K)]
  0x0000015b760137b0 WorkerThread "G1 Conc#2"                       [id=21992, stack(0x00000037c1b00000,0x00000037c1c00000) (1024K)]
  0x0000015b6f8647c0 ConcurrentGCThread "G1 Refine#0"               [id=2552, stack(0x00000037bf800000,0x00000037bf900000) (1024K)]
  0x0000015b6f8650e0 ConcurrentGCThread "G1 Service"                [id=21240, stack(0x00000037bf900000,0x00000037bfa00000) (1024K)]
Total: 18

Threads with active compile tasks:
C2 CompilerThread0  27237 7387       4       org.objectweb.asm.ClassReader::accept (1412 bytes)
C2 CompilerThread1  27237 7433       4       org.objectweb.asm.ClassReader::readMethod (1066 bytes)
C2 CompilerThread2  27237 7388       4       org.objectweb.asm.ClassReader::readCode (5109 bytes)
Total: 3

VM state: not at safepoint (normal execution)

VM Mutex/Monitor currently owned by a thread: None

Heap address: 0x0000000080000000, size: 2048 MB, Compressed Oops mode: 32-bit

CDS archive(s) not mapped
Compressed class space mapped at: 0x0000000100000000-0x0000000140000000, reserved size: 1073741824
Narrow klass base: 0x0000000000000000, Narrow klass shift: 3, Narrow klass range: 0x140000000

GC Precious Log:
 CardTable entry size: 512
 Card Set container configuration: InlinePtr #cards 5 size 8 Array Of Cards #cards 12 size 40 Howl #buckets 4 coarsen threshold 1843 Howl Bitmap #cards 512 size 80 coarsen threshold 460 Card regions per heap region 1 cards per card region 2048
 CPUs: 12 total, 12 available
 Memory: 16318M
 Large Page Support: Disabled
 NUMA Support: Disabled
 Compressed Oops: Enabled (32-bit)
 Heap Region Size: 1M
 Heap Min Capacity: 8M
 Heap Initial Capacity: 256M
 Heap Max Capacity: 2G
 Pre-touch: Disabled
 Parallel Workers: 10
 Concurrent Workers: 3
 Concurrent Refinement Workers: 10
 Periodic GC: Disabled

Heap:
 garbage-first heap   total 234496K, used 172886K [0x0000000080000000, 0x0000000100000000)
  region size 1024K, 102 young (104448K), 6 survivors (6144K)
 Metaspace       used 58109K, committed 59456K, reserved 1114112K
  class space    used 7691K, committed 8384K, reserved 1048576K

Heap Regions: E=young(eden), S=young(survivor), O=old, HS=humongous(starts), HC=humongous(continues), CS=collection set, F=free, TAMS=top-at-mark-start, PB=parsable bottom
|   0|0x0000000080000000, 0x0000000080100000, 0x0000000080100000|100%|HS|  |TAMS 0x0000000080000000| PB 0x0000000080000000| Complete 
|   1|0x0000000080100000, 0x0000000080200000, 0x0000000080200000|100%|HC|  |TAMS 0x0000000080100000| PB 0x0000000080100000| Complete 
|   2|0x0000000080200000, 0x0000000080300000, 0x0000000080300000|100%|HC|  |TAMS 0x0000000080200000| PB 0x0000000080200000| Complete 
|   3|0x0000000080300000, 0x0000000080400000, 0x0000000080400000|100%|HC|  |TAMS 0x0000000080300000| PB 0x0000000080300000| Complete 
|   4|0x0000000080400000, 0x0000000080500000, 0x0000000080500000|100%| O|  |TAMS 0x0000000080400000| PB 0x0000000080400000| Untracked 
|   5|0x0000000080500000, 0x0000000080600000, 0x0000000080600000|100%| O|  |TAMS 0x0000000080500000| PB 0x0000000080500000| Untracked 
|   6|0x0000000080600000, 0x0000000080700000, 0x0000000080700000|100%| O|  |TAMS 0x0000000080600000| PB 0x0000000080600000| Untracked 
|   7|0x0000000080700000, 0x0000000080800000, 0x0000000080800000|100%| O|  |TAMS 0x0000000080700000| PB 0x0000000080700000| Untracked 
|   8|0x0000000080800000, 0x0000000080900000, 0x0000000080900000|100%|HS|  |TAMS 0x0000000080800000| PB 0x0000000080800000| Complete 
|   9|0x0000000080900000, 0x0000000080a00000, 0x0000000080a00000|100%| O|  |TAMS 0x0000000080900000| PB 0x0000000080900000| Untracked 
|  10|0x0000000080a00000, 0x0000000080b00000, 0x0000000080b00000|100%| O|  |TAMS 0x0000000080a00000| PB 0x0000000080a00000| Untracked 
|  11|0x0000000080b00000, 0x0000000080c00000, 0x0000000080c00000|100%| O|  |TAMS 0x0000000080b00000| PB 0x0000000080b00000| Untracked 
|  12|0x0000000080c00000, 0x0000000080d00000, 0x0000000080d00000|100%|HS|  |TAMS 0x0000000080c00000| PB 0x0000000080c00000| Complete 
|  13|0x0000000080d00000, 0x0000000080e00000, 0x0000000080e00000|100%|HC|  |TAMS 0x0000000080d00000| PB 0x0000000080d00000| Complete 
|  14|0x0000000080e00000, 0x0000000080f00000, 0x0000000080f00000|100%|HC|  |TAMS 0x0000000080e00000| PB 0x0000000080e00000| Complete 
|  15|0x0000000080f00000, 0x0000000081000000, 0x0000000081000000|100%|HC|  |TAMS 0x0000000080f00000| PB 0x0000000080f00000| Complete 
|  16|0x0000000081000000, 0x0000000081100000, 0x0000000081100000|100%|HC|  |TAMS 0x0000000081000000| PB 0x0000000081000000| Complete 
|  17|0x0000000081100000, 0x0000000081200000, 0x0000000081200000|100%|HC|  |TAMS 0x0000000081100000| PB 0x0000000081100000| Complete 
|  18|0x0000000081200000, 0x0000000081300000, 0x0000000081300000|100%|HS|  |TAMS 0x0000000081200000| PB 0x0000000081200000| Complete 
|  19|0x0000000081300000, 0x0000000081400000, 0x0000000081400000|100%|HC|  |TAMS 0x0000000081300000| PB 0x0000000081300000| Complete 
|  20|0x0000000081400000, 0x0000000081500000, 0x0000000081500000|100%|HC|  |TAMS 0x0000000081400000| PB 0x0000000081400000| Complete 
|  21|0x0000000081500000, 0x0000000081600000, 0x0000000081600000|100%|HC|  |TAMS 0x0000000081500000| PB 0x0000000081500000| Complete 
|  22|0x0000000081600000, 0x0000000081700000, 0x0000000081700000|100%|HS|  |TAMS 0x0000000081600000| PB 0x0000000081600000| Complete 
|  23|0x0000000081700000, 0x0000000081800000, 0x0000000081800000|100%|HC|  |TAMS 0x0000000081700000| PB 0x0000000081700000| Complete 
|  24|0x0000000081800000, 0x0000000081900000, 0x0000000081900000|100%|HS|  |TAMS 0x0000000081800000| PB 0x0000000081800000| Complete 
|  25|0x0000000081900000, 0x0000000081a00000, 0x0000000081a00000|100%|HS|  |TAMS 0x0000000081900000| PB 0x0000000081900000| Complete 
|  26|0x0000000081a00000, 0x0000000081b00000, 0x0000000081b00000|100%|HC|  |TAMS 0x0000000081a00000| PB 0x0000000081a00000| Complete 
|  27|0x0000000081b00000, 0x0000000081c00000, 0x0000000081c00000|100%|HC|  |TAMS 0x0000000081b00000| PB 0x0000000081b00000| Complete 
|  28|0x0000000081c00000, 0x0000000081d00000, 0x0000000081d00000|100%|HC|  |TAMS 0x0000000081c00000| PB 0x0000000081c00000| Complete 
|  29|0x0000000081d00000, 0x0000000081e00000, 0x0000000081e00000|100%|HC|  |TAMS 0x0000000081d00000| PB 0x0000000081d00000| Complete 
|  30|0x0000000081e00000, 0x0000000081f00000, 0x0000000081f00000|100%|HC|  |TAMS 0x0000000081e00000| PB 0x0000000081e00000| Complete 
|  31|0x0000000081f00000, 0x0000000082000000, 0x0000000082000000|100%|HS|  |TAMS 0x0000000081f00000| PB 0x0000000081f00000| Complete 
|  32|0x0000000082000000, 0x0000000082100000, 0x0000000082100000|100%|HS|  |TAMS 0x0000000082000000| PB 0x0000000082000000| Complete 
|  33|0x0000000082100000, 0x0000000082200000, 0x0000000082200000|100%|HC|  |TAMS 0x0000000082100000| PB 0x0000000082100000| Complete 
|  34|0x0000000082200000, 0x0000000082300000, 0x0000000082300000|100%|HC|  |TAMS 0x0000000082200000| PB 0x0000000082200000| Complete 
|  35|0x0000000082300000, 0x0000000082400000, 0x0000000082400000|100%|HC|  |TAMS 0x0000000082300000| PB 0x0000000082300000| Complete 
|  36|0x0000000082400000, 0x0000000082500000, 0x0000000082500000|100%| O|  |TAMS 0x0000000082400000| PB 0x0000000082400000| Untracked 
|  37|0x0000000082500000, 0x0000000082600000, 0x0000000082600000|100%| O|  |TAMS 0x0000000082500000| PB 0x0000000082500000| Untracked 
|  38|0x0000000082600000, 0x0000000082700000, 0x0000000082700000|100%| O|  |TAMS 0x0000000082600000| PB 0x0000000082600000| Untracked 
|  39|0x0000000082700000, 0x0000000082800000, 0x0000000082800000|100%| O|  |TAMS 0x0000000082700000| PB 0x0000000082700000| Untracked 
|  40|0x0000000082800000, 0x0000000082900000, 0x0000000082900000|100%| O|  |TAMS 0x0000000082800000| PB 0x0000000082800000| Untracked 
|  41|0x0000000082900000, 0x0000000082a00000, 0x0000000082a00000|100%| O|  |TAMS 0x0000000082900000| PB 0x0000000082900000| Untracked 
|  42|0x0000000082a00000, 0x0000000082b00000, 0x0000000082b00000|100%|HS|  |TAMS 0x0000000082a00000| PB 0x0000000082a00000| Complete 
|  43|0x0000000082b00000, 0x0000000082c00000, 0x0000000082c00000|100%| O|  |TAMS 0x0000000082b00000| PB 0x0000000082b00000| Untracked 
|  44|0x0000000082c00000, 0x0000000082d00000, 0x0000000082d00000|100%| O|  |TAMS 0x0000000082c00000| PB 0x0000000082c00000| Untracked 
|  45|0x0000000082d00000, 0x0000000082e00000, 0x0000000082e00000|100%| O|  |TAMS 0x0000000082d00000| PB 0x0000000082d00000| Untracked 
|  46|0x0000000082e00000, 0x0000000082f00000, 0x0000000082f00000|100%| O|  |TAMS 0x0000000082e00000| PB 0x0000000082e00000| Untracked 
|  47|0x0000000082f00000, 0x0000000083000000, 0x0000000083000000|100%| O|  |TAMS 0x0000000082f00000| PB 0x0000000082f00000| Untracked 
|  48|0x0000000083000000, 0x0000000083100000, 0x0000000083100000|100%| O|  |TAMS 0x0000000083000000| PB 0x0000000083000000| Untracked 
|  49|0x0000000083100000, 0x0000000083200000, 0x0000000083200000|100%| O|  |TAMS 0x0000000083100000| PB 0x0000000083100000| Untracked 
|  50|0x0000000083200000, 0x0000000083300000, 0x0000000083300000|100%| O|  |TAMS 0x0000000083200000| PB 0x0000000083200000| Untracked 
|  51|0x0000000083300000, 0x0000000083400000, 0x0000000083400000|100%| O|  |TAMS 0x0000000083300000| PB 0x0000000083300000| Untracked 
|  52|0x0000000083400000, 0x0000000083500000, 0x0000000083500000|100%| O|  |TAMS 0x0000000083400000| PB 0x0000000083400000| Untracked 
|  53|0x0000000083500000, 0x0000000083600000, 0x0000000083600000|100%| O|  |TAMS 0x0000000083500000| PB 0x0000000083500000| Untracked 
|  54|0x0000000083600000, 0x0000000083600000, 0x0000000083700000|  0%| F|  |TAMS 0x0000000083600000| PB 0x0000000083600000| Untracked 
|  55|0x0000000083700000, 0x0000000083800000, 0x0000000083800000|100%| O|  |TAMS 0x0000000083700000| PB 0x0000000083700000| Untracked 
|  56|0x0000000083800000, 0x000000008381b830, 0x0000000083900000| 10%| O|  |TAMS 0x0000000083800000| PB 0x0000000083800000| Untracked 
|  57|0x0000000083900000, 0x0000000083a00000, 0x0000000083a00000|100%| O|  |TAMS 0x0000000083900000| PB 0x0000000083900000| Untracked 
|  58|0x0000000083a00000, 0x0000000083b00000, 0x0000000083b00000|100%| O|Cm|TAMS 0x0000000083a00000| PB 0x0000000083a00000| Complete 
|  59|0x0000000083b00000, 0x0000000083b00000, 0x0000000083c00000|  0%| F|  |TAMS 0x0000000083b00000| PB 0x0000000083b00000| Untracked 
|  60|0x0000000083c00000, 0x0000000083c00000, 0x0000000083d00000|  0%| F|  |TAMS 0x0000000083c00000| PB 0x0000000083c00000| Untracked 
|  61|0x0000000083d00000, 0x0000000083d00000, 0x0000000083e00000|  0%| F|  |TAMS 0x0000000083d00000| PB 0x0000000083d00000| Untracked 
|  62|0x0000000083e00000, 0x0000000083e00000, 0x0000000083f00000|  0%| F|  |TAMS 0x0000000083e00000| PB 0x0000000083e00000| Untracked 
|  63|0x0000000083f00000, 0x0000000083f00000, 0x0000000084000000|  0%| F|  |TAMS 0x0000000083f00000| PB 0x0000000083f00000| Untracked 
|  64|0x0000000084000000, 0x0000000084000000, 0x0000000084100000|  0%| F|  |TAMS 0x0000000084000000| PB 0x0000000084000000| Untracked 
|  65|0x0000000084100000, 0x0000000084200000, 0x0000000084200000|100%|HS|  |TAMS 0x0000000084100000| PB 0x0000000084100000| Complete 
|  66|0x0000000084200000, 0x0000000084300000, 0x0000000084300000|100%|HC|  |TAMS 0x0000000084200000| PB 0x0000000084200000| Complete 
|  67|0x0000000084300000, 0x0000000084300000, 0x0000000084400000|  0%| F|  |TAMS 0x0000000084300000| PB 0x0000000084300000| Untracked 
|  68|0x0000000084400000, 0x0000000084400000, 0x0000000084500000|  0%| F|  |TAMS 0x0000000084400000| PB 0x0000000084400000| Untracked 
|  69|0x0000000084500000, 0x0000000084500000, 0x0000000084600000|  0%| F|  |TAMS 0x0000000084500000| PB 0x0000000084500000| Untracked 
|  70|0x0000000084600000, 0x0000000084600000, 0x0000000084700000|  0%| F|  |TAMS 0x0000000084600000| PB 0x0000000084600000| Untracked 
|  71|0x0000000084700000, 0x0000000084700000, 0x0000000084800000|  0%| F|  |TAMS 0x0000000084700000| PB 0x0000000084700000| Untracked 
|  72|0x0000000084800000, 0x0000000084800000, 0x0000000084900000|  0%| F|  |TAMS 0x0000000084800000| PB 0x0000000084800000| Untracked 
|  73|0x0000000084900000, 0x0000000084900000, 0x0000000084a00000|  0%| F|  |TAMS 0x0000000084900000| PB 0x0000000084900000| Untracked 
|  74|0x0000000084a00000, 0x0000000084a00000, 0x0000000084b00000|  0%| F|  |TAMS 0x0000000084a00000| PB 0x0000000084a00000| Untracked 
|  75|0x0000000084b00000, 0x0000000084b00000, 0x0000000084c00000|  0%| F|  |TAMS 0x0000000084b00000| PB 0x0000000084b00000| Untracked 
|  76|0x0000000084c00000, 0x0000000084c00000, 0x0000000084d00000|  0%| F|  |TAMS 0x0000000084c00000| PB 0x0000000084c00000| Untracked 
|  77|0x0000000084d00000, 0x0000000084d00000, 0x0000000084e00000|  0%| F|  |TAMS 0x0000000084d00000| PB 0x0000000084d00000| Untracked 
|  78|0x0000000084e00000, 0x0000000084e00000, 0x0000000084f00000|  0%| F|  |TAMS 0x0000000084e00000| PB 0x0000000084e00000| Untracked 
|  79|0x0000000084f00000, 0x0000000084f00000, 0x0000000085000000|  0%| F|  |TAMS 0x0000000084f00000| PB 0x0000000084f00000| Untracked 
|  80|0x0000000085000000, 0x0000000085000000, 0x0000000085100000|  0%| F|  |TAMS 0x0000000085000000| PB 0x0000000085000000| Untracked 
|  81|0x0000000085100000, 0x0000000085100000, 0x0000000085200000|  0%| F|  |TAMS 0x0000000085100000| PB 0x0000000085100000| Untracked 
|  82|0x0000000085200000, 0x00000000852ba390, 0x0000000085300000| 72%| S|CS|TAMS 0x0000000085200000| PB 0x0000000085200000| Complete 
|  83|0x0000000085300000, 0x0000000085400000, 0x0000000085400000|100%| S|CS|TAMS 0x0000000085300000| PB 0x0000000085300000| Complete 
|  84|0x0000000085400000, 0x0000000085500000, 0x0000000085500000|100%| S|CS|TAMS 0x0000000085400000| PB 0x0000000085400000| Complete 
|  85|0x0000000085500000, 0x0000000085600000, 0x0000000085600000|100%| S|CS|TAMS 0x0000000085500000| PB 0x0000000085500000| Complete 
|  86|0x0000000085600000, 0x0000000085600000, 0x0000000085700000|  0%| F|  |TAMS 0x0000000085600000| PB 0x0000000085600000| Untracked 
|  87|0x0000000085700000, 0x0000000085800000, 0x0000000085800000|100%| S|CS|TAMS 0x0000000085700000| PB 0x0000000085700000| Complete 
|  88|0x0000000085800000, 0x0000000085900000, 0x0000000085900000|100%| S|CS|TAMS 0x0000000085800000| PB 0x0000000085800000| Complete 
|  89|0x0000000085900000, 0x0000000085900000, 0x0000000085a00000|  0%| F|  |TAMS 0x0000000085900000| PB 0x0000000085900000| Untracked 
|  90|0x0000000085a00000, 0x0000000085a00000, 0x0000000085b00000|  0%| F|  |TAMS 0x0000000085a00000| PB 0x0000000085a00000| Untracked 
|  91|0x0000000085b00000, 0x0000000085b00000, 0x0000000085c00000|  0%| F|  |TAMS 0x0000000085b00000| PB 0x0000000085b00000| Untracked 
|  92|0x0000000085c00000, 0x0000000085c00000, 0x0000000085d00000|  0%| F|  |TAMS 0x0000000085c00000| PB 0x0000000085c00000| Untracked 
|  93|0x0000000085d00000, 0x0000000085d00000, 0x0000000085e00000|  0%| F|  |TAMS 0x0000000085d00000| PB 0x0000000085d00000| Untracked 
|  94|0x0000000085e00000, 0x0000000085e00000, 0x0000000085f00000|  0%| F|  |TAMS 0x0000000085e00000| PB 0x0000000085e00000| Untracked 
|  95|0x0000000085f00000, 0x0000000085f00000, 0x0000000086000000|  0%| F|  |TAMS 0x0000000085f00000| PB 0x0000000085f00000| Untracked 
|  96|0x0000000086000000, 0x0000000086000000, 0x0000000086100000|  0%| F|  |TAMS 0x0000000086000000| PB 0x0000000086000000| Untracked 
|  97|0x0000000086100000, 0x0000000086100000, 0x0000000086200000|  0%| F|  |TAMS 0x0000000086100000| PB 0x0000000086100000| Untracked 
|  98|0x0000000086200000, 0x0000000086200000, 0x0000000086300000|  0%| F|  |TAMS 0x0000000086200000| PB 0x0000000086200000| Untracked 
|  99|0x0000000086300000, 0x0000000086300000, 0x0000000086400000|  0%| F|  |TAMS 0x0000000086300000| PB 0x0000000086300000| Untracked 
| 100|0x0000000086400000, 0x0000000086400000, 0x0000000086500000|  0%| F|  |TAMS 0x0000000086400000| PB 0x0000000086400000| Untracked 
| 101|0x0000000086500000, 0x0000000086500000, 0x0000000086600000|  0%| F|  |TAMS 0x0000000086500000| PB 0x0000000086500000| Untracked 
| 102|0x0000000086600000, 0x0000000086600000, 0x0000000086700000|  0%| F|  |TAMS 0x0000000086600000| PB 0x0000000086600000| Untracked 
| 103|0x0000000086700000, 0x0000000086700000, 0x0000000086800000|  0%| F|  |TAMS 0x0000000086700000| PB 0x0000000086700000| Untracked 
| 104|0x0000000086800000, 0x0000000086800000, 0x0000000086900000|  0%| F|  |TAMS 0x0000000086800000| PB 0x0000000086800000| Untracked 
| 105|0x0000000086900000, 0x0000000086900000, 0x0000000086a00000|  0%| F|  |TAMS 0x0000000086900000| PB 0x0000000086900000| Untracked 
| 106|0x0000000086a00000, 0x0000000086a00000, 0x0000000086b00000|  0%| F|  |TAMS 0x0000000086a00000| PB 0x0000000086a00000| Untracked 
| 107|0x0000000086b00000, 0x0000000086b00000, 0x0000000086c00000|  0%| F|  |TAMS 0x0000000086b00000| PB 0x0000000086b00000| Untracked 
| 108|0x0000000086c00000, 0x0000000086c00000, 0x0000000086d00000|  0%| F|  |TAMS 0x0000000086c00000| PB 0x0000000086c00000| Untracked 
| 109|0x0000000086d00000, 0x0000000086d00000, 0x0000000086e00000|  0%| F|  |TAMS 0x0000000086d00000| PB 0x0000000086d00000| Untracked 
| 110|0x0000000086e00000, 0x0000000086e00000, 0x0000000086f00000|  0%| F|  |TAMS 0x0000000086e00000| PB 0x0000000086e00000| Untracked 
| 111|0x0000000086f00000, 0x0000000086f00000, 0x0000000087000000|  0%| F|  |TAMS 0x0000000086f00000| PB 0x0000000086f00000| Untracked 
| 112|0x0000000087000000, 0x0000000087000000, 0x0000000087100000|  0%| F|  |TAMS 0x0000000087000000| PB 0x0000000087000000| Untracked 
| 113|0x0000000087100000, 0x0000000087100000, 0x0000000087200000|  0%| F|  |TAMS 0x0000000087100000| PB 0x0000000087100000| Untracked 
| 114|0x0000000087200000, 0x0000000087200000, 0x0000000087300000|  0%| F|  |TAMS 0x0000000087200000| PB 0x0000000087200000| Untracked 
| 115|0x0000000087300000, 0x0000000087300000, 0x0000000087400000|  0%| F|  |TAMS 0x0000000087300000| PB 0x0000000087300000| Untracked 
| 116|0x0000000087400000, 0x0000000087400000, 0x0000000087500000|  0%| F|  |TAMS 0x0000000087400000| PB 0x0000000087400000| Untracked 
| 117|0x0000000087500000, 0x0000000087500000, 0x0000000087600000|  0%| F|  |TAMS 0x0000000087500000| PB 0x0000000087500000| Untracked 
| 118|0x0000000087600000, 0x0000000087600000, 0x0000000087700000|  0%| F|  |TAMS 0x0000000087600000| PB 0x0000000087600000| Untracked 
| 119|0x0000000087700000, 0x0000000087700000, 0x0000000087800000|  0%| F|  |TAMS 0x0000000087700000| PB 0x0000000087700000| Untracked 
| 120|0x0000000087800000, 0x0000000087800000, 0x0000000087900000|  0%| F|  |TAMS 0x0000000087800000| PB 0x0000000087800000| Untracked 
| 121|0x0000000087900000, 0x0000000087900000, 0x0000000087a00000|  0%| F|  |TAMS 0x0000000087900000| PB 0x0000000087900000| Untracked 
| 122|0x0000000087a00000, 0x0000000087a00000, 0x0000000087b00000|  0%| F|  |TAMS 0x0000000087a00000| PB 0x0000000087a00000| Untracked 
| 123|0x0000000087b00000, 0x0000000087b00000, 0x0000000087c00000|  0%| F|  |TAMS 0x0000000087b00000| PB 0x0000000087b00000| Untracked 
| 124|0x0000000087c00000, 0x0000000087c80000, 0x0000000087d00000| 50%| E|  |TAMS 0x0000000087c00000| PB 0x0000000087c00000| Complete 
| 125|0x0000000087d00000, 0x0000000087e00000, 0x0000000087e00000|100%| E|CS|TAMS 0x0000000087d00000| PB 0x0000000087d00000| Complete 
| 126|0x0000000087e00000, 0x0000000087f00000, 0x0000000087f00000|100%| E|CS|TAMS 0x0000000087e00000| PB 0x0000000087e00000| Complete 
| 127|0x0000000087f00000, 0x0000000088000000, 0x0000000088000000|100%| E|CS|TAMS 0x0000000087f00000| PB 0x0000000087f00000| Complete 
| 128|0x0000000088000000, 0x0000000088100000, 0x0000000088100000|100%| E|CS|TAMS 0x0000000088000000| PB 0x0000000088000000| Complete 
| 129|0x0000000088100000, 0x0000000088200000, 0x0000000088200000|100%| E|CS|TAMS 0x0000000088100000| PB 0x0000000088100000| Complete 
| 130|0x0000000088200000, 0x0000000088300000, 0x0000000088300000|100%| E|CS|TAMS 0x0000000088200000| PB 0x0000000088200000| Complete 
| 131|0x0000000088300000, 0x0000000088400000, 0x0000000088400000|100%| E|CS|TAMS 0x0000000088300000| PB 0x0000000088300000| Complete 
| 132|0x0000000088400000, 0x0000000088500000, 0x0000000088500000|100%| E|CS|TAMS 0x0000000088400000| PB 0x0000000088400000| Complete 
| 133|0x0000000088500000, 0x0000000088600000, 0x0000000088600000|100%| E|CS|TAMS 0x0000000088500000| PB 0x0000000088500000| Complete 
| 134|0x0000000088600000, 0x0000000088700000, 0x0000000088700000|100%| E|CS|TAMS 0x0000000088600000| PB 0x0000000088600000| Complete 
| 135|0x0000000088700000, 0x0000000088800000, 0x0000000088800000|100%| E|CS|TAMS 0x0000000088700000| PB 0x0000000088700000| Complete 
| 136|0x0000000088800000, 0x0000000088900000, 0x0000000088900000|100%| E|CS|TAMS 0x0000000088800000| PB 0x0000000088800000| Complete 
| 137|0x0000000088900000, 0x0000000088a00000, 0x0000000088a00000|100%| E|CS|TAMS 0x0000000088900000| PB 0x0000000088900000| Complete 
| 138|0x0000000088a00000, 0x0000000088b00000, 0x0000000088b00000|100%| E|CS|TAMS 0x0000000088a00000| PB 0x0000000088a00000| Complete 
| 139|0x0000000088b00000, 0x0000000088c00000, 0x0000000088c00000|100%| E|CS|TAMS 0x0000000088b00000| PB 0x0000000088b00000| Complete 
| 140|0x0000000088c00000, 0x0000000088d00000, 0x0000000088d00000|100%| E|CS|TAMS 0x0000000088c00000| PB 0x0000000088c00000| Complete 
| 141|0x0000000088d00000, 0x0000000088e00000, 0x0000000088e00000|100%| E|CS|TAMS 0x0000000088d00000| PB 0x0000000088d00000| Complete 
| 142|0x0000000088e00000, 0x0000000088f00000, 0x0000000088f00000|100%| E|CS|TAMS 0x0000000088e00000| PB 0x0000000088e00000| Complete 
| 143|0x0000000088f00000, 0x0000000089000000, 0x0000000089000000|100%| E|CS|TAMS 0x0000000088f00000| PB 0x0000000088f00000| Complete 
| 144|0x0000000089000000, 0x0000000089100000, 0x0000000089100000|100%| E|CS|TAMS 0x0000000089000000| PB 0x0000000089000000| Complete 
| 145|0x0000000089100000, 0x0000000089200000, 0x0000000089200000|100%| E|CS|TAMS 0x0000000089100000| PB 0x0000000089100000| Complete 
| 146|0x0000000089200000, 0x0000000089300000, 0x0000000089300000|100%| E|CS|TAMS 0x0000000089200000| PB 0x0000000089200000| Complete 
| 147|0x0000000089300000, 0x0000000089400000, 0x0000000089400000|100%| E|CS|TAMS 0x0000000089300000| PB 0x0000000089300000| Complete 
| 148|0x0000000089400000, 0x0000000089500000, 0x0000000089500000|100%| E|CS|TAMS 0x0000000089400000| PB 0x0000000089400000| Complete 
| 149|0x0000000089500000, 0x0000000089600000, 0x0000000089600000|100%| E|CS|TAMS 0x0000000089500000| PB 0x0000000089500000| Complete 
| 150|0x0000000089600000, 0x0000000089700000, 0x0000000089700000|100%| E|CS|TAMS 0x0000000089600000| PB 0x0000000089600000| Complete 
| 151|0x0000000089700000, 0x0000000089800000, 0x0000000089800000|100%| E|CS|TAMS 0x0000000089700000| PB 0x0000000089700000| Complete 
| 152|0x0000000089800000, 0x0000000089900000, 0x0000000089900000|100%| E|CS|TAMS 0x0000000089800000| PB 0x0000000089800000| Complete 
| 153|0x0000000089900000, 0x0000000089a00000, 0x0000000089a00000|100%| E|CS|TAMS 0x0000000089900000| PB 0x0000000089900000| Complete 
| 154|0x0000000089a00000, 0x0000000089b00000, 0x0000000089b00000|100%| E|CS|TAMS 0x0000000089a00000| PB 0x0000000089a00000| Complete 
| 155|0x0000000089b00000, 0x0000000089c00000, 0x0000000089c00000|100%| E|CS|TAMS 0x0000000089b00000| PB 0x0000000089b00000| Complete 
| 156|0x0000000089c00000, 0x0000000089d00000, 0x0000000089d00000|100%| E|CS|TAMS 0x0000000089c00000| PB 0x0000000089c00000| Complete 
| 157|0x0000000089d00000, 0x0000000089e00000, 0x0000000089e00000|100%| E|CS|TAMS 0x0000000089d00000| PB 0x0000000089d00000| Complete 
| 158|0x0000000089e00000, 0x0000000089f00000, 0x0000000089f00000|100%| E|CS|TAMS 0x0000000089e00000| PB 0x0000000089e00000| Complete 
| 159|0x0000000089f00000, 0x000000008a000000, 0x000000008a000000|100%| E|CS|TAMS 0x0000000089f00000| PB 0x0000000089f00000| Complete 
| 160|0x000000008a000000, 0x000000008a100000, 0x000000008a100000|100%| E|CS|TAMS 0x000000008a000000| PB 0x000000008a000000| Complete 
| 161|0x000000008a100000, 0x000000008a200000, 0x000000008a200000|100%| E|CS|TAMS 0x000000008a100000| PB 0x000000008a100000| Complete 
| 162|0x000000008a200000, 0x000000008a300000, 0x000000008a300000|100%| E|CS|TAMS 0x000000008a200000| PB 0x000000008a200000| Complete 
| 163|0x000000008a300000, 0x000000008a400000, 0x000000008a400000|100%| E|CS|TAMS 0x000000008a300000| PB 0x000000008a300000| Complete 
| 164|0x000000008a400000, 0x000000008a500000, 0x000000008a500000|100%| E|CS|TAMS 0x000000008a400000| PB 0x000000008a400000| Complete 
| 165|0x000000008a500000, 0x000000008a600000, 0x000000008a600000|100%| E|CS|TAMS 0x000000008a500000| PB 0x000000008a500000| Complete 
| 166|0x000000008a600000, 0x000000008a700000, 0x000000008a700000|100%| E|CS|TAMS 0x000000008a600000| PB 0x000000008a600000| Complete 
| 167|0x000000008a700000, 0x000000008a800000, 0x000000008a800000|100%| E|CS|TAMS 0x000000008a700000| PB 0x000000008a700000| Complete 
| 168|0x000000008a800000, 0x000000008a900000, 0x000000008a900000|100%| E|CS|TAMS 0x000000008a800000| PB 0x000000008a800000| Complete 
| 169|0x000000008a900000, 0x000000008aa00000, 0x000000008aa00000|100%| E|CS|TAMS 0x000000008a900000| PB 0x000000008a900000| Complete 
| 170|0x000000008aa00000, 0x000000008ab00000, 0x000000008ab00000|100%| E|CS|TAMS 0x000000008aa00000| PB 0x000000008aa00000| Complete 
| 171|0x000000008ab00000, 0x000000008ac00000, 0x000000008ac00000|100%| E|CS|TAMS 0x000000008ab00000| PB 0x000000008ab00000| Complete 
| 172|0x000000008ac00000, 0x000000008ad00000, 0x000000008ad00000|100%| E|CS|TAMS 0x000000008ac00000| PB 0x000000008ac00000| Complete 
| 173|0x000000008ad00000, 0x000000008ae00000, 0x000000008ae00000|100%| E|CS|TAMS 0x000000008ad00000| PB 0x000000008ad00000| Complete 
| 174|0x000000008ae00000, 0x000000008af00000, 0x000000008af00000|100%| E|CS|TAMS 0x000000008ae00000| PB 0x000000008ae00000| Complete 
| 175|0x000000008af00000, 0x000000008b000000, 0x000000008b000000|100%| E|CS|TAMS 0x000000008af00000| PB 0x000000008af00000| Complete 
| 176|0x000000008b000000, 0x000000008b100000, 0x000000008b100000|100%| E|CS|TAMS 0x000000008b000000| PB 0x000000008b000000| Complete 
| 177|0x000000008b100000, 0x000000008b200000, 0x000000008b200000|100%| E|CS|TAMS 0x000000008b100000| PB 0x000000008b100000| Complete 
| 178|0x000000008b200000, 0x000000008b300000, 0x000000008b300000|100%| E|CS|TAMS 0x000000008b200000| PB 0x000000008b200000| Complete 
| 179|0x000000008b300000, 0x000000008b400000, 0x000000008b400000|100%| E|CS|TAMS 0x000000008b300000| PB 0x000000008b300000| Complete 
| 180|0x000000008b400000, 0x000000008b500000, 0x000000008b500000|100%| E|CS|TAMS 0x000000008b400000| PB 0x000000008b400000| Complete 
| 181|0x000000008b500000, 0x000000008b600000, 0x000000008b600000|100%| E|CS|TAMS 0x000000008b500000| PB 0x000000008b500000| Complete 
| 182|0x000000008b600000, 0x000000008b700000, 0x000000008b700000|100%| E|CS|TAMS 0x000000008b600000| PB 0x000000008b600000| Complete 
| 183|0x000000008b700000, 0x000000008b800000, 0x000000008b800000|100%| E|CS|TAMS 0x000000008b700000| PB 0x000000008b700000| Complete 
| 184|0x000000008b800000, 0x000000008b900000, 0x000000008b900000|100%| E|CS|TAMS 0x000000008b800000| PB 0x000000008b800000| Complete 
| 185|0x000000008b900000, 0x000000008ba00000, 0x000000008ba00000|100%| E|CS|TAMS 0x000000008b900000| PB 0x000000008b900000| Complete 
| 186|0x000000008ba00000, 0x000000008bb00000, 0x000000008bb00000|100%| E|CS|TAMS 0x000000008ba00000| PB 0x000000008ba00000| Complete 
| 187|0x000000008bb00000, 0x000000008bc00000, 0x000000008bc00000|100%| E|CS|TAMS 0x000000008bb00000| PB 0x000000008bb00000| Complete 
| 188|0x000000008bc00000, 0x000000008bd00000, 0x000000008bd00000|100%| E|CS|TAMS 0x000000008bc00000| PB 0x000000008bc00000| Complete 
| 189|0x000000008bd00000, 0x000000008be00000, 0x000000008be00000|100%| E|CS|TAMS 0x000000008bd00000| PB 0x000000008bd00000| Complete 
| 190|0x000000008be00000, 0x000000008bf00000, 0x000000008bf00000|100%| E|CS|TAMS 0x000000008be00000| PB 0x000000008be00000| Complete 
| 191|0x000000008bf00000, 0x000000008c000000, 0x000000008c000000|100%| E|CS|TAMS 0x000000008bf00000| PB 0x000000008bf00000| Complete 
| 192|0x000000008c000000, 0x000000008c100000, 0x000000008c100000|100%| E|CS|TAMS 0x000000008c000000| PB 0x000000008c000000| Complete 
| 193|0x000000008c100000, 0x000000008c200000, 0x000000008c200000|100%| E|CS|TAMS 0x000000008c100000| PB 0x000000008c100000| Complete 
| 194|0x000000008c200000, 0x000000008c300000, 0x000000008c300000|100%| E|CS|TAMS 0x000000008c200000| PB 0x000000008c200000| Complete 
| 195|0x000000008c300000, 0x000000008c400000, 0x000000008c400000|100%| E|CS|TAMS 0x000000008c300000| PB 0x000000008c300000| Complete 
| 196|0x000000008c400000, 0x000000008c500000, 0x000000008c500000|100%| E|CS|TAMS 0x000000008c400000| PB 0x000000008c400000| Complete 
| 197|0x000000008c500000, 0x000000008c600000, 0x000000008c600000|100%| E|CS|TAMS 0x000000008c500000| PB 0x000000008c500000| Complete 
| 198|0x000000008c600000, 0x000000008c700000, 0x000000008c700000|100%| E|CS|TAMS 0x000000008c600000| PB 0x000000008c600000| Complete 
| 199|0x000000008c700000, 0x000000008c800000, 0x000000008c800000|100%| E|CS|TAMS 0x000000008c700000| PB 0x000000008c700000| Complete 
| 200|0x000000008c800000, 0x000000008c900000, 0x000000008c900000|100%| E|CS|TAMS 0x000000008c800000| PB 0x000000008c800000| Complete 
| 201|0x000000008c900000, 0x000000008ca00000, 0x000000008ca00000|100%| E|CS|TAMS 0x000000008c900000| PB 0x000000008c900000| Complete 
| 202|0x000000008ca00000, 0x000000008cb00000, 0x000000008cb00000|100%| E|CS|TAMS 0x000000008ca00000| PB 0x000000008ca00000| Complete 
| 203|0x000000008cb00000, 0x000000008cc00000, 0x000000008cc00000|100%| E|CS|TAMS 0x000000008cb00000| PB 0x000000008cb00000| Complete 
| 204|0x000000008cc00000, 0x000000008cd00000, 0x000000008cd00000|100%| E|CS|TAMS 0x000000008cc00000| PB 0x000000008cc00000| Complete 
| 205|0x000000008cd00000, 0x000000008ce00000, 0x000000008ce00000|100%| E|CS|TAMS 0x000000008cd00000| PB 0x000000008cd00000| Complete 
| 206|0x000000008ce00000, 0x000000008cf00000, 0x000000008cf00000|100%| E|CS|TAMS 0x000000008ce00000| PB 0x000000008ce00000| Complete 
| 207|0x000000008cf00000, 0x000000008d000000, 0x000000008d000000|100%| E|CS|TAMS 0x000000008cf00000| PB 0x000000008cf00000| Complete 
| 208|0x000000008d000000, 0x000000008d100000, 0x000000008d100000|100%| E|CS|TAMS 0x000000008d000000| PB 0x000000008d000000| Complete 
| 209|0x000000008d100000, 0x000000008d200000, 0x000000008d200000|100%| E|CS|TAMS 0x000000008d100000| PB 0x000000008d100000| Complete 
| 210|0x000000008d200000, 0x000000008d300000, 0x000000008d300000|100%| E|CS|TAMS 0x000000008d200000| PB 0x000000008d200000| Complete 
| 211|0x000000008d300000, 0x000000008d400000, 0x000000008d400000|100%| E|CS|TAMS 0x000000008d300000| PB 0x000000008d300000| Complete 
| 212|0x000000008d400000, 0x000000008d500000, 0x000000008d500000|100%| E|CS|TAMS 0x000000008d400000| PB 0x000000008d400000| Complete 
| 213|0x000000008d500000, 0x000000008d600000, 0x000000008d600000|100%| E|CS|TAMS 0x000000008d500000| PB 0x000000008d500000| Complete 
| 214|0x000000008d600000, 0x000000008d700000, 0x000000008d700000|100%| E|CS|TAMS 0x000000008d600000| PB 0x000000008d600000| Complete 
| 215|0x000000008d700000, 0x000000008d800000, 0x000000008d800000|100%| E|CS|TAMS 0x000000008d700000| PB 0x000000008d700000| Complete 
| 216|0x000000008d800000, 0x000000008d900000, 0x000000008d900000|100%| E|CS|TAMS 0x000000008d800000| PB 0x000000008d800000| Complete 
| 255|0x000000008ff00000, 0x0000000090000000, 0x0000000090000000|100%| E|CS|TAMS 0x000000008ff00000| PB 0x000000008ff00000| Complete 
|2037|0x00000000ff500000, 0x00000000ff600000, 0x00000000ff600000|100%| E|CS|TAMS 0x00000000ff500000| PB 0x00000000ff500000| Complete 
|2038|0x00000000ff600000, 0x00000000ff700000, 0x00000000ff700000|100%| O|  |TAMS 0x00000000ff600000| PB 0x00000000ff600000| Untracked 
|2039|0x00000000ff700000, 0x00000000ff800000, 0x00000000ff800000|100%| O|  |TAMS 0x00000000ff700000| PB 0x00000000ff700000| Untracked 
|2040|0x00000000ff800000, 0x00000000ff900000, 0x00000000ff900000|100%| O|  |TAMS 0x00000000ff800000| PB 0x00000000ff800000| Untracked 
|2041|0x00000000ff900000, 0x00000000ffa00000, 0x00000000ffa00000|100%| O|  |TAMS 0x00000000ff900000| PB 0x00000000ff900000| Untracked 
|2042|0x00000000ffa00000, 0x00000000ffb00000, 0x00000000ffb00000|100%| O|  |TAMS 0x00000000ffa00000| PB 0x00000000ffa00000| Untracked 
|2043|0x00000000ffb00000, 0x00000000ffc00000, 0x00000000ffc00000|100%| O|  |TAMS 0x00000000ffb00000| PB 0x00000000ffb00000| Untracked 
|2044|0x00000000ffc00000, 0x00000000ffd00000, 0x00000000ffd00000|100%| O|  |TAMS 0x00000000ffc00000| PB 0x00000000ffc00000| Untracked 
|2045|0x00000000ffd00000, 0x00000000ffe00000, 0x00000000ffe00000|100%| E|CS|TAMS 0x00000000ffd00000| PB 0x00000000ffd00000| Complete 
|2046|0x00000000ffe00000, 0x00000000fff00000, 0x00000000fff00000|100%| O|  |TAMS 0x00000000ffe00000| PB 0x00000000ffe00000| Untracked 
|2047|0x00000000fff00000, 0x0000000100000000, 0x0000000100000000|100%| O|  |TAMS 0x00000000fff00000| PB 0x00000000fff00000| Untracked 

Card table byte_map: [0x0000015b6abf0000,0x0000015b6aff0000] _byte_map_base: 0x0000015b6a7f0000

Marking Bits: (CMBitMap*) 0x0000015b581a6fd0
 Bits: [0x0000015b6aff0000, 0x0000015b6cff0000)

Polling page: 0x0000015b55fb0000

Metaspace:

Usage:
  Non-class:     49.24 MB used.
      Class:      7.51 MB used.
       Both:     56.75 MB used.

Virtual space:
  Non-class space:       64.00 MB reserved,      49.88 MB ( 78%) committed,  1 nodes.
      Class space:        1.00 GB reserved,       8.19 MB ( <1%) committed,  1 nodes.
             Both:        1.06 GB reserved,      58.06 MB (  5%) committed. 

Chunk freelists:
   Non-Class:  13.81 MB
       Class:  7.87 MB
        Both:  21.68 MB

MaxMetaspaceSize: unlimited
CompressedClassSpaceSize: 1.00 GB
Initial GC threshold: 21.00 MB
Current GC threshold: 96.81 MB
CDS: off
 - commit_granule_bytes: 65536.
 - commit_granule_words: 8192.
 - virtual_space_node_default_size: 8388608.
 - enlarge_chunks_in_place: 1.
 - use_allocation_guard: 0.


Internal statistics:

num_allocs_failed_limit: 6.
num_arena_births: 2444.
num_arena_deaths: 16.
num_vsnodes_births: 2.
num_vsnodes_deaths: 0.
num_space_committed: 929.
num_space_uncommitted: 0.
num_chunks_returned_to_freelist: 28.
num_chunks_taken_from_freelist: 4570.
num_chunk_merges: 9.
num_chunk_splits: 3006.
num_chunks_enlarged: 1918.
num_inconsistent_stats: 0.

CodeHeap 'non-profiled nmethods': size=120000Kb used=5278Kb max_used=5293Kb free=114721Kb
 bounds [0x0000015b62d70000, 0x0000015b632b0000, 0x0000015b6a2a0000]
CodeHeap 'profiled nmethods': size=120000Kb used=10733Kb max_used=11468Kb free=109266Kb
 bounds [0x0000015b5b2a0000, 0x0000015b5be70000, 0x0000015b627d0000]
CodeHeap 'non-nmethods': size=5760Kb used=2718Kb max_used=2883Kb free=3041Kb
 bounds [0x0000015b627d0000, 0x0000015b62ab0000, 0x0000015b62d70000]
 total_blobs=6742 nmethods=5875 adapters=771
 compilation: enabled
              stopped_count=0, restarted_count=0
 full_count=0

Compilation events (20 events):
Event: 25.107 Thread 0x0000015b6fdef340 7425       2       java.lang.invoke.LambdaForm$MH/0x00000001001a0000::invoke (32 bytes)
Event: 25.107 Thread 0x0000015b6fdef340 nmethod 7425 0x0000015b5b5b7e90 code [0x0000015b5b5b8040, 0x0000015b5b5b81e0]
Event: 25.107 Thread 0x0000015b6fdef340 7426       2       java.lang.invoke.DirectMethodHandle$Holder::invokeStatic (21 bytes)
Event: 25.107 Thread 0x0000015b6fdef340 nmethod 7426 0x0000015b5b5b7a90 code [0x0000015b5b5b7c40, 0x0000015b5b5b7d98]
Event: 25.107 Thread 0x0000015b6fdef340 7427       2       java.lang.StringConcatHelper::prepend (22 bytes)
Event: 25.107 Thread 0x0000015b6fdef340 nmethod 7427 0x0000015b5b5b7690 code [0x0000015b5b5b7840, 0x0000015b5b5b7978]
Event: 25.234 Thread 0x0000015b7a0983c0 nmethod 7421 0x0000015b63294710 code [0x0000015b63294e80, 0x0000015b63298bb0]
Event: 25.234 Thread 0x0000015b7a0983c0 7424       4       org.objectweb.asm.ClassWriter::toByteArray (1535 bytes)
Event: 25.471 Thread 0x0000015b6fdef340 7428       3       org.objectweb.asm.MethodWriter::visitVarInsn (302 bytes)
Event: 25.472 Thread 0x0000015b6fdef340 nmethod 7428 0x0000015b5b352290 code [0x0000015b5b352500, 0x0000015b5b352e58]
Event: 25.545 Thread 0x0000015b6fdef340 7430       3       org.objectweb.asm.MethodVisitor::visitLookupSwitchInsn (18 bytes)
Event: 25.545 Thread 0x0000015b6fdef340 nmethod 7430 0x0000015b5b3cf490 code [0x0000015b5b3cf640, 0x0000015b5b3cf840]
Event: 25.629 Thread 0x0000015b7a0983c0 nmethod 7424 0x0000015b630f5890 code [0x0000015b630f61e0, 0x0000015b630fb490]
Event: 25.630 Thread 0x0000015b7a0983c0 7406       4       org.gradle.internal.classpath.InterceptorDeclaration_JvmBytecodeImpl::visitMethodInsn (4815 bytes)
Event: 26.101 Thread 0x0000015b6fdef340 7434       2       java.util.Collections$SingletonSet::contains (9 bytes)
Event: 26.102 Thread 0x0000015b6fdef340 nmethod 7434 0x0000015b5b526f90 code [0x0000015b5b527140, 0x0000015b5b5272b0]
Event: 26.102 Thread 0x0000015b6fdef340 7435       2       java.util.Collections::eq (22 bytes)
Event: 26.102 Thread 0x0000015b6fdef340 nmethod 7435 0x0000015b5b8c0d10 code [0x0000015b5b8c0ec0, 0x0000015b5b8c0ff8]
Event: 26.102 Thread 0x0000015b6fdef340 7436       2       sun.management.MemoryPoolImpl::getType (15 bytes)
Event: 26.102 Thread 0x0000015b6fdef340 nmethod 7436 0x0000015b5b94e690 code [0x0000015b5b94e840, 0x0000015b5b94e990]

GC Heap History (20 events):
Event: 19.555 GC heap before
{Heap before GC invocations=24 (full 0):
 garbage-first heap   total 175104K, used 160340K [0x0000000080000000, 0x0000000100000000)
  region size 1024K, 89 young (91136K), 4 survivors (4096K)
 Metaspace       used 57264K, committed 58624K, reserved 1114112K
  class space    used 7590K, committed 8256K, reserved 1048576K
}
Event: 19.558 GC heap after
{Heap after GC invocations=25 (full 0):
 garbage-first heap   total 175104K, used 74138K [0x0000000080000000, 0x0000000100000000)
  region size 1024K, 5 young (5120K), 5 survivors (5120K)
 Metaspace       used 57264K, committed 58624K, reserved 1114112K
  class space    used 7590K, committed 8256K, reserved 1048576K
}
Event: 20.335 GC heap before
{Heap before GC invocations=26 (full 0):
 garbage-first heap   total 175104K, used 159130K [0x0000000080000000, 0x0000000100000000)
  region size 1024K, 88 young (90112K), 5 survivors (5120K)
 Metaspace       used 57268K, committed 58624K, reserved 1114112K
  class space    used 7591K, committed 8256K, reserved 1048576K
}
Event: 20.342 GC heap after
{Heap after GC invocations=27 (full 0):
 garbage-first heap   total 175104K, used 75069K [0x0000000080000000, 0x0000000100000000)
  region size 1024K, 6 young (6144K), 6 survivors (6144K)
 Metaspace       used 57268K, committed 58624K, reserved 1114112K
  class space    used 7591K, committed 8256K, reserved 1048576K
}
Event: 21.123 GC heap before
{Heap before GC invocations=27 (full 0):
 garbage-first heap   total 175104K, used 158013K [0x0000000080000000, 0x0000000100000000)
  region size 1024K, 87 young (89088K), 6 survivors (6144K)
 Metaspace       used 57269K, committed 58624K, reserved 1114112K
  class space    used 7591K, committed 8256K, reserved 1048576K
}
Event: 21.143 GC heap after
{Heap after GC invocations=28 (full 0):
 garbage-first heap   total 175104K, used 75986K [0x0000000080000000, 0x0000000100000000)
  region size 1024K, 7 young (7168K), 7 survivors (7168K)
 Metaspace       used 57269K, committed 58624K, reserved 1114112K
  class space    used 7591K, committed 8256K, reserved 1048576K
}
Event: 21.969 GC heap before
{Heap before GC invocations=28 (full 0):
 garbage-first heap   total 175104K, used 156882K [0x0000000080000000, 0x0000000100000000)
  region size 1024K, 86 young (88064K), 7 survivors (7168K)
 Metaspace       used 57272K, committed 58624K, reserved 1114112K
  class space    used 7591K, committed 8256K, reserved 1048576K
}
Event: 21.973 GC heap after
{Heap after GC invocations=29 (full 0):
 garbage-first heap   total 175104K, used 76663K [0x0000000080000000, 0x0000000100000000)
  region size 1024K, 7 young (7168K), 7 survivors (7168K)
 Metaspace       used 57272K, committed 58624K, reserved 1114112K
  class space    used 7591K, committed 8256K, reserved 1048576K
}
Event: 22.423 GC heap before
{Heap before GC invocations=30 (full 0):
 garbage-first heap   total 175104K, used 156535K [0x0000000080000000, 0x0000000100000000)
  region size 1024K, 85 young (87040K), 7 survivors (7168K)
 Metaspace       used 57273K, committed 58624K, reserved 1114112K
  class space    used 7591K, committed 8256K, reserved 1048576K
}
Event: 22.427 GC heap after
{Heap after GC invocations=31 (full 0):
 garbage-first heap   total 175104K, used 77600K [0x0000000080000000, 0x0000000100000000)
  region size 1024K, 7 young (7168K), 7 survivors (7168K)
 Metaspace       used 57273K, committed 58624K, reserved 1114112K
  class space    used 7591K, committed 8256K, reserved 1048576K
}
Event: 22.736 GC heap before
{Heap before GC invocations=31 (full 0):
 garbage-first heap   total 175104K, used 157472K [0x0000000080000000, 0x0000000100000000)
  region size 1024K, 85 young (87040K), 7 survivors (7168K)
 Metaspace       used 57455K, committed 58752K, reserved 1114112K
  class space    used 7622K, committed 8256K, reserved 1048576K
}
Event: 22.747 GC heap after
{Heap after GC invocations=32 (full 0):
 garbage-first heap   total 175104K, used 72342K [0x0000000080000000, 0x0000000100000000)
  region size 1024K, 2 young (2048K), 2 survivors (2048K)
 Metaspace       used 57455K, committed 58752K, reserved 1114112K
  class space    used 7622K, committed 8256K, reserved 1048576K
}
Event: 22.910 GC heap before
{Heap before GC invocations=32 (full 0):
 garbage-first heap   total 175104K, used 162454K [0x0000000080000000, 0x0000000100000000)
  region size 1024K, 90 young (92160K), 2 survivors (2048K)
 Metaspace       used 57455K, committed 58752K, reserved 1114112K
  class space    used 7622K, committed 8256K, reserved 1048576K
}
Event: 22.964 GC heap after
{Heap after GC invocations=33 (full 0):
 garbage-first heap   total 234496K, used 73401K [0x0000000080000000, 0x0000000100000000)
  region size 1024K, 3 young (3072K), 3 survivors (3072K)
 Metaspace       used 57455K, committed 58752K, reserved 1114112K
  class space    used 7622K, committed 8256K, reserved 1048576K
}
Event: 23.747 GC heap before
{Heap before GC invocations=34 (full 0):
 garbage-first heap   total 234496K, used 210617K [0x0000000080000000, 0x0000000100000000)
  region size 1024K, 137 young (140288K), 3 survivors (3072K)
 Metaspace       used 57883K, committed 59264K, reserved 1114112K
  class space    used 7660K, committed 8320K, reserved 1048576K
}
Event: 23.751 GC heap after
{Heap after GC invocations=35 (full 0):
 garbage-first heap   total 234496K, used 74137K [0x0000000080000000, 0x0000000100000000)
  region size 1024K, 4 young (4096K), 4 survivors (4096K)
 Metaspace       used 57883K, committed 59264K, reserved 1114112K
  class space    used 7660K, committed 8320K, reserved 1048576K
}
Event: 24.373 GC heap before
{Heap before GC invocations=35 (full 0):
 garbage-first heap   total 234496K, used 209305K [0x0000000080000000, 0x0000000100000000)
  region size 1024K, 137 young (140288K), 4 survivors (4096K)
 Metaspace       used 58102K, committed 59456K, reserved 1114112K
  class space    used 7690K, committed 8384K, reserved 1048576K
}
Event: 24.379 GC heap after
{Heap after GC invocations=36 (full 0):
 garbage-first heap   total 234496K, used 74981K [0x0000000080000000, 0x0000000100000000)
  region size 1024K, 6 young (6144K), 6 survivors (6144K)
 Metaspace       used 58102K, committed 59456K, reserved 1114112K
  class space    used 7690K, committed 8384K, reserved 1048576K
}
Event: 25.355 GC heap before
{Heap before GC invocations=36 (full 0):
 garbage-first heap   total 234496K, used 208101K [0x0000000080000000, 0x0000000100000000)
  region size 1024K, 137 young (140288K), 6 survivors (6144K)
 Metaspace       used 58106K, committed 59456K, reserved 1114112K
  class space    used 7691K, committed 8384K, reserved 1048576K
}
Event: 25.359 GC heap after
{Heap after GC invocations=37 (full 0):
 garbage-first heap   total 234496K, used 75606K [0x0000000080000000, 0x0000000100000000)
  region size 1024K, 6 young (6144K), 6 survivors (6144K)
 Metaspace       used 58106K, committed 59456K, reserved 1114112K
  class space    used 7691K, committed 8384K, reserved 1048576K
}

Dll operation events (3 events):
Event: 0.007 Loaded shared library C:\Program Files\Android\Android Studio1\jbr\bin\java.dll
Event: 0.119 Loaded shared library C:\Program Files\Android\Android Studio1\jbr\bin\zip.dll
Event: 0.815 Loaded shared library C:\Program Files\Android\Android Studio1\jbr\bin\verify.dll

Deoptimization events (20 events):
Event: 25.917 Thread 0x0000015b76ef52a0 DEOPT PACKING pc=0x0000015b5bc73ca7 sp=0x00000037c29fdf30
Event: 25.917 Thread 0x0000015b76ef52a0 DEOPT UNPACKING pc=0x0000015b62824e42 sp=0x00000037c29fd640 mode 0
Event: 25.936 Thread 0x0000015b76ef4580 DEOPT PACKING pc=0x0000015b5bc73ca7 sp=0x00000037c2cfdd50
Event: 25.936 Thread 0x0000015b76ef4580 DEOPT UNPACKING pc=0x0000015b62824e42 sp=0x00000037c2cfd460 mode 0
Event: 25.938 Thread 0x0000015b76ef4580 DEOPT PACKING pc=0x0000015b5bc73ca7 sp=0x00000037c2cfdd50
Event: 25.938 Thread 0x0000015b76ef4580 DEOPT UNPACKING pc=0x0000015b62824e42 sp=0x00000037c2cfd460 mode 0
Event: 25.942 Thread 0x0000015b76ef4580 DEOPT PACKING pc=0x0000015b5bc73ca7 sp=0x00000037c2cfdd50
Event: 25.942 Thread 0x0000015b76ef4580 DEOPT UNPACKING pc=0x0000015b62824e42 sp=0x00000037c2cfd460 mode 0
Event: 25.972 Thread 0x0000015b76ef52a0 DEOPT PACKING pc=0x0000015b5bc73ca7 sp=0x00000037c29fdf30
Event: 25.972 Thread 0x0000015b76ef52a0 DEOPT UNPACKING pc=0x0000015b62824e42 sp=0x00000037c29fd640 mode 0
Event: 26.008 Thread 0x0000015b76ef4580 DEOPT PACKING pc=0x0000015b5bc73ca7 sp=0x00000037c2cfdd50
Event: 26.008 Thread 0x0000015b76ef4580 DEOPT UNPACKING pc=0x0000015b62824e42 sp=0x00000037c2cfd460 mode 0
Event: 26.010 Thread 0x0000015b76ef52a0 DEOPT PACKING pc=0x0000015b5bc73ca7 sp=0x00000037c29fdf30
Event: 26.010 Thread 0x0000015b76ef52a0 DEOPT UNPACKING pc=0x0000015b62824e42 sp=0x00000037c29fd640 mode 0
Event: 26.015 Thread 0x0000015b76ef52a0 DEOPT PACKING pc=0x0000015b5bc73ca7 sp=0x00000037c29fdf30
Event: 26.015 Thread 0x0000015b76ef52a0 DEOPT UNPACKING pc=0x0000015b62824e42 sp=0x00000037c29fd640 mode 0
Event: 26.101 Thread 0x0000015b76ef4580 DEOPT PACKING pc=0x0000015b5bc73ca7 sp=0x00000037c2cfdd50
Event: 26.101 Thread 0x0000015b76ef4580 DEOPT UNPACKING pc=0x0000015b62824e42 sp=0x00000037c2cfd460 mode 0
Event: 26.118 Thread 0x0000015b76ef4580 DEOPT PACKING pc=0x0000015b5bc73ca7 sp=0x00000037c2cfdd50
Event: 26.118 Thread 0x0000015b76ef4580 DEOPT UNPACKING pc=0x0000015b62824e42 sp=0x00000037c2cfd460 mode 0

Classes loaded (20 events):
Event: 12.369 Loading class java/util/concurrent/LinkedBlockingDeque$Itr
Event: 12.369 Loading class java/util/concurrent/LinkedBlockingDeque$AbstractItr
Event: 12.369 Loading class java/util/concurrent/LinkedBlockingDeque$AbstractItr done
Event: 12.369 Loading class java/util/concurrent/LinkedBlockingDeque$Itr done
Event: 13.943 Loading class java/lang/foreign/MemorySegment
Event: 13.944 Loading class java/lang/foreign/MemorySegment done
Event: 22.646 Loading class java/util/HashMap$EntrySpliterator
Event: 22.646 Loading class java/util/HashMap$EntrySpliterator done
Event: 22.646 Loading class java/util/stream/SortedOps$OfRef
Event: 22.646 Loading class java/util/stream/ReferencePipeline$StatefulOp
Event: 22.646 Loading class java/util/stream/ReferencePipeline$StatefulOp done
Event: 22.646 Loading class java/util/stream/SortedOps$OfRef done
Event: 22.646 Loading class java/util/stream/SortedOps$RefSortingSink
Event: 22.646 Loading class java/util/stream/SortedOps$AbstractRefSortingSink
Event: 22.646 Loading class java/util/stream/SortedOps$AbstractRefSortingSink done
Event: 22.646 Loading class java/util/stream/SortedOps$RefSortingSink done
Event: 23.201 Loading class java/lang/ThreadDeath
Event: 23.201 Loading class java/lang/ThreadDeath done
Event: 23.201 Loading class sun/misc/SharedSecrets
Event: 23.201 Loading class sun/misc/SharedSecrets done

Classes unloaded (10 events):
Event: 11.380 Thread 0x0000015b6fd2cf30 Unloading class 0x000000010048bc00 'java/lang/invoke/LambdaForm$MH+0x000000010048bc00'
Event: 11.380 Thread 0x0000015b6fd2cf30 Unloading class 0x000000010048b800 'java/lang/invoke/LambdaForm$DMH+0x000000010048b800'
Event: 11.380 Thread 0x0000015b6fd2cf30 Unloading class 0x000000010048b400 'java/lang/invoke/LambdaForm$MH+0x000000010048b400'
Event: 11.380 Thread 0x0000015b6fd2cf30 Unloading class 0x000000010048ac00 'java/lang/invoke/LambdaForm$DMH+0x000000010048ac00'
Event: 11.380 Thread 0x0000015b6fd2cf30 Unloading class 0x000000010048a400 'java/lang/invoke/LambdaForm$DMH+0x000000010048a400'
Event: 11.380 Thread 0x0000015b6fd2cf30 Unloading class 0x000000010048a000 'java/lang/invoke/LambdaForm$DMH+0x000000010048a000'
Event: 11.380 Thread 0x0000015b6fd2cf30 Unloading class 0x0000000100489400 'java/lang/invoke/LambdaForm$DMH+0x0000000100489400'
Event: 16.892 Thread 0x0000015b6fd2cf30 Unloading class 0x0000000100768948 '_BuildScript_$_run_closure1$_closure2'
Event: 16.892 Thread 0x0000015b6fd2cf30 Unloading class 0x0000000100768548 '_BuildScript_$_run_closure1'
Event: 16.892 Thread 0x0000015b6fd2cf30 Unloading class 0x0000000100768000 '_BuildScript_'

Classes redefined (0 events):
No events

Internal exceptions (20 events):
Event: 24.112 Thread 0x0000015b76ef3860 Exception <a 'sun/nio/fs/WindowsException'{0x000000008b40eae0}> (0x000000008b40eae0) 
thrown [s\src\hotspot\share\prims\jni.cpp, line 535]
Event: 24.113 Thread 0x0000015b76ef31d0 Exception <a 'sun/nio/fs/WindowsException'{0x000000008b7ee078}> (0x000000008b7ee078) 
thrown [s\src\hotspot\share\prims\jni.cpp, line 535]
Event: 24.113 Thread 0x0000015b76ef3ef0 Exception <a 'sun/nio/fs/WindowsException'{0x000000008b48fd58}> (0x000000008b48fd58) 
thrown [s\src\hotspot\share\prims\jni.cpp, line 535]
Event: 24.114 Thread 0x0000015b76ef2b40 Exception <a 'sun/nio/fs/WindowsException'{0x000000008b571350}> (0x000000008b571350) 
thrown [s\src\hotspot\share\prims\jni.cpp, line 535]
Event: 24.117 Thread 0x0000015b76ef4580 Exception <a 'sun/nio/fs/WindowsException'{0x000000008b590b10}> (0x000000008b590b10) 
thrown [s\src\hotspot\share\prims\jni.cpp, line 535]
Event: 24.117 Thread 0x0000015b76ef03e0 Exception <a 'sun/nio/fs/WindowsException'{0x000000008b525030}> (0x000000008b525030) 
thrown [s\src\hotspot\share\prims\jni.cpp, line 535]
Event: 24.117 Thread 0x0000015b76ef52a0 Exception <a 'sun/nio/fs/WindowsException'{0x000000008b5b06d0}> (0x000000008b5b06d0) 
thrown [s\src\hotspot\share\prims\jni.cpp, line 535]
Event: 24.118 Thread 0x0000015b76eefd50 Exception <a 'sun/nio/fs/WindowsException'{0x000000008b68dd40}> (0x000000008b68dd40) 
thrown [s\src\hotspot\share\prims\jni.cpp, line 535]
Event: 24.131 Thread 0x0000015b76ef03e0 Exception <a 'sun/nio/fs/WindowsException'{0x000000008b23f180}> (0x000000008b23f180) 
thrown [s\src\hotspot\share\prims\jni.cpp, line 535]
Event: 24.132 Thread 0x0000015b76ef03e0 Exception <a 'sun/nio/fs/WindowsException'{0x000000008b23f380}> (0x000000008b23f380) 
thrown [s\src\hotspot\share\prims\jni.cpp, line 535]
Event: 24.134 Thread 0x0000015b76ef3ef0 Exception <a 'sun/nio/fs/WindowsException'{0x000000008ae5d158}> (0x000000008ae5d158) 
thrown [s\src\hotspot\share\prims\jni.cpp, line 535]
Event: 24.135 Thread 0x0000015b76ef3ef0 Exception <a 'sun/nio/fs/WindowsException'{0x000000008ae5d2f0}> (0x000000008ae5d2f0) 
thrown [s\src\hotspot\share\prims\jni.cpp, line 535]
Event: 24.152 Thread 0x0000015b76ef31d0 Exception <a 'sun/nio/fs/WindowsException'{0x0000000089b122c8}> (0x0000000089b122c8) 
thrown [s\src\hotspot\share\prims\jni.cpp, line 535]
Event: 24.153 Thread 0x0000015b76ef31d0 Exception <a 'sun/nio/fs/WindowsException'{0x0000000089b12488}> (0x0000000089b12488) 
thrown [s\src\hotspot\share\prims\jni.cpp, line 535]
Event: 24.177 Thread 0x0000015b76ef3860 Exception <a 'sun/nio/fs/WindowsException'{0x0000000089449740}> (0x0000000089449740) 
thrown [s\src\hotspot\share\prims\jni.cpp, line 535]
Event: 24.178 Thread 0x0000015b76ef3860 Exception <a 'sun/nio/fs/WindowsException'{0x00000000894498a8}> (0x00000000894498a8) 
thrown [s\src\hotspot\share\prims\jni.cpp, line 535]
Event: 24.370 Thread 0x0000015b76ef2b40 Exception <a 'sun/nio/fs/WindowsException'{0x000000008585c030}> (0x000000008585c030) 
thrown [s\src\hotspot\share\prims\jni.cpp, line 535]
Event: 24.371 Thread 0x0000015b76ef2b40 Exception <a 'sun/nio/fs/WindowsException'{0x000000008585c1f8}> (0x000000008585c1f8) 
thrown [s\src\hotspot\share\prims\jni.cpp, line 535]
Event: 24.476 Thread 0x0000015b76eefd50 Exception <a 'sun/nio/fs/WindowsException'{0x000000008c92b600}> (0x000000008c92b600) 
thrown [s\src\hotspot\share\prims\jni.cpp, line 535]
Event: 24.477 Thread 0x0000015b76eefd50 Exception <a 'sun/nio/fs/WindowsException'{0x000000008c92b788}> (0x000000008c92b788) 
thrown [s\src\hotspot\share\prims\jni.cpp, line 535]

ZGC Phase Switch (0 events):
No events

VM Operations (20 events):
Event: 22.964 Executing VM operation: G1CollectForAllocation (G1 Evacuation Pause) done
Event: 22.985 Executing VM operation: G1PauseRemark
Event: 22.998 Executing VM operation: G1PauseRemark done
Event: 23.027 Executing VM operation: G1PauseCleanup
Event: 23.027 Executing VM operation: G1PauseCleanup done
Event: 23.248 Executing VM operation: ICBufferFull
Event: 23.248 Executing VM operation: ICBufferFull done
Event: 23.747 Executing VM operation: G1CollectForAllocation (G1 Evacuation Pause)
Event: 23.751 Executing VM operation: G1CollectForAllocation (G1 Evacuation Pause) done
Event: 24.102 Executing VM operation: ICBufferFull
Event: 24.102 Executing VM operation: ICBufferFull done
Event: 24.373 Executing VM operation: G1CollectForAllocation (G1 Evacuation Pause)
Event: 24.379 Executing VM operation: G1CollectForAllocation (G1 Evacuation Pause) done
Event: 25.355 Executing VM operation: G1CollectForAllocation (G1 Evacuation Pause)
Event: 25.359 Executing VM operation: G1CollectForAllocation (G1 Evacuation Pause) done
Event: 25.383 Executing VM operation: G1PauseRemark
Event: 25.433 Executing VM operation: G1PauseRemark done
Event: 25.471 Executing VM operation: G1PauseCleanup
Event: 25.471 Executing VM operation: G1PauseCleanup done
Event: 26.473 Executing VM operation: Cleanup

Memory protections (0 events):
No events

Nmethod flushes (20 events):
Event: 25.420 Thread 0x0000015b6fd2cf30 flushing  nmethod 0x0000015b62f2d810
Event: 25.420 Thread 0x0000015b6fd2cf30 flushing  nmethod 0x0000015b5b2ed190
Event: 25.420 Thread 0x0000015b6fd2cf30 flushing  nmethod 0x0000015b5b471190
Event: 25.420 Thread 0x0000015b6fd2cf30 flushing  nmethod 0x0000015b5bca0a90
Event: 25.420 Thread 0x0000015b6fd2cf30 flushing  nmethod 0x0000015b5bca1390
Event: 25.420 Thread 0x0000015b6fd2cf30 flushing  nmethod 0x0000015b5b38bc10
Event: 25.420 Thread 0x0000015b6fd2cf30 flushing  nmethod 0x0000015b5b401b10
Event: 25.420 Thread 0x0000015b6fd2cf30 flushing  nmethod 0x0000015b5b402d10
Event: 25.420 Thread 0x0000015b6fd2cf30 flushing  nmethod 0x0000015b5b404390
Event: 25.420 Thread 0x0000015b6fd2cf30 flushing  nmethod 0x0000015b5b493990
Event: 25.420 Thread 0x0000015b6fd2cf30 flushing  nmethod 0x0000015b5bb5f190
Event: 25.420 Thread 0x0000015b6fd2cf30 flushing  nmethod 0x0000015b5bd62790
Event: 25.420 Thread 0x0000015b6fd2cf30 flushing  nmethod 0x0000015b5bd62f90
Event: 25.420 Thread 0x0000015b6fd2cf30 flushing  nmethod 0x0000015b62f18f90
Event: 25.420 Thread 0x0000015b6fd2cf30 flushing  nmethod 0x0000015b5b4f8510
Event: 25.420 Thread 0x0000015b6fd2cf30 flushing  nmethod 0x0000015b5b4f8d10
Event: 25.420 Thread 0x0000015b6fd2cf30 flushing  nmethod 0x0000015b5b6ef190
Event: 25.420 Thread 0x0000015b6fd2cf30 flushing  nmethod 0x0000015b5b8c0d10
Event: 25.420 Thread 0x0000015b6fd2cf30 flushing osr nmethod 0x0000015b5bb22510
Event: 25.420 Thread 0x0000015b6fd2cf30 flushing  nmethod 0x0000015b5bc1ea10

Events (20 events):
Event: 4.143 Thread 0x0000015b7640b700 Thread added: 0x0000015b76ef3860
Event: 4.143 Thread 0x0000015b7640b700 Thread added: 0x0000015b76ef3ef0
Event: 4.143 Thread 0x0000015b7640b700 Thread added: 0x0000015b76ef4580
Event: 4.344 Thread 0x0000015b7601de40 Thread exited: 0x0000015b7601de40
Event: 7.338 Thread 0x0000015b6fdef340 Thread added: 0x0000015b7037dd50
Event: 7.764 Thread 0x0000015b7037dd50 Thread exited: 0x0000015b7037dd50
Event: 8.701 Thread 0x0000015b7640b700 Thread added: 0x0000015b76ef1e20
Event: 8.714 Thread 0x0000015b7640b700 Thread added: 0x0000015b76ef5930
Event: 8.726 Thread 0x0000015b7640b700 Thread added: 0x0000015b76ef6650
Event: 8.761 Thread 0x0000015b6fdef340 Thread added: 0x0000015b7a0b6920
Event: 8.785 Thread 0x0000015b7640b700 Thread added: 0x0000015b76ef5fc0
Event: 8.799 Thread 0x0000015b7640b700 Thread added: 0x0000015b78704480
Event: 8.859 Thread 0x0000015b7640b700 Thread added: 0x0000015b78706550
Event: 9.096 Thread 0x0000015b7a0b6920 Thread added: 0x0000015b7a098a90
Event: 9.414 Thread 0x0000015b7a098a90 Thread exited: 0x0000015b7a098a90
Event: 9.414 Thread 0x0000015b7a0b6920 Thread exited: 0x0000015b7a0b6920
Event: 9.459 Thread 0x0000015b6fdef340 Thread added: 0x0000015b7a0983c0
Event: 9.585 Thread 0x0000015b6fdef340 Thread added: 0x0000015b7a098a90
Event: 22.646 Thread 0x0000015b7a098a90 Thread exited: 0x0000015b7a098a90
Event: 22.674 Thread 0x0000015b6fdef340 Thread added: 0x0000015b7a096f50


Dynamic libraries:
0x00007ff653780000 - 0x00007ff65378a000 	C:\Program Files\Android\Android Studio1\jbr\bin\java.exe
0x00007ff913620000 - 0x00007ff913888000 	C:\WINDOWS\SYSTEM32\ntdll.dll
0x00007ff911bb0000 - 0x00007ff911c79000 	C:\WINDOWS\System32\KERNEL32.DLL
0x00007ff910fd0000 - 0x00007ff9113bd000 	C:\WINDOWS\System32\KERNELBASE.dll
0x00007ff9108f0000 - 0x00007ff910a3b000 	C:\WINDOWS\System32\ucrtbase.dll
0x00007ff8eecc0000 - 0x00007ff8eecdb000 	C:\Program Files\Android\Android Studio1\jbr\bin\VCRUNTIME140.dll
0x00007ff8ea780000 - 0x00007ff8ea798000 	C:\Program Files\Android\Android Studio1\jbr\bin\jli.dll
0x00007ff913410000 - 0x00007ff9135dc000 	C:\WINDOWS\System32\USER32.dll
0x00007ff8f9860000 - 0x00007ff8f9afa000 	C:\WINDOWS\WinSxS\amd64_microsoft.windows.common-controls_6595b64144ccf1df_6.0.26100.4484_none_3e0e6d4ce32ef3b3\COMCTL32.dll
0x00007ff910e70000 - 0x00007ff910e97000 	C:\WINDOWS\System32\win32u.dll
0x00007ff911920000 - 0x00007ff91194b000 	C:\WINDOWS\System32\GDI32.dll
0x00007ff912380000 - 0x00007ff912429000 	C:\WINDOWS\System32\msvcrt.dll
0x00007ff910d30000 - 0x00007ff910e67000 	C:\WINDOWS\System32\gdi32full.dll
0x00007ff910c80000 - 0x00007ff910d23000 	C:\WINDOWS\System32\msvcp_win.dll
0x00007ff911420000 - 0x00007ff91144f000 	C:\WINDOWS\System32\IMM32.DLL
0x00007ff8eff50000 - 0x00007ff8eff5c000 	C:\Program Files\Android\Android Studio1\jbr\bin\vcruntime140_1.dll
0x00007ff8bad40000 - 0x00007ff8badcd000 	C:\Program Files\Android\Android Studio1\jbr\bin\msvcp140.dll
0x00007ff861ea0000 - 0x00007ff862b2b000 	C:\Program Files\Android\Android Studio1\jbr\bin\server\jvm.dll
0x00007ff9122c0000 - 0x00007ff912374000 	C:\WINDOWS\System32\ADVAPI32.dll
0x00007ff9117e0000 - 0x00007ff911886000 	C:\WINDOWS\System32\sechost.dll
0x00007ff9132e0000 - 0x00007ff9133f8000 	C:\WINDOWS\System32\RPCRT4.dll
0x00007ff911950000 - 0x00007ff9119c4000 	C:\WINDOWS\System32\WS2_32.dll
0x00007ff910420000 - 0x00007ff91047e000 	C:\WINDOWS\SYSTEM32\POWRPROF.dll
0x00007ff902fa0000 - 0x00007ff902fd5000 	C:\WINDOWS\SYSTEM32\WINMM.dll
0x00007ff90a850000 - 0x00007ff90a85b000 	C:\WINDOWS\SYSTEM32\VERSION.dll
0x00007ff910400000 - 0x00007ff910414000 	C:\WINDOWS\SYSTEM32\UMPDC.dll
0x00007ff90f510000 - 0x00007ff90f52b000 	C:\WINDOWS\SYSTEM32\kernel.appcore.dll
0x00007ff8eecb0000 - 0x00007ff8eecba000 	C:\Program Files\Android\Android Studio1\jbr\bin\jimage.dll
0x00007ff900930000 - 0x00007ff900b71000 	C:\WINDOWS\SYSTEM32\DBGHELP.DLL
0x00007ff912cb0000 - 0x00007ff913036000 	C:\WINDOWS\System32\combase.dll
0x00007ff9131f0000 - 0x00007ff9132d0000 	C:\WINDOWS\System32\OLEAUT32.dll
0x00007ff8ee7a0000 - 0x00007ff8ee7e3000 	C:\WINDOWS\SYSTEM32\dbgcore.DLL
0x00007ff910f30000 - 0x00007ff910fc9000 	C:\WINDOWS\System32\bcryptPrimitives.dll
0x00007ff8ec5c0000 - 0x00007ff8ec5ce000 	C:\Program Files\Android\Android Studio1\jbr\bin\instrument.dll
0x00007ff8eec90000 - 0x00007ff8eecb0000 	C:\Program Files\Android\Android Studio1\jbr\bin\java.dll
0x00007ff8eea60000 - 0x00007ff8eea78000 	C:\Program Files\Android\Android Studio1\jbr\bin\zip.dll
0x00007ff912430000 - 0x00007ff912b7a000 	C:\WINDOWS\System32\SHELL32.dll
0x00007ff910770000 - 0x00007ff9108e4000 	C:\WINDOWS\System32\wintypes.dll
0x00007ff90e3f0000 - 0x00007ff90ec4b000 	C:\WINDOWS\SYSTEM32\windows.storage.dll
0x00007ff911d10000 - 0x00007ff911e05000 	C:\WINDOWS\System32\SHCORE.dll
0x00007ff9119d0000 - 0x00007ff911a3a000 	C:\WINDOWS\System32\shlwapi.dll
0x00007ff910680000 - 0x00007ff9106af000 	C:\WINDOWS\SYSTEM32\profapi.dll
0x00007ff8ee8d0000 - 0x00007ff8ee8e0000 	C:\Program Files\Android\Android Studio1\jbr\bin\net.dll
0x00007ff907cc0000 - 0x00007ff907dde000 	C:\WINDOWS\SYSTEM32\WINHTTP.dll
0x00007ff90faa0000 - 0x00007ff90fb0a000 	C:\WINDOWS\system32\mswsock.dll
0x00007ff8ee8b0000 - 0x00007ff8ee8c6000 	C:\Program Files\Android\Android Studio1\jbr\bin\nio.dll
0x00007ff8ec5d0000 - 0x00007ff8ec5e0000 	C:\Program Files\Android\Android Studio1\jbr\bin\verify.dll
0x00007ff8ea960000 - 0x00007ff8ea987000 	C:\Users\PC7\.gradle\native\68d5fa5c4cc2d200863cafc0d521ce42e7d3e7ee720ec0a83991735586a16f82\windows-amd64\native-platform.dll
0x00007ff8e1be0000 - 0x00007ff8e1d24000 	C:\Users\PC7\.gradle\native\e376f236ea51e6404a007f0833ffe2c6e607c4080706a723a18a27aeea778392\windows-amd64\native-platform-file-events.dll
0x00007ff8ed4a0000 - 0x00007ff8ed4a9000 	C:\Program Files\Android\Android Studio1\jbr\bin\management.dll
0x00007ff8ed250000 - 0x00007ff8ed25b000 	C:\Program Files\Android\Android Studio1\jbr\bin\management_ext.dll
0x00007ff913400000 - 0x00007ff913408000 	C:\WINDOWS\System32\PSAPI.DLL
0x00007ff90fd50000 - 0x00007ff90fd6b000 	C:\WINDOWS\SYSTEM32\CRYPTSP.dll
0x00007ff90f470000 - 0x00007ff90f4ab000 	C:\WINDOWS\system32\rsaenh.dll
0x00007ff90fb40000 - 0x00007ff90fb6b000 	C:\WINDOWS\SYSTEM32\USERENV.dll
0x00007ff910650000 - 0x00007ff910676000 	C:\WINDOWS\SYSTEM32\bcrypt.dll
0x00007ff90fd70000 - 0x00007ff90fd7c000 	C:\WINDOWS\SYSTEM32\CRYPTBASE.dll
0x00007ff90ef40000 - 0x00007ff90ef73000 	C:\WINDOWS\SYSTEM32\IPHLPAPI.DLL
0x00007ff911460000 - 0x00007ff91146a000 	C:\WINDOWS\System32\NSI.dll
0x00007ff8ee8a0000 - 0x00007ff8ee8a9000 	C:\Program Files\Android\Android Studio1\jbr\bin\extnet.dll
0x00007ff880ef0000 - 0x00007ff880ef8000 	C:\WINDOWS\system32\wshunix.dll
0x00007ff90f640000 - 0x00007ff90f676000 	C:\WINDOWS\SYSTEM32\ntmarta.dll

dbghelp: loaded successfully - version: 4.0.5 - missing functions: none
symbol engine: initialized successfully - sym options: 0x614 - pdb path: .;C:\Program Files\Android\Android Studio1\jbr\bin;C:\WINDOWS\SYSTEM32;C:\WINDOWS\WinSxS\amd64_microsoft.windows.common-controls_6595b64144ccf1df_6.0.26100.4484_none_3e0e6d4ce32ef3b3;C:\Program Files\Android\Android Studio1\jbr\bin\server;C:\Users\PC7\.gradle\native\68d5fa5c4cc2d200863cafc0d521ce42e7d3e7ee720ec0a83991735586a16f82\windows-amd64;C:\Users\PC7\.gradle\native\e376f236ea51e6404a007f0833ffe2c6e607c4080706a723a18a27aeea778392\windows-amd64

VM Arguments:
jvm_args: --add-opens=java.base/java.util=ALL-UNNAMED --add-opens=java.base/java.lang=ALL-UNNAMED --add-opens=java.base/java.lang.invoke=ALL-UNNAMED --add-opens=java.prefs/java.util.prefs=ALL-UNNAMED --add-opens=java.base/java.nio.charset=ALL-UNNAMED --add-opens=java.base/java.net=ALL-UNNAMED --add-opens=java.base/java.util.concurrent.atomic=ALL-UNNAMED -Xmx2048m -Dfile.encoding=UTF-8 -Duser.country=JP -Duser.language=ja -Duser.variant -javaagent:C:\Users\PC7\.gradle\wrapper\dists\gradle-8.2-bin\bbg7u40eoinfdyxsxr3z4i7ta\gradle-8.2\lib\agents\gradle-instrumentation-agent-8.2.jar 
java_command: org.gradle.launcher.daemon.bootstrap.GradleDaemon 8.2
java_class_path (initial): C:\Users\PC7\.gradle\wrapper\dists\gradle-8.2-bin\bbg7u40eoinfdyxsxr3z4i7ta\gradle-8.2\lib\gradle-launcher-8.2.jar
Launcher Type: SUN_STANDARD

[Global flags]
     intx CICompilerCount                          = 4                                         {product} {ergonomic}
     uint ConcGCThreads                            = 3                                         {product} {ergonomic}
     uint G1ConcRefinementThreads                  = 10                                        {product} {ergonomic}
   size_t G1HeapRegionSize                         = 1048576                                   {product} {ergonomic}
    uintx GCDrainStackTargetSize                   = 64                                        {product} {ergonomic}
   size_t InitialHeapSize                          = 268435456                                 {product} {ergonomic}
   size_t MarkStackSize                            = 4194304                                   {product} {ergonomic}
   size_t MaxHeapSize                              = 2147483648                                {product} {command line}
   size_t MaxNewSize                               = 1287651328                                {product} {ergonomic}
   size_t MinHeapDeltaBytes                        = 1048576                                   {product} {ergonomic}
   size_t MinHeapSize                              = 8388608                                   {product} {ergonomic}
    uintx NonNMethodCodeHeapSize                   = 5839372                                {pd product} {ergonomic}
    uintx NonProfiledCodeHeapSize                  = 122909434                              {pd product} {ergonomic}
    uintx ProfiledCodeHeapSize                     = 122909434                              {pd product} {ergonomic}
    uintx ReservedCodeCacheSize                    = 251658240                              {pd product} {ergonomic}
     bool SegmentedCodeCache                       = true                                      {product} {ergonomic}
   size_t SoftMaxHeapSize                          = 2147483648                             {manageable} {ergonomic}
     bool UseCompressedOops                        = true                           {product lp64_product} {ergonomic}
     bool UseG1GC                                  = true                                      {product} {ergonomic}
     bool UseLargePagesIndividualAllocation        = false                                  {pd product} {ergonomic}

Logging:
Log output configuration:
 #0: stdout all=warning uptime,level,tags foldmultilines=false
 #1: stderr all=off uptime,level,tags foldmultilines=false

Environment Variables:
PATH=C:\Program Files (x86)\Microsoft\Edge\Application;C:\Program Files (x86)\Common Files\Oracle\Java\javapath;C:\Program Files (x86)\Common Files\Intel\Shared Libraries\redist\ia32\compiler;C:\Program Files (x86)\Common Files\Intel\Shared Libraries\redist\intel64\compiler;C:\Program Files (x86)\Intel\iCLS Client\;C:\Program Files\Intel\iCLS Client\;C:\Windows\system32;C:\Windows;C:\Windows\System32\Wbem;C:\Windows\System32\WindowsPowerShell\v1.0\;C:\Program Files (x86)\Intel\Intel(R) Management Engine Components\DAL;C:\Program Files\Intel\Intel(R) Management Engine Components\DAL;C:\Program Files (x86)\Intel\Intel(R) Management Engine Components\IPT;C:\Program Files\Intel\Intel(R) Management Engine Components\IPT;C:\Program Files (x86)\NVIDIA Corporation\PhysX\Common;C:\WINDOWS\system32;C:\WINDOWS;C:\WINDOWS\System32\Wbem;C:\WINDOWS\System32\WindowsPowerShell\v1.0\;C:\WINDOWS\System32\OpenSSH\;C:\Program Files (x86)\QuickTime\QTSystem\;C:\PROGRA~1\JPKI;C:\Program Files\Tesseract-OCR;C:\tools\poppler-24.02.0\Library\bin;C:\Users\PC7\AppData\Local\Programs\Python\Python312\Scripts\;C:\Users\PC7\AppData\Local\Programs\Python\Python312\;C:\Users\PC7\AppData\Local\Programs\Python\Launcher\;C:\Users\PC7\AppData\Local\Microsoft\WindowsApps;C:\Users\PC7\AppData\Local\Android\Sdk\ndk\26.1.10909125;C:\Program Files\platform-tools;C:\Users\PC7\AppData\Local\Programs\Microsoft VS Code\bin;
USERNAME=PC7
OS=Windows_NT
PROCESSOR_IDENTIFIER=Intel64 Family 6 Model 158 Stepping 10, GenuineIntel
TMP=C:\Users\PC7\AppData\Local\Temp
TEMP=C:\Users\PC7\AppData\Local\Temp




Periodic native trim disabled

JNI global refs:
JNI global refs: 31, weak refs: 25

JNI global refs memory usage: 835, weak refs: 833

Process memory usage:
Resident Set Size: 463932K (2% of 16709904K total physical memory with 4298776K free physical memory)

OOME stack traces (most recent first):
Classloader memory used:
Loader org.gradle.internal.classloader.VisitableURLClassLoader                         : 28860K
Loader bootstrap                                                                       : 22128K
Loader org.gradle.initialization.MixInLegacyTypesClassLoader                           : 5400K
Loader org.gradle.internal.classloader.VisitableURLClassLoader                         : 714K
Loader jdk.internal.loader.ClassLoaders$PlatformClassLoader                            : 532K
Loader jdk.internal.loader.ClassLoaders$AppClassLoader                                 : 227K
Loader jdk.internal.reflect.DelegatingClassLoader                                      : 147K
Loader org.gradle.groovy.scripts.internal.DefaultScriptCompilationHandler$ScriptClassLoader: 61160B
Loader groovy.lang.GroovyClassLoader$InnerLoader                                       : 24552B
Loader org.codehaus.groovy.runtime.callsite.CallSiteClassLoader                        : 14952B

Classes loaded by more than one classloader:
Class org.gradle.api.GradleException                                                  : loaded 3 times (x 78B)
Class org.gradle.internal.classloader.FilteringClassLoader                            : loaded 2 times (x 101B)
Class org.gradle.internal.classloader.ClassLoaderHierarchy                            : loaded 2 times (x 66B)
Class org.gradle.api.internal.classpath.ManifestUtil                                  : loaded 2 times (x 67B)
Class sync_studio_tooling10_95wwptkson0tjano3q9s7kotq$_run_closure1                   : loaded 2 times (x 132B)
Class org.gradle.internal.operations.MultipleBuildOperationFailures                   : loaded 2 times (x 91B)
Class org.gradle.internal.classloader.DefaultClassLoaderFactory                       : loaded 2 times (x 78B)
Class org.gradle.internal.classloader.ClassLoaderVisitor                              : loaded 2 times (x 72B)
Class org.gradle.api.internal.classpath.EffectiveClassPath                            : loaded 2 times (x 86B)
Class org.gradle.api.internal.DefaultClassPathProvider                                : loaded 2 times (x 72B)
Class [Lorg.gradle.api.internal.ClassPathProvider;                                    : loaded 2 times (x 65B)
Class org.gradle.api.internal.ClassPathProvider                                       : loaded 2 times (x 66B)
Class org.gradle.internal.service.UnknownServiceException                             : loaded 2 times (x 79B)
Class org.gradle.internal.classpath.TransformedClassPath                              : loaded 2 times (x 92B)
Class _BuildScript_                                                                   : loaded 2 times (x 169B)
Class org.gradle.internal.service.ServiceLocator                                      : loaded 2 times (x 66B)
Class org.gradle.internal.InternalTransformer                                         : loaded 2 times (x 66B)
Class org.gradle.internal.time.DefaultTimer                                           : loaded 2 times (x 76B)
Class org.gradle.internal.classloader.ClasspathUtil$1                                 : loaded 2 times (x 72B)
Class sync_studio_tooling10_95wwptkson0tjano3q9s7kotq                                 : loaded 2 times (x 175B)
Class org.gradle.api.internal.classpath.DefaultModuleRegistry$DefaultModule           : loaded 2 times (x 82B)
Class org.gradle.internal.time.DefaultCountdownTimer                                  : loaded 2 times (x 84B)
Class kotlin.Function                                                                 : loaded 2 times (x 66B)
Class org.gradle.api.internal.classpath.Module                                        : loaded 2 times (x 66B)
Class org.gradle.api.internal.classpath.UnknownModuleException                        : loaded 2 times (x 78B)
Class org.gradle.cache.GlobalCache                                                    : loaded 2 times (x 66B)
Class org.gradle.api.internal.DefaultClassPathRegistry                                : loaded 2 times (x 72B)
Class org.gradle.api.internal.ClassPathRegistry                                       : loaded 2 times (x 66B)
Class org.gradle.internal.classpath.DefaultClassPath$ImmutableUniqueList              : loaded 2 times (x 195B)
Class org.gradle.internal.classpath.ClassPath                                         : loaded 2 times (x 66B)
Class org.gradle.api.UncheckedIOException                                             : loaded 2 times (x 78B)
Class kotlin.UninitializedPropertyAccessException                                     : loaded 2 times (x 78B)
Class _BuildScript_$_run_closure1                                                     : loaded 2 times (x 128B)
Class org.gradle.internal.installation.GradleInstallation$1                           : loaded 2 times (x 71B)
Class org.gradle.api.internal.classpath.ModuleRegistry                                : loaded 2 times (x 66B)
Class org.gradle.api.internal.classpath.DefaultModuleRegistry                         : loaded 2 times (x 82B)
Class org.gradle.internal.time.MonotonicClock                                         : loaded 2 times (x 73B)
Class org.gradle.internal.service.ServiceLookupException                              : loaded 2 times (x 78B)
Class org.gradle.internal.classloader.ClassLoaderFactory                              : loaded 2 times (x 66B)
Class org.gradle.internal.service.CachingServiceLocator                               : loaded 2 times (x 78B)
Class org.gradle.internal.time.TimeSource                                             : loaded 2 times (x 66B)
Class org.gradle.internal.exceptions.ResolutionProvider                               : loaded 2 times (x 66B)
Class org.gradle.internal.classloader.ClasspathUtil                                   : loaded 2 times (x 67B)
Class org.gradle.internal.time.TimeSource$1                                           : loaded 2 times (x 73B)
Class org.gradle.api.specs.Spec                                                       : loaded 2 times (x 66B)
Class org.gradle.internal.time.Clock                                                  : loaded 2 times (x 66B)
Class org.gradle.internal.classloader.VisitableURLClassLoader$InstrumentingVisitableURLClassLoader: loaded 2 times (x 119B)
Class org.gradle.internal.classloader.VisitableURLClassLoader$Spec                    : loaded 2 times (x 70B)
Class org.gradle.internal.classpath.DefaultClassPath                                  : loaded 2 times (x 86B)
Class org.gradle.internal.classloader.ClassLoaderSpec                                 : loaded 2 times (x 67B)
Class org.gradle.internal.classloader.VisitableURLClassLoader                         : loaded 2 times (x 113B)
Class org.gradle.internal.Cast                                                        : loaded 2 times (x 67B)
Class org.gradle.api.Action                                                           : loaded 2 times (x 66B)
Class org.gradle.internal.agents.InstrumentingClassLoader                             : loaded 2 times (x 66B)
Class org.gradle.internal.classpath.DefaultClassPath$ImmutableUniqueList$Builder      : loaded 2 times (x 71B)
Class kotlin.NotImplementedError                                                      : loaded 2 times (x 78B)
Class org.gradle.internal.exceptions.NonGradleCauseExceptionsHolder                   : loaded 2 times (x 66B)
Class org.gradle.internal.IoActions                                                   : loaded 2 times (x 67B)
Class org.gradle.internal.classloader.SystemClassLoaderSpec                           : loaded 2 times (x 67B)
Class org.gradle.internal.exceptions.MultiCauseException                              : loaded 2 times (x 66B)
Class org.gradle.internal.time.CountdownTimer                                         : loaded 2 times (x 66B)
Class kotlin.jvm.internal.Intrinsics                                                  : loaded 2 times (x 67B)
Class org.gradle.tooling.model.ProjectModel                                           : loaded 2 times (x 66B)
Class kotlin.KotlinNullPointerException                                               : loaded 2 times (x 79B)
Class org.gradle.internal.exceptions.DefaultMultiCauseException                       : loaded 2 times (x 91B)
Class org.gradle.internal.time.Time                                                   : loaded 2 times (x 67B)
Class org.gradle.internal.time.Timer                                                  : loaded 2 times (x 66B)
Class org.gradle.internal.installation.CurrentGradleInstallationLocator               : loaded 2 times (x 67B)
Class org.gradle.internal.service.DefaultServiceLocator                               : loaded 2 times (x 79B)
Class org.gradle.util.GradleVersion                                                   : loaded 2 times (x 75B)
Class org.gradle.internal.installation.CurrentGradleInstallation                      : loaded 2 times (x 69B)
Class org.gradle.util.internal.GUtil                                                  : loaded 2 times (x 67B)
Class org.gradle.internal.installation.GradleInstallation                             : loaded 2 times (x 71B)

---------------  S Y S T E M  ---------------

OS:
 Windows 11 , 64 bit Build 26100 (10.0.26100.4484)
OS uptime: 0 days 8:24 hours

CPU: total 12 (initial active 12) (6 cores per cpu, 2 threads per core) family 6 model 158 stepping 10 microcode 0xde, cx8, cmov, fxsr, ht, mmx, 3dnowpref, sse, sse2, sse3, ssse3, sse4.1, sse4.2, popcnt, lzcnt, tsc, tscinvbit, avx, avx2, aes, erms, clmul, bmi1, bmi2, rtm, adx, fma, vzeroupper, clflush, clflushopt, rdtscp, f16c
Processor Information for the first 12 processors :
  Max Mhz: 3696, Current Mhz: 3696, Mhz Limit: 3696

Memory: 4k page, system-wide physical 16318M (4199M free)
TotalPageFile size 17342M (AvailPageFile size 14M)
current process WorkingSet (physical memory assigned to process): 454M, peak: 465M
current process commit charge ("private bytes"): 491M, peak: 506M

vm_info: OpenJDK 64-Bit Server VM (21.0.6+-13391695-b895.109) for windows-amd64 JRE (21.0.6+-13391695-b895.109), built on 2025-04-22T21:19:17Z by "builder" with MS VC++ 16.10 / 16.11 (VS2019)

END.
