#
# There is insufficient memory for the Java Runtime Environment to continue.
# Native memory allocation (mmap) failed to map 40894464 bytes. Error detail: G1 virtual space
# Possible reasons:
#   The system is out of physical RAM or swap space
#   This process is running with CompressedOops enabled, and the Java Heap may be blocking the growth of the native heap
# Possible solutions:
#   Reduce memory load on the system
#   Increase physical memory or swap space
#   Check if swap backing store is full
#   Decrease Java heap size (-Xmx/-Xms)
#   Decrease number of Java threads
#   Decrease Java thread stack sizes (-Xss)
#   Set larger code cache with -XX:ReservedCodeCacheSize=
#   JVM is running with Unscaled Compressed Oops mode in which the Java heap is
#     placed in the first 4GB address space. The Java Heap base address is the
#     maximum limit for the native heap growth. Please use -XX:HeapBaseMinAddress
#     to set the Java Heap base and to place the Java Heap above 4GB virtual address.
# This output file may be truncated or incomplete.
#
#  Out of Memory Error (os_windows.cpp:3898), pid=13260, tid=20636
#
# JRE version: OpenJDK Runtime Environment (21.0.6) (build 21.0.6+-13391695-b895.109)
# Java VM: OpenJDK 64-Bit Server VM (21.0.6+-13391695-b895.109, mixed mode, tiered, compressed oops, compressed class ptrs, g1 gc, windows-amd64)
# No core dump will be written. Minidumps are not enabled by default on client versions of Windows
#

---------------  S U M M A R Y ------------

Command Line: --add-opens=java.base/java.util=ALL-UNNAMED --add-opens=java.base/java.lang=ALL-UNNAMED --add-opens=java.base/java.lang.invoke=ALL-UNNAMED --add-opens=java.prefs/java.util.prefs=ALL-UNNAMED --add-opens=java.base/java.nio.charset=ALL-UNNAMED --add-opens=java.base/java.net=ALL-UNNAMED --add-opens=java.base/java.util.concurrent.atomic=ALL-UNNAMED -Xmx2048m -Dfile.encoding=UTF-8 -Duser.country=JP -Duser.language=ja -Duser.variant -javaagent:C:\Users\PC7\.gradle\wrapper\dists\gradle-8.2-bin\bbg7u40eoinfdyxsxr3z4i7ta\gradle-8.2\lib\agents\gradle-instrumentation-agent-8.2.jar org.gradle.launcher.daemon.bootstrap.GradleDaemon 8.2

Host: Intel(R) Core(TM) i7-8700K CPU @ 3.70GHz, 12 cores, 15G,  Windows 11 , 64 bit Build 26100 (10.0.26100.4484)
Time: Sun Aug  3 19:48:10 2025  Windows 11 , 64 bit Build 26100 (10.0.26100.4484) elapsed time: 6.312434 seconds (0d 0h 0m 6s)

---------------  T H R E A D  ---------------

Current thread (0x000002138f0a12c0):  VMThread "VM Thread"          [id=20636, stack(0x000000eb68c00000,0x000000eb68d00000) (1024K)]

Stack: [0x000000eb68c00000,0x000000eb68d00000]
Native frames: (J=compiled Java code, j=interpreted, Vv=VM code, C=native code)
V  [jvm.dll+0x6d0639]
V  [jvm.dll+0x85eb03]
V  [jvm.dll+0x86105e]
V  [jvm.dll+0x861743]
V  [jvm.dll+0x27e6e6]
V  [jvm.dll+0x6ccfd5]
V  [jvm.dll+0x6c0a8a]
V  [jvm.dll+0x35537b]
V  [jvm.dll+0x35cfd6]
V  [jvm.dll+0x3aef86]
V  [jvm.dll+0x3af258]
V  [jvm.dll+0x327a2c]
V  [jvm.dll+0x327ab7]
V  [jvm.dll+0x36d93c]
V  [jvm.dll+0x36c0ee]
V  [jvm.dll+0x327181]
V  [jvm.dll+0x36b7f0]
V  [jvm.dll+0x8674c8]
V  [jvm.dll+0x868844]
V  [jvm.dll+0x868d80]
V  [jvm.dll+0x869013]
V  [jvm.dll+0x806ed8]
V  [jvm.dll+0x6cef0d]
C  [ucrtbase.dll+0x37b0]
C  [KERNEL32.DLL+0x2e8d7]
C  [ntdll.dll+0x3c34c]

VM_Operation (0x000000eb6b4fc630): G1CollectForAllocation, mode: safepoint, requested by thread 0x00000213955391c0


---------------  P R O C E S S  ---------------

Threads class SMR info:
_java_thread_list=0x0000021395bbb7a0, length=46, elements={
0x00000213f739d9f0, 0x000002138f15cd60, 0x000002138f15d7b0, 0x000002138f16e1e0,
0x000002138f1129c0, 0x000002138f113410, 0x000002138f147680, 0x000002138f176f70,
0x000002138f149cf0, 0x000002138f211110, 0x000002138f549940, 0x000002138f601fc0,
0x00000213950740f0, 0x0000021395388b90, 0x0000021395387e70, 0x00000213953877e0,
0x0000021395386430, 0x0000021395388500, 0x0000021395389220, 0x0000021395385da0,
0x0000021395386ac0, 0x0000021395387150, 0x0000021395537780, 0x00000213955370f0,
0x00000213955384a0, 0x0000021395535020, 0x00000213955356b0, 0x0000021395538b30,
0x00000213955363d0, 0x00000213955391c0, 0x0000021395539850, 0x0000021395539ee0,
0x0000021395536a60, 0x000002139553b920, 0x000002139553a570, 0x000002139553ac00,
0x000002139553b290, 0x000002139553bfb0, 0x000002139553c640, 0x0000021397c5c9c0,
0x0000021397c5c330, 0x0000021397c59540, 0x0000021397c5a260, 0x0000021397c5d050,
0x0000021397c5a8f0, 0x0000021397c5af80
}

Java Threads: ( => current thread )
  0x00000213f739d9f0 JavaThread "main"                              [_thread_blocked, id=25884, stack(0x000000eb68500000,0x000000eb68600000) (1024K)]
  0x000002138f15cd60 JavaThread "Reference Handler"          daemon [_thread_blocked, id=6044, stack(0x000000eb68d00000,0x000000eb68e00000) (1024K)]
  0x000002138f15d7b0 JavaThread "Finalizer"                  daemon [_thread_blocked, id=17088, stack(0x000000eb68e00000,0x000000eb68f00000) (1024K)]
  0x000002138f16e1e0 JavaThread "Signal Dispatcher"          daemon [_thread_blocked, id=17648, stack(0x000000eb68f00000,0x000000eb69000000) (1024K)]
  0x000002138f1129c0 JavaThread "Attach Listener"            daemon [_thread_blocked, id=11668, stack(0x000000eb69000000,0x000000eb69100000) (1024K)]
  0x000002138f113410 JavaThread "Service Thread"             daemon [_thread_blocked, id=11944, stack(0x000000eb69100000,0x000000eb69200000) (1024K)]
  0x000002138f147680 JavaThread "Monitor Deflation Thread"   daemon [_thread_blocked, id=25820, stack(0x000000eb69200000,0x000000eb69300000) (1024K)]
  0x000002138f176f70 JavaThread "C2 CompilerThread0"         daemon [_thread_blocked, id=9724, stack(0x000000eb69300000,0x000000eb69400000) (1024K)]
  0x000002138f149cf0 JavaThread "C1 CompilerThread0"         daemon [_thread_blocked, id=11988, stack(0x000000eb69400000,0x000000eb69500000) (1024K)]
  0x000002138f211110 JavaThread "Common-Cleaner"             daemon [_thread_blocked, id=1068, stack(0x000000eb69500000,0x000000eb69600000) (1024K)]
  0x000002138f549940 JavaThread "Notification Thread"        daemon [_thread_blocked, id=27296, stack(0x000000eb69600000,0x000000eb69700000) (1024K)]
  0x000002138f601fc0 JavaThread "C2 CompilerThread1"         daemon [_thread_blocked, id=6480, stack(0x000000eb69700000,0x000000eb69800000) (1024K)]
  0x00000213950740f0 JavaThread "C2 CompilerThread2"         daemon [_thread_blocked, id=25928, stack(0x000000eb69d00000,0x000000eb69e00000) (1024K)]
  0x0000021395388b90 JavaThread "Daemon health stats"               [_thread_blocked, id=17376, stack(0x000000eb69e00000,0x000000eb69f00000) (1024K)]
  0x0000021395387e70 JavaThread "Incoming local TCP Connector on port 53857"        [_thread_in_native, id=25576, stack(0x000000eb69f00000,0x000000eb6a000000) (1024K)]
  0x00000213953877e0 JavaThread "Daemon periodic checks"            [_thread_blocked, id=22208, stack(0x000000eb6a000000,0x000000eb6a100000) (1024K)]
  0x0000021395386430 JavaThread "Daemon"                            [_thread_blocked, id=10992, stack(0x000000eb6a100000,0x000000eb6a200000) (1024K)]
  0x0000021395388500 JavaThread "Handler for socket connection from /127.0.0.1:53857 to /127.0.0.1:53858"        [_thread_in_native, id=23500, stack(0x000000eb6a200000,0x000000eb6a300000) (1024K)]
  0x0000021395389220 JavaThread "Cancel handler"                    [_thread_blocked, id=20628, stack(0x000000eb6a300000,0x000000eb6a400000) (1024K)]
  0x0000021395385da0 JavaThread "Daemon worker"                     [_thread_blocked, id=10120, stack(0x000000eb6a400000,0x000000eb6a500000) (1024K)]
  0x0000021395386ac0 JavaThread "Asynchronous log dispatcher for DefaultDaemonConnection: socket connection from /127.0.0.1:53857 to /127.0.0.1:53858"        [_thread_blocked, id=7004, stack(0x000000eb6a500000,0x000000eb6a600000) (1024K)]
  0x0000021395387150 JavaThread "Stdin handler"                     [_thread_blocked, id=24860, stack(0x000000eb6a600000,0x000000eb6a700000) (1024K)]
  0x0000021395537780 JavaThread "Daemon client event forwarder"        [_thread_blocked, id=24964, stack(0x000000eb6a700000,0x000000eb6a800000) (1024K)]
  0x00000213955370f0 JavaThread "Cache worker for journal cache (C:\Users\PC7\.gradle\caches\journal-1)"        [_thread_blocked, id=19340, stack(0x000000eb6ae00000,0x000000eb6af00000) (1024K)]
  0x00000213955384a0 JavaThread "File lock request listener"        [_thread_in_native, id=18052, stack(0x000000eb6af00000,0x000000eb6b000000) (1024K)]
  0x0000021395535020 JavaThread "Cache worker for file hash cache (C:\Users\PC7\.gradle\caches\8.2\fileHashes)"        [_thread_blocked, id=9548, stack(0x000000eb6b000000,0x000000eb6b100000) (1024K)]
  0x00000213955356b0 JavaThread "File watcher server"        daemon [_thread_in_native, id=13288, stack(0x000000eb6b100000,0x000000eb6b200000) (1024K)]
  0x0000021395538b30 JavaThread "File watcher consumer"      daemon [_thread_blocked, id=17928, stack(0x000000eb6b200000,0x000000eb6b300000) (1024K)]
  0x00000213955363d0 JavaThread "jar transforms"                    [_thread_blocked, id=11464, stack(0x000000eb6b300000,0x000000eb6b400000) (1024K)]
  0x00000213955391c0 JavaThread "jar transforms Thread 2"           [_thread_blocked, id=2232, stack(0x000000eb6b400000,0x000000eb6b500000) (1024K)]
  0x0000021395539850 JavaThread "jar transforms Thread 3"           [_thread_blocked, id=2696, stack(0x000000eb6b500000,0x000000eb6b600000) (1024K)]
  0x0000021395539ee0 JavaThread "jar transforms Thread 4"           [_thread_blocked, id=25040, stack(0x000000eb6b600000,0x000000eb6b700000) (1024K)]
  0x0000021395536a60 JavaThread "jar transforms Thread 5"           [_thread_blocked, id=26856, stack(0x000000eb6b700000,0x000000eb6b800000) (1024K)]
  0x000002139553b920 JavaThread "jar transforms Thread 6"           [_thread_blocked, id=11408, stack(0x000000eb6b800000,0x000000eb6b900000) (1024K)]
  0x000002139553a570 JavaThread "jar transforms Thread 7"           [_thread_blocked, id=27148, stack(0x000000eb6b900000,0x000000eb6ba00000) (1024K)]
  0x000002139553ac00 JavaThread "jar transforms Thread 8"           [_thread_blocked, id=20676, stack(0x000000eb6ba00000,0x000000eb6bb00000) (1024K)]
  0x000002139553b290 JavaThread "jar transforms Thread 9"           [_thread_blocked, id=25268, stack(0x000000eb6bb00000,0x000000eb6bc00000) (1024K)]
  0x000002139553bfb0 JavaThread "jar transforms Thread 10"          [_thread_blocked, id=27428, stack(0x000000eb6bc00000,0x000000eb6bd00000) (1024K)]
  0x000002139553c640 JavaThread "jar transforms Thread 11"          [_thread_blocked, id=3532, stack(0x000000eb6bd00000,0x000000eb6be00000) (1024K)]
  0x0000021397c5c9c0 JavaThread "jar transforms Thread 12"          [_thread_blocked, id=13272, stack(0x000000eb6be00000,0x000000eb6bf00000) (1024K)]
  0x0000021397c5c330 JavaThread "Cache worker for checksums cache (C:\Users\PC7\AndroidStudioProjects\MyApplication4\.gradle\8.2\checksums)"        [_thread_blocked, id=6040, stack(0x000000eb6bf00000,0x000000eb6c000000) (1024K)]
  0x0000021397c59540 JavaThread "Cache worker for cache directory md-rule (C:\Users\PC7\.gradle\caches\8.2\md-rule)"        [_thread_blocked, id=7140, stack(0x000000eb6c000000,0x000000eb6c100000) (1024K)]
  0x0000021397c5a260 JavaThread "Cache worker for file content cache (C:\Users\PC7\.gradle\caches\8.2\fileContent)"        [_thread_blocked, id=21076, stack(0x000000eb6c100000,0x000000eb6c200000) (1024K)]
  0x0000021397c5d050 JavaThread "Cache worker for file hash cache (C:\Users\PC7\AndroidStudioProjects\MyApplication4\.gradle\8.2\fileHashes)"        [_thread_blocked, id=22108, stack(0x000000eb6c200000,0x000000eb6c300000) (1024K)]
  0x0000021397c5a8f0 JavaThread "Cache worker for cache directory md-supplier (C:\Users\PC7\.gradle\caches\8.2\md-supplier)"        [_thread_blocked, id=4104, stack(0x000000eb6c300000,0x000000eb6c400000) (1024K)]
  0x0000021397c5af80 JavaThread "Cache worker for execution history cache (C:\Users\PC7\.gradle\caches\8.2\executionHistory)"        [_thread_blocked, id=9792, stack(0x000000eb6c400000,0x000000eb6c500000) (1024K)]
Total: 46

Other Threads:
=>0x000002138f0a12c0 VMThread "VM Thread"                           [id=20636, stack(0x000000eb68c00000,0x000000eb68d00000) (1024K)]
  0x000002138f0809d0 WatcherThread "VM Periodic Task Thread"        [id=20852, stack(0x000000eb68b00000,0x000000eb68c00000) (1024K)]
  0x00000213f73f6380 WorkerThread "GC Thread#0"                     [id=21704, stack(0x000000eb68600000,0x000000eb68700000) (1024K)]
  0x0000021394372890 WorkerThread "GC Thread#1"                     [id=11396, stack(0x000000eb69800000,0x000000eb69900000) (1024K)]
  0x00000213942f4fa0 WorkerThread "GC Thread#2"                     [id=18740, stack(0x000000eb69900000,0x000000eb69a00000) (1024K)]
  0x00000213942f5340 WorkerThread "GC Thread#3"                     [id=18756, stack(0x000000eb69a00000,0x000000eb69b00000) (1024K)]
  0x00000213942f56e0 WorkerThread "GC Thread#4"                     [id=12912, stack(0x000000eb69b00000,0x000000eb69c00000) (1024K)]
  0x00000213942989e0 WorkerThread "GC Thread#5"                     [id=18440, stack(0x000000eb69c00000,0x000000eb69d00000) (1024K)]
  0x000002139591a560 WorkerThread "GC Thread#6"                     [id=12156, stack(0x000000eb6a800000,0x000000eb6a900000) (1024K)]
  0x0000021394ddb650 WorkerThread "GC Thread#7"                     [id=2564, stack(0x000000eb6a900000,0x000000eb6aa00000) (1024K)]
  0x0000021394f39310 WorkerThread "GC Thread#8"                     [id=27012, stack(0x000000eb6aa00000,0x000000eb6ab00000) (1024K)]
  0x000002139526ae40 WorkerThread "GC Thread#9"                     [id=20996, stack(0x000000eb6ab00000,0x000000eb6ac00000) (1024K)]
  0x00000213f7407270 ConcurrentGCThread "G1 Main Marker"            [id=11948, stack(0x000000eb68700000,0x000000eb68800000) (1024K)]
  0x00000213f7408ac0 WorkerThread "G1 Conc#0"                       [id=22976, stack(0x000000eb68800000,0x000000eb68900000) (1024K)]
  0x000002139526aaa0 WorkerThread "G1 Conc#1"                       [id=24992, stack(0x000000eb6ac00000,0x000000eb6ad00000) (1024K)]
  0x0000021395269880 WorkerThread "G1 Conc#2"                       [id=20268, stack(0x000000eb6ad00000,0x000000eb6ae00000) (1024K)]
  0x00000213f745e9e0 ConcurrentGCThread "G1 Refine#0"               [id=23268, stack(0x000000eb68900000,0x000000eb68a00000) (1024K)]
  0x00000213ffbe0770 ConcurrentGCThread "G1 Service"                [id=25064, stack(0x000000eb68a00000,0x000000eb68b00000) (1024K)]
Total: 18

Threads with active compile tasks:
C2 CompilerThread0  6365 5285       4       org.objectweb.asm.ClassReader::readMethod (1066 bytes)
C2 CompilerThread1  6365 5007       4       org.objectweb.asm.ClassReader::readCode (5109 bytes)
C2 CompilerThread2  6365 5327       4       org.objectweb.asm.ClassWriter::visitMethod (57 bytes)
Total: 3

VM state: at safepoint (normal execution)

VM Mutex/Monitor currently owned by a thread:  ([mutex/lock_event])
[0x00007ff862a4e3a0] Threads_lock - owner thread: 0x000002138f0a12c0
[0x00007ff862a4e4a0] Heap_lock - owner thread: 0x00000213955391c0

Heap address: 0x0000000080000000, size: 2048 MB, Compressed Oops mode: 32-bit

CDS archive(s) not mapped
Compressed class space mapped at: 0x0000000100000000-0x0000000140000000, reserved size: 1073741824
Narrow klass base: 0x0000000000000000, Narrow klass shift: 3, Narrow klass range: 0x140000000

GC Precious Log:
 CardTable entry size: 512
 Card Set container configuration: InlinePtr #cards 5 size 8 Array Of Cards #cards 12 size 40 Howl #buckets 4 coarsen threshold 1843 Howl Bitmap #cards 512 size 80 coarsen threshold 460 Card regions per heap region 1 cards per card region 2048
 CPUs: 12 total, 12 available
 Memory: 16318M
 Large Page Support: Disabled
 NUMA Support: Disabled
 Compressed Oops: Enabled (32-bit)
 Heap Region Size: 1M
 Heap Min Capacity: 8M
 Heap Initial Capacity: 256M
 Heap Max Capacity: 2G
 Pre-touch: Disabled
 Parallel Workers: 10
 Concurrent Workers: 3
 Concurrent Refinement Workers: 10
 Periodic GC: Disabled

Heap:
 garbage-first heap   total 233472K, used 69715K [0x0000000080000000, 0x0000000100000000)
  region size 1024K, 4 young (4096K), 4 survivors (4096K)
 Metaspace       used 52156K, committed 53504K, reserved 1114112K
  class space    used 6906K, committed 7552K, reserved 1048576K

Heap Regions: E=young(eden), S=young(survivor), O=old, HS=humongous(starts), HC=humongous(continues), CS=collection set, F=free, TAMS=top-at-mark-start, PB=parsable bottom
|   0|0x0000000080000000, 0x0000000080100000, 0x0000000080100000|100%|HS|  |TAMS 0x0000000080100000| PB 0x0000000080000000| Complete 
|   1|0x0000000080100000, 0x0000000080200000, 0x0000000080200000|100%|HC|  |TAMS 0x0000000080200000| PB 0x0000000080100000| Complete 
|   2|0x0000000080200000, 0x0000000080300000, 0x0000000080300000|100%|HC|  |TAMS 0x0000000080300000| PB 0x0000000080200000| Complete 
|   3|0x0000000080300000, 0x0000000080400000, 0x0000000080400000|100%|HC|  |TAMS 0x0000000080400000| PB 0x0000000080300000| Complete 
|   4|0x0000000080400000, 0x0000000080500000, 0x0000000080500000|100%| O|  |TAMS 0x0000000080500000| PB 0x0000000080400000| Untracked 
|   5|0x0000000080500000, 0x0000000080600000, 0x0000000080600000|100%| O|  |TAMS 0x0000000080600000| PB 0x0000000080500000| Untracked 
|   6|0x0000000080600000, 0x0000000080700000, 0x0000000080700000|100%| O|  |TAMS 0x0000000080700000| PB 0x0000000080600000| Untracked 
|   7|0x0000000080700000, 0x0000000080800000, 0x0000000080800000|100%| O|  |TAMS 0x0000000080800000| PB 0x0000000080700000| Untracked 
|   8|0x0000000080800000, 0x0000000080900000, 0x0000000080900000|100%|HS|  |TAMS 0x0000000080900000| PB 0x0000000080800000| Complete 
|   9|0x0000000080900000, 0x0000000080a00000, 0x0000000080a00000|100%| O|  |TAMS 0x0000000080a00000| PB 0x0000000080900000| Untracked 
|  10|0x0000000080a00000, 0x0000000080b00000, 0x0000000080b00000|100%| O|  |TAMS 0x0000000080b00000| PB 0x0000000080a00000| Untracked 
|  11|0x0000000080b00000, 0x0000000080c00000, 0x0000000080c00000|100%| O|  |TAMS 0x0000000080c00000| PB 0x0000000080b00000| Untracked 
|  12|0x0000000080c00000, 0x0000000080d00000, 0x0000000080d00000|100%|HS|  |TAMS 0x0000000080d00000| PB 0x0000000080c00000| Complete 
|  13|0x0000000080d00000, 0x0000000080e00000, 0x0000000080e00000|100%|HC|  |TAMS 0x0000000080e00000| PB 0x0000000080d00000| Complete 
|  14|0x0000000080e00000, 0x0000000080f00000, 0x0000000080f00000|100%|HC|  |TAMS 0x0000000080f00000| PB 0x0000000080e00000| Complete 
|  15|0x0000000080f00000, 0x0000000081000000, 0x0000000081000000|100%|HC|  |TAMS 0x0000000081000000| PB 0x0000000080f00000| Complete 
|  16|0x0000000081000000, 0x0000000081100000, 0x0000000081100000|100%|HC|  |TAMS 0x0000000081100000| PB 0x0000000081000000| Complete 
|  17|0x0000000081100000, 0x0000000081200000, 0x0000000081200000|100%|HC|  |TAMS 0x0000000081200000| PB 0x0000000081100000| Complete 
|  18|0x0000000081200000, 0x0000000081300000, 0x0000000081300000|100%|HS|  |TAMS 0x0000000081300000| PB 0x0000000081200000| Complete 
|  19|0x0000000081300000, 0x0000000081400000, 0x0000000081400000|100%|HC|  |TAMS 0x0000000081400000| PB 0x0000000081300000| Complete 
|  20|0x0000000081400000, 0x0000000081500000, 0x0000000081500000|100%|HC|  |TAMS 0x0000000081500000| PB 0x0000000081400000| Complete 
|  21|0x0000000081500000, 0x0000000081600000, 0x0000000081600000|100%|HC|  |TAMS 0x0000000081600000| PB 0x0000000081500000| Complete 
|  22|0x0000000081600000, 0x0000000081700000, 0x0000000081700000|100%|HS|  |TAMS 0x0000000081700000| PB 0x0000000081600000| Complete 
|  23|0x0000000081700000, 0x0000000081800000, 0x0000000081800000|100%|HC|  |TAMS 0x0000000081800000| PB 0x0000000081700000| Complete 
|  24|0x0000000081800000, 0x0000000081900000, 0x0000000081900000|100%|HS|  |TAMS 0x0000000081900000| PB 0x0000000081800000| Complete 
|  25|0x0000000081900000, 0x0000000081a00000, 0x0000000081a00000|100%|HS|  |TAMS 0x0000000081a00000| PB 0x0000000081900000| Complete 
|  26|0x0000000081a00000, 0x0000000081b00000, 0x0000000081b00000|100%|HC|  |TAMS 0x0000000081b00000| PB 0x0000000081a00000| Complete 
|  27|0x0000000081b00000, 0x0000000081c00000, 0x0000000081c00000|100%|HC|  |TAMS 0x0000000081c00000| PB 0x0000000081b00000| Complete 
|  28|0x0000000081c00000, 0x0000000081d00000, 0x0000000081d00000|100%|HC|  |TAMS 0x0000000081d00000| PB 0x0000000081c00000| Complete 
|  29|0x0000000081d00000, 0x0000000081e00000, 0x0000000081e00000|100%|HC|  |TAMS 0x0000000081e00000| PB 0x0000000081d00000| Complete 
|  30|0x0000000081e00000, 0x0000000081f00000, 0x0000000081f00000|100%|HC|  |TAMS 0x0000000081f00000| PB 0x0000000081e00000| Complete 
|  31|0x0000000081f00000, 0x0000000082000000, 0x0000000082000000|100%|HS|  |TAMS 0x0000000082000000| PB 0x0000000081f00000| Complete 
|  32|0x0000000082000000, 0x0000000082100000, 0x0000000082100000|100%| O|  |TAMS 0x0000000082100000| PB 0x0000000082000000| Untracked 
|  33|0x0000000082100000, 0x0000000082200000, 0x0000000082200000|100%| O|  |TAMS 0x0000000082200000| PB 0x0000000082100000| Untracked 
|  34|0x0000000082200000, 0x0000000082300000, 0x0000000082300000|100%| O|  |TAMS 0x0000000082300000| PB 0x0000000082200000| Untracked 
|  35|0x0000000082300000, 0x0000000082400000, 0x0000000082400000|100%| O|  |TAMS 0x0000000082400000| PB 0x0000000082300000| Untracked 
|  36|0x0000000082400000, 0x0000000082500000, 0x0000000082500000|100%| O|  |TAMS 0x0000000082500000| PB 0x0000000082400000| Untracked 
|  37|0x0000000082500000, 0x0000000082600000, 0x0000000082600000|100%| O|  |TAMS 0x0000000082600000| PB 0x0000000082500000| Untracked 
|  38|0x0000000082600000, 0x0000000082700000, 0x0000000082700000|100%|HS|  |TAMS 0x0000000082700000| PB 0x0000000082600000| Complete 
|  39|0x0000000082700000, 0x0000000082800000, 0x0000000082800000|100%| O|  |TAMS 0x0000000082800000| PB 0x0000000082700000| Untracked 
|  40|0x0000000082800000, 0x0000000082900000, 0x0000000082900000|100%| O|  |TAMS 0x0000000082900000| PB 0x0000000082800000| Untracked 
|  41|0x0000000082900000, 0x0000000082a00000, 0x0000000082a00000|100%| O|  |TAMS 0x0000000082a00000| PB 0x0000000082900000| Untracked 
|  42|0x0000000082a00000, 0x0000000082b00000, 0x0000000082b00000|100%| O|  |TAMS 0x0000000082b00000| PB 0x0000000082a00000| Untracked 
|  43|0x0000000082b00000, 0x0000000082c00000, 0x0000000082c00000|100%| O|  |TAMS 0x0000000082c00000| PB 0x0000000082b00000| Untracked 
|  44|0x0000000082c00000, 0x0000000082d00000, 0x0000000082d00000|100%| O|  |TAMS 0x0000000082d00000| PB 0x0000000082c00000| Untracked 
|  45|0x0000000082d00000, 0x0000000082e00000, 0x0000000082e00000|100%| O|  |TAMS 0x0000000082e00000| PB 0x0000000082d00000| Untracked 
|  46|0x0000000082e00000, 0x0000000082f00000, 0x0000000082f00000|100%| O|  |TAMS 0x0000000082f00000| PB 0x0000000082e00000| Untracked 
|  47|0x0000000082f00000, 0x0000000082f80250, 0x0000000083000000| 50%| O|  |TAMS 0x0000000082f80250| PB 0x0000000082f00000| Untracked 
|  48|0x0000000083000000, 0x0000000083000000, 0x0000000083100000|  0%| F|  |TAMS 0x0000000083000000| PB 0x0000000083000000| Untracked 
|  49|0x0000000083100000, 0x0000000083100000, 0x0000000083200000|  0%| F|  |TAMS 0x0000000083100000| PB 0x0000000083100000| Untracked 
|  50|0x0000000083200000, 0x0000000083200000, 0x0000000083300000|  0%| F|  |TAMS 0x0000000083200000| PB 0x0000000083200000| Untracked 
|  51|0x0000000083300000, 0x0000000083300000, 0x0000000083400000|  0%| F|  |TAMS 0x0000000083300000| PB 0x0000000083300000| Untracked 
|  52|0x0000000083400000, 0x0000000083400000, 0x0000000083500000|  0%| F|  |TAMS 0x0000000083400000| PB 0x0000000083400000| Untracked 
|  53|0x0000000083500000, 0x0000000083500000, 0x0000000083600000|  0%| F|  |TAMS 0x0000000083500000| PB 0x0000000083500000| Untracked 
|  54|0x0000000083600000, 0x0000000083600000, 0x0000000083700000|  0%| F|  |TAMS 0x0000000083600000| PB 0x0000000083600000| Untracked 
|  55|0x0000000083700000, 0x0000000083700000, 0x0000000083800000|  0%| F|  |TAMS 0x0000000083700000| PB 0x0000000083700000| Untracked 
|  56|0x0000000083800000, 0x0000000083800000, 0x0000000083900000|  0%| F|  |TAMS 0x0000000083800000| PB 0x0000000083800000| Untracked 
|  57|0x0000000083900000, 0x0000000083900000, 0x0000000083a00000|  0%| F|  |TAMS 0x0000000083900000| PB 0x0000000083900000| Untracked 
|  58|0x0000000083a00000, 0x0000000083a00000, 0x0000000083b00000|  0%| F|  |TAMS 0x0000000083a00000| PB 0x0000000083a00000| Untracked 
|  59|0x0000000083b00000, 0x0000000083b00000, 0x0000000083c00000|  0%| F|  |TAMS 0x0000000083b00000| PB 0x0000000083b00000| Untracked 
|  60|0x0000000083c00000, 0x0000000083c00000, 0x0000000083d00000|  0%| F|  |TAMS 0x0000000083c00000| PB 0x0000000083c00000| Untracked 
|  61|0x0000000083d00000, 0x0000000083d00000, 0x0000000083e00000|  0%| F|  |TAMS 0x0000000083d00000| PB 0x0000000083d00000| Untracked 
|  62|0x0000000083e00000, 0x0000000083f00000, 0x0000000083f00000|100%|HS|  |TAMS 0x0000000083f00000| PB 0x0000000083e00000| Complete 
|  63|0x0000000083f00000, 0x0000000084000000, 0x0000000084000000|100%|HC|  |TAMS 0x0000000084000000| PB 0x0000000083f00000| Complete 
|  64|0x0000000084000000, 0x0000000084100000, 0x0000000084100000|100%|HC|  |TAMS 0x0000000084100000| PB 0x0000000084000000| Complete 
|  65|0x0000000084100000, 0x0000000084200000, 0x0000000084200000|100%|HC|  |TAMS 0x0000000084200000| PB 0x0000000084100000| Complete 
|  66|0x0000000084200000, 0x0000000084300000, 0x0000000084300000|100%|HS|  |TAMS 0x0000000084300000| PB 0x0000000084200000| Complete 
|  67|0x0000000084300000, 0x0000000084400000, 0x0000000084400000|100%|HC|  |TAMS 0x0000000084400000| PB 0x0000000084300000| Complete 
|  68|0x0000000084400000, 0x0000000084494c80, 0x0000000084500000| 58%| S|CS|TAMS 0x0000000084400000| PB 0x0000000084400000| Complete 
|  69|0x0000000084500000, 0x0000000084600000, 0x0000000084600000|100%| S|CS|TAMS 0x0000000084500000| PB 0x0000000084500000| Complete 
|  70|0x0000000084600000, 0x0000000084700000, 0x0000000084700000|100%| S|CS|TAMS 0x0000000084600000| PB 0x0000000084600000| Complete 
|  71|0x0000000084700000, 0x0000000084700000, 0x0000000084800000|  0%| F|  |TAMS 0x0000000084700000| PB 0x0000000084700000| Untracked 
|  72|0x0000000084800000, 0x0000000084800000, 0x0000000084900000|  0%| F|  |TAMS 0x0000000084800000| PB 0x0000000084800000| Untracked 
|  73|0x0000000084900000, 0x0000000084a00000, 0x0000000084a00000|100%| S|CS|TAMS 0x0000000084900000| PB 0x0000000084900000| Complete 
|  74|0x0000000084a00000, 0x0000000084a00000, 0x0000000084b00000|  0%| F|  |TAMS 0x0000000084a00000| PB 0x0000000084a00000| Untracked 
|  75|0x0000000084b00000, 0x0000000084b00000, 0x0000000084c00000|  0%| F|  |TAMS 0x0000000084b00000| PB 0x0000000084b00000| Untracked 
|  76|0x0000000084c00000, 0x0000000084c00000, 0x0000000084d00000|  0%| F|  |TAMS 0x0000000084c00000| PB 0x0000000084c00000| Untracked 
|  77|0x0000000084d00000, 0x0000000084d00000, 0x0000000084e00000|  0%| F|  |TAMS 0x0000000084d00000| PB 0x0000000084d00000| Untracked 
|  78|0x0000000084e00000, 0x0000000084e00000, 0x0000000084f00000|  0%| F|  |TAMS 0x0000000084e00000| PB 0x0000000084e00000| Untracked 
|  79|0x0000000084f00000, 0x0000000084f00000, 0x0000000085000000|  0%| F|  |TAMS 0x0000000084f00000| PB 0x0000000084f00000| Untracked 
|  80|0x0000000085000000, 0x0000000085000000, 0x0000000085100000|  0%| F|  |TAMS 0x0000000085000000| PB 0x0000000085000000| Untracked 
|  81|0x0000000085100000, 0x0000000085100000, 0x0000000085200000|  0%| F|  |TAMS 0x0000000085100000| PB 0x0000000085100000| Untracked 
|  82|0x0000000085200000, 0x0000000085200000, 0x0000000085300000|  0%| F|  |TAMS 0x0000000085200000| PB 0x0000000085200000| Untracked 
|  83|0x0000000085300000, 0x0000000085300000, 0x0000000085400000|  0%| F|  |TAMS 0x0000000085300000| PB 0x0000000085300000| Untracked 
|  84|0x0000000085400000, 0x0000000085400000, 0x0000000085500000|  0%| F|  |TAMS 0x0000000085400000| PB 0x0000000085400000| Untracked 
|  85|0x0000000085500000, 0x0000000085500000, 0x0000000085600000|  0%| F|  |TAMS 0x0000000085500000| PB 0x0000000085500000| Untracked 
|  86|0x0000000085600000, 0x0000000085600000, 0x0000000085700000|  0%| F|  |TAMS 0x0000000085600000| PB 0x0000000085600000| Untracked 
|  87|0x0000000085700000, 0x0000000085700000, 0x0000000085800000|  0%| F|  |TAMS 0x0000000085700000| PB 0x0000000085700000| Untracked 
|  88|0x0000000085800000, 0x0000000085800000, 0x0000000085900000|  0%| F|  |TAMS 0x0000000085800000| PB 0x0000000085800000| Untracked 
|  89|0x0000000085900000, 0x0000000085900000, 0x0000000085a00000|  0%| F|  |TAMS 0x0000000085900000| PB 0x0000000085900000| Untracked 
|  90|0x0000000085a00000, 0x0000000085a00000, 0x0000000085b00000|  0%| F|  |TAMS 0x0000000085a00000| PB 0x0000000085a00000| Untracked 
|  91|0x0000000085b00000, 0x0000000085b00000, 0x0000000085c00000|  0%| F|  |TAMS 0x0000000085b00000| PB 0x0000000085b00000| Untracked 
|  92|0x0000000085c00000, 0x0000000085c00000, 0x0000000085d00000|  0%| F|  |TAMS 0x0000000085c00000| PB 0x0000000085c00000| Untracked 
|  93|0x0000000085d00000, 0x0000000085d00000, 0x0000000085e00000|  0%| F|  |TAMS 0x0000000085d00000| PB 0x0000000085d00000| Untracked 
|  94|0x0000000085e00000, 0x0000000085e00000, 0x0000000085f00000|  0%| F|  |TAMS 0x0000000085e00000| PB 0x0000000085e00000| Untracked 
|  95|0x0000000085f00000, 0x0000000085f00000, 0x0000000086000000|  0%| F|  |TAMS 0x0000000085f00000| PB 0x0000000085f00000| Untracked 
|  96|0x0000000086000000, 0x0000000086000000, 0x0000000086100000|  0%| F|  |TAMS 0x0000000086000000| PB 0x0000000086000000| Untracked 
|  97|0x0000000086100000, 0x0000000086100000, 0x0000000086200000|  0%| F|  |TAMS 0x0000000086100000| PB 0x0000000086100000| Untracked 
|  98|0x0000000086200000, 0x0000000086200000, 0x0000000086300000|  0%| F|  |TAMS 0x0000000086200000| PB 0x0000000086200000| Untracked 
|  99|0x0000000086300000, 0x0000000086300000, 0x0000000086400000|  0%| F|  |TAMS 0x0000000086300000| PB 0x0000000086300000| Untracked 
| 100|0x0000000086400000, 0x0000000086400000, 0x0000000086500000|  0%| F|  |TAMS 0x0000000086400000| PB 0x0000000086400000| Untracked 
| 101|0x0000000086500000, 0x0000000086500000, 0x0000000086600000|  0%| F|  |TAMS 0x0000000086500000| PB 0x0000000086500000| Untracked 
| 102|0x0000000086600000, 0x0000000086600000, 0x0000000086700000|  0%| F|  |TAMS 0x0000000086600000| PB 0x0000000086600000| Untracked 
| 103|0x0000000086700000, 0x0000000086700000, 0x0000000086800000|  0%| F|  |TAMS 0x0000000086700000| PB 0x0000000086700000| Untracked 
| 104|0x0000000086800000, 0x0000000086800000, 0x0000000086900000|  0%| F|  |TAMS 0x0000000086800000| PB 0x0000000086800000| Untracked 
| 105|0x0000000086900000, 0x0000000086900000, 0x0000000086a00000|  0%| F|  |TAMS 0x0000000086900000| PB 0x0000000086900000| Untracked 
| 106|0x0000000086a00000, 0x0000000086a00000, 0x0000000086b00000|  0%| F|  |TAMS 0x0000000086a00000| PB 0x0000000086a00000| Untracked 
| 107|0x0000000086b00000, 0x0000000086b00000, 0x0000000086c00000|  0%| F|  |TAMS 0x0000000086b00000| PB 0x0000000086b00000| Untracked 
| 108|0x0000000086c00000, 0x0000000086c00000, 0x0000000086d00000|  0%| F|  |TAMS 0x0000000086c00000| PB 0x0000000086c00000| Untracked 
| 109|0x0000000086d00000, 0x0000000086d00000, 0x0000000086e00000|  0%| F|  |TAMS 0x0000000086d00000| PB 0x0000000086d00000| Untracked 
| 110|0x0000000086e00000, 0x0000000086e00000, 0x0000000086f00000|  0%| F|  |TAMS 0x0000000086e00000| PB 0x0000000086e00000| Untracked 
| 111|0x0000000086f00000, 0x0000000086f00000, 0x0000000087000000|  0%| F|  |TAMS 0x0000000086f00000| PB 0x0000000086f00000| Untracked 
| 112|0x0000000087000000, 0x0000000087000000, 0x0000000087100000|  0%| F|  |TAMS 0x0000000087000000| PB 0x0000000087000000| Untracked 
| 113|0x0000000087100000, 0x0000000087100000, 0x0000000087200000|  0%| F|  |TAMS 0x0000000087100000| PB 0x0000000087100000| Untracked 
| 114|0x0000000087200000, 0x0000000087200000, 0x0000000087300000|  0%| F|  |TAMS 0x0000000087200000| PB 0x0000000087200000| Untracked 
| 115|0x0000000087300000, 0x0000000087300000, 0x0000000087400000|  0%| F|  |TAMS 0x0000000087300000| PB 0x0000000087300000| Untracked 
| 116|0x0000000087400000, 0x0000000087400000, 0x0000000087500000|  0%| F|  |TAMS 0x0000000087400000| PB 0x0000000087400000| Untracked 
| 117|0x0000000087500000, 0x0000000087500000, 0x0000000087600000|  0%| F|  |TAMS 0x0000000087500000| PB 0x0000000087500000| Untracked 
| 118|0x0000000087600000, 0x0000000087600000, 0x0000000087700000|  0%| F|  |TAMS 0x0000000087600000| PB 0x0000000087600000| Untracked 
| 119|0x0000000087700000, 0x0000000087700000, 0x0000000087800000|  0%| F|  |TAMS 0x0000000087700000| PB 0x0000000087700000| Untracked 
| 120|0x0000000087800000, 0x0000000087800000, 0x0000000087900000|  0%| F|  |TAMS 0x0000000087800000| PB 0x0000000087800000| Untracked 
| 121|0x0000000087900000, 0x0000000087900000, 0x0000000087a00000|  0%| F|  |TAMS 0x0000000087900000| PB 0x0000000087900000| Untracked 
| 122|0x0000000087a00000, 0x0000000087a00000, 0x0000000087b00000|  0%| F|  |TAMS 0x0000000087a00000| PB 0x0000000087a00000| Untracked 
| 123|0x0000000087b00000, 0x0000000087b00000, 0x0000000087c00000|  0%| F|  |TAMS 0x0000000087b00000| PB 0x0000000087b00000| Untracked 
| 124|0x0000000087c00000, 0x0000000087c00000, 0x0000000087d00000|  0%| F|  |TAMS 0x0000000087c00000| PB 0x0000000087c00000| Untracked 
| 125|0x0000000087d00000, 0x0000000087d00000, 0x0000000087e00000|  0%| F|  |TAMS 0x0000000087d00000| PB 0x0000000087d00000| Untracked 
| 126|0x0000000087e00000, 0x0000000087e00000, 0x0000000087f00000|  0%| F|  |TAMS 0x0000000087e00000| PB 0x0000000087e00000| Untracked 
| 127|0x0000000087f00000, 0x0000000087f00000, 0x0000000088000000|  0%| F|  |TAMS 0x0000000087f00000| PB 0x0000000087f00000| Untracked 
| 128|0x0000000088000000, 0x0000000088000000, 0x0000000088100000|  0%| F|  |TAMS 0x0000000088000000| PB 0x0000000088000000| Untracked 
| 129|0x0000000088100000, 0x0000000088100000, 0x0000000088200000|  0%| F|  |TAMS 0x0000000088100000| PB 0x0000000088100000| Untracked 
| 130|0x0000000088200000, 0x0000000088200000, 0x0000000088300000|  0%| F|  |TAMS 0x0000000088200000| PB 0x0000000088200000| Untracked 
| 131|0x0000000088300000, 0x0000000088300000, 0x0000000088400000|  0%| F|  |TAMS 0x0000000088300000| PB 0x0000000088300000| Untracked 
| 132|0x0000000088400000, 0x0000000088400000, 0x0000000088500000|  0%| F|  |TAMS 0x0000000088400000| PB 0x0000000088400000| Untracked 
| 133|0x0000000088500000, 0x0000000088500000, 0x0000000088600000|  0%| F|  |TAMS 0x0000000088500000| PB 0x0000000088500000| Untracked 
| 134|0x0000000088600000, 0x0000000088600000, 0x0000000088700000|  0%| F|  |TAMS 0x0000000088600000| PB 0x0000000088600000| Untracked 
| 135|0x0000000088700000, 0x0000000088700000, 0x0000000088800000|  0%| F|  |TAMS 0x0000000088700000| PB 0x0000000088700000| Untracked 
| 136|0x0000000088800000, 0x0000000088800000, 0x0000000088900000|  0%| F|  |TAMS 0x0000000088800000| PB 0x0000000088800000| Untracked 
| 137|0x0000000088900000, 0x0000000088900000, 0x0000000088a00000|  0%| F|  |TAMS 0x0000000088900000| PB 0x0000000088900000| Untracked 
| 138|0x0000000088a00000, 0x0000000088a00000, 0x0000000088b00000|  0%| F|  |TAMS 0x0000000088a00000| PB 0x0000000088a00000| Untracked 
| 139|0x0000000088b00000, 0x0000000088b00000, 0x0000000088c00000|  0%| F|  |TAMS 0x0000000088b00000| PB 0x0000000088b00000| Untracked 
| 140|0x0000000088c00000, 0x0000000088c00000, 0x0000000088d00000|  0%| F|  |TAMS 0x0000000088c00000| PB 0x0000000088c00000| Untracked 
| 141|0x0000000088d00000, 0x0000000088d00000, 0x0000000088e00000|  0%| F|  |TAMS 0x0000000088d00000| PB 0x0000000088d00000| Untracked 
| 142|0x0000000088e00000, 0x0000000088e00000, 0x0000000088f00000|  0%| F|  |TAMS 0x0000000088e00000| PB 0x0000000088e00000| Untracked 
| 143|0x0000000088f00000, 0x0000000088f00000, 0x0000000089000000|  0%| F|  |TAMS 0x0000000088f00000| PB 0x0000000088f00000| Untracked 
| 144|0x0000000089000000, 0x0000000089000000, 0x0000000089100000|  0%| F|  |TAMS 0x0000000089000000| PB 0x0000000089000000| Untracked 
| 145|0x0000000089100000, 0x0000000089100000, 0x0000000089200000|  0%| F|  |TAMS 0x0000000089100000| PB 0x0000000089100000| Untracked 
| 146|0x0000000089200000, 0x0000000089200000, 0x0000000089300000|  0%| F|  |TAMS 0x0000000089200000| PB 0x0000000089200000| Untracked 
| 147|0x0000000089300000, 0x0000000089300000, 0x0000000089400000|  0%| F|  |TAMS 0x0000000089300000| PB 0x0000000089300000| Untracked 
| 148|0x0000000089400000, 0x0000000089400000, 0x0000000089500000|  0%| F|  |TAMS 0x0000000089400000| PB 0x0000000089400000| Untracked 
| 149|0x0000000089500000, 0x0000000089500000, 0x0000000089600000|  0%| F|  |TAMS 0x0000000089500000| PB 0x0000000089500000| Untracked 
| 150|0x0000000089600000, 0x0000000089600000, 0x0000000089700000|  0%| F|  |TAMS 0x0000000089600000| PB 0x0000000089600000| Untracked 
| 151|0x0000000089700000, 0x0000000089700000, 0x0000000089800000|  0%| F|  |TAMS 0x0000000089700000| PB 0x0000000089700000| Untracked 
| 152|0x0000000089800000, 0x0000000089800000, 0x0000000089900000|  0%| F|  |TAMS 0x0000000089800000| PB 0x0000000089800000| Untracked 
| 153|0x0000000089900000, 0x0000000089900000, 0x0000000089a00000|  0%| F|  |TAMS 0x0000000089900000| PB 0x0000000089900000| Untracked 
| 154|0x0000000089a00000, 0x0000000089a00000, 0x0000000089b00000|  0%| F|  |TAMS 0x0000000089a00000| PB 0x0000000089a00000| Untracked 
| 155|0x0000000089b00000, 0x0000000089b00000, 0x0000000089c00000|  0%| F|  |TAMS 0x0000000089b00000| PB 0x0000000089b00000| Untracked 
| 156|0x0000000089c00000, 0x0000000089c00000, 0x0000000089d00000|  0%| F|  |TAMS 0x0000000089c00000| PB 0x0000000089c00000| Untracked 
| 157|0x0000000089d00000, 0x0000000089d00000, 0x0000000089e00000|  0%| F|  |TAMS 0x0000000089d00000| PB 0x0000000089d00000| Untracked 
| 158|0x0000000089e00000, 0x0000000089e00000, 0x0000000089f00000|  0%| F|  |TAMS 0x0000000089e00000| PB 0x0000000089e00000| Untracked 
| 159|0x0000000089f00000, 0x0000000089f00000, 0x000000008a000000|  0%| F|  |TAMS 0x0000000089f00000| PB 0x0000000089f00000| Untracked 
| 160|0x000000008a000000, 0x000000008a000000, 0x000000008a100000|  0%| F|  |TAMS 0x000000008a000000| PB 0x000000008a000000| Untracked 
| 161|0x000000008a100000, 0x000000008a100000, 0x000000008a200000|  0%| F|  |TAMS 0x000000008a100000| PB 0x000000008a100000| Untracked 
| 162|0x000000008a200000, 0x000000008a200000, 0x000000008a300000|  0%| F|  |TAMS 0x000000008a200000| PB 0x000000008a200000| Untracked 
| 163|0x000000008a300000, 0x000000008a300000, 0x000000008a400000|  0%| F|  |TAMS 0x000000008a300000| PB 0x000000008a300000| Untracked 
| 164|0x000000008a400000, 0x000000008a400000, 0x000000008a500000|  0%| F|  |TAMS 0x000000008a400000| PB 0x000000008a400000| Untracked 
| 165|0x000000008a500000, 0x000000008a500000, 0x000000008a600000|  0%| F|  |TAMS 0x000000008a500000| PB 0x000000008a500000| Untracked 
| 166|0x000000008a600000, 0x000000008a600000, 0x000000008a700000|  0%| F|  |TAMS 0x000000008a600000| PB 0x000000008a600000| Untracked 
| 167|0x000000008a700000, 0x000000008a700000, 0x000000008a800000|  0%| F|  |TAMS 0x000000008a700000| PB 0x000000008a700000| Untracked 
| 168|0x000000008a800000, 0x000000008a800000, 0x000000008a900000|  0%| F|  |TAMS 0x000000008a800000| PB 0x000000008a800000| Untracked 
| 169|0x000000008a900000, 0x000000008a900000, 0x000000008aa00000|  0%| F|  |TAMS 0x000000008a900000| PB 0x000000008a900000| Untracked 
| 170|0x000000008aa00000, 0x000000008aa00000, 0x000000008ab00000|  0%| F|  |TAMS 0x000000008aa00000| PB 0x000000008aa00000| Untracked 
| 171|0x000000008ab00000, 0x000000008ab00000, 0x000000008ac00000|  0%| F|  |TAMS 0x000000008ab00000| PB 0x000000008ab00000| Untracked 
| 172|0x000000008ac00000, 0x000000008ac00000, 0x000000008ad00000|  0%| F|  |TAMS 0x000000008ac00000| PB 0x000000008ac00000| Untracked 
| 173|0x000000008ad00000, 0x000000008ad00000, 0x000000008ae00000|  0%| F|  |TAMS 0x000000008ad00000| PB 0x000000008ad00000| Untracked 
| 174|0x000000008ae00000, 0x000000008ae00000, 0x000000008af00000|  0%| F|  |TAMS 0x000000008ae00000| PB 0x000000008ae00000| Untracked 
| 175|0x000000008af00000, 0x000000008af00000, 0x000000008b000000|  0%| F|  |TAMS 0x000000008af00000| PB 0x000000008af00000| Untracked 
| 176|0x000000008b000000, 0x000000008b000000, 0x000000008b100000|  0%| F|  |TAMS 0x000000008b000000| PB 0x000000008b000000| Untracked 
| 177|0x000000008b100000, 0x000000008b100000, 0x000000008b200000|  0%| F|  |TAMS 0x000000008b100000| PB 0x000000008b100000| Untracked 
| 178|0x000000008b200000, 0x000000008b200000, 0x000000008b300000|  0%| F|  |TAMS 0x000000008b200000| PB 0x000000008b200000| Untracked 
| 179|0x000000008b300000, 0x000000008b300000, 0x000000008b400000|  0%| F|  |TAMS 0x000000008b300000| PB 0x000000008b300000| Untracked 
| 180|0x000000008b400000, 0x000000008b400000, 0x000000008b500000|  0%| F|  |TAMS 0x000000008b400000| PB 0x000000008b400000| Untracked 
| 181|0x000000008b500000, 0x000000008b500000, 0x000000008b600000|  0%| F|  |TAMS 0x000000008b500000| PB 0x000000008b500000| Untracked 
| 182|0x000000008b600000, 0x000000008b600000, 0x000000008b700000|  0%| F|  |TAMS 0x000000008b600000| PB 0x000000008b600000| Untracked 
| 183|0x000000008b700000, 0x000000008b700000, 0x000000008b800000|  0%| F|  |TAMS 0x000000008b700000| PB 0x000000008b700000| Untracked 
| 184|0x000000008b800000, 0x000000008b800000, 0x000000008b900000|  0%| F|  |TAMS 0x000000008b800000| PB 0x000000008b800000| Untracked 
| 185|0x000000008b900000, 0x000000008b900000, 0x000000008ba00000|  0%| F|  |TAMS 0x000000008b900000| PB 0x000000008b900000| Untracked 
| 186|0x000000008ba00000, 0x000000008ba00000, 0x000000008bb00000|  0%| F|  |TAMS 0x000000008ba00000| PB 0x000000008ba00000| Untracked 
| 187|0x000000008bb00000, 0x000000008bb00000, 0x000000008bc00000|  0%| F|  |TAMS 0x000000008bb00000| PB 0x000000008bb00000| Untracked 
| 188|0x000000008bc00000, 0x000000008bc00000, 0x000000008bd00000|  0%| F|  |TAMS 0x000000008bc00000| PB 0x000000008bc00000| Untracked 
| 189|0x000000008bd00000, 0x000000008bd00000, 0x000000008be00000|  0%| F|  |TAMS 0x000000008bd00000| PB 0x000000008bd00000| Untracked 
| 190|0x000000008be00000, 0x000000008be00000, 0x000000008bf00000|  0%| F|  |TAMS 0x000000008be00000| PB 0x000000008be00000| Untracked 
| 191|0x000000008bf00000, 0x000000008bf00000, 0x000000008c000000|  0%| F|  |TAMS 0x000000008bf00000| PB 0x000000008bf00000| Untracked 
| 192|0x000000008c000000, 0x000000008c000000, 0x000000008c100000|  0%| F|  |TAMS 0x000000008c000000| PB 0x000000008c000000| Untracked 
| 193|0x000000008c100000, 0x000000008c100000, 0x000000008c200000|  0%| F|  |TAMS 0x000000008c100000| PB 0x000000008c100000| Untracked 
| 194|0x000000008c200000, 0x000000008c200000, 0x000000008c300000|  0%| F|  |TAMS 0x000000008c200000| PB 0x000000008c200000| Untracked 
| 195|0x000000008c300000, 0x000000008c300000, 0x000000008c400000|  0%| F|  |TAMS 0x000000008c300000| PB 0x000000008c300000| Untracked 
| 196|0x000000008c400000, 0x000000008c400000, 0x000000008c500000|  0%| F|  |TAMS 0x000000008c400000| PB 0x000000008c400000| Untracked 
| 197|0x000000008c500000, 0x000000008c500000, 0x000000008c600000|  0%| F|  |TAMS 0x000000008c500000| PB 0x000000008c500000| Untracked 
| 198|0x000000008c600000, 0x000000008c600000, 0x000000008c700000|  0%| F|  |TAMS 0x000000008c600000| PB 0x000000008c600000| Untracked 
| 199|0x000000008c700000, 0x000000008c700000, 0x000000008c800000|  0%| F|  |TAMS 0x000000008c700000| PB 0x000000008c700000| Untracked 
| 200|0x000000008c800000, 0x000000008c800000, 0x000000008c900000|  0%| F|  |TAMS 0x000000008c800000| PB 0x000000008c800000| Untracked 
| 201|0x000000008c900000, 0x000000008c900000, 0x000000008ca00000|  0%| F|  |TAMS 0x000000008c900000| PB 0x000000008c900000| Untracked 
| 202|0x000000008ca00000, 0x000000008ca00000, 0x000000008cb00000|  0%| F|  |TAMS 0x000000008ca00000| PB 0x000000008ca00000| Untracked 
| 203|0x000000008cb00000, 0x000000008cb00000, 0x000000008cc00000|  0%| F|  |TAMS 0x000000008cb00000| PB 0x000000008cb00000| Untracked 
| 204|0x000000008cc00000, 0x000000008cc00000, 0x000000008cd00000|  0%| F|  |TAMS 0x000000008cc00000| PB 0x000000008cc00000| Untracked 
| 205|0x000000008cd00000, 0x000000008cd00000, 0x000000008ce00000|  0%| F|  |TAMS 0x000000008cd00000| PB 0x000000008cd00000| Untracked 
| 206|0x000000008ce00000, 0x000000008ce00000, 0x000000008cf00000|  0%| F|  |TAMS 0x000000008ce00000| PB 0x000000008ce00000| Untracked 
| 207|0x000000008cf00000, 0x000000008cf00000, 0x000000008d000000|  0%| F|  |TAMS 0x000000008cf00000| PB 0x000000008cf00000| Untracked 
| 208|0x000000008d000000, 0x000000008d000000, 0x000000008d100000|  0%| F|  |TAMS 0x000000008d000000| PB 0x000000008d000000| Untracked 
| 209|0x000000008d100000, 0x000000008d100000, 0x000000008d200000|  0%| F|  |TAMS 0x000000008d100000| PB 0x000000008d100000| Untracked 
| 210|0x000000008d200000, 0x000000008d200000, 0x000000008d300000|  0%| F|  |TAMS 0x000000008d200000| PB 0x000000008d200000| Untracked 
| 211|0x000000008d300000, 0x000000008d300000, 0x000000008d400000|  0%| F|  |TAMS 0x000000008d300000| PB 0x000000008d300000| Untracked 
| 212|0x000000008d400000, 0x000000008d400000, 0x000000008d500000|  0%| F|  |TAMS 0x000000008d400000| PB 0x000000008d400000| Untracked 
| 213|0x000000008d500000, 0x000000008d500000, 0x000000008d600000|  0%| F|  |TAMS 0x000000008d500000| PB 0x000000008d500000| Untracked 
| 214|0x000000008d600000, 0x000000008d600000, 0x000000008d700000|  0%| F|  |TAMS 0x000000008d600000| PB 0x000000008d600000| Untracked 
| 215|0x000000008d700000, 0x000000008d700000, 0x000000008d800000|  0%| F|  |TAMS 0x000000008d700000| PB 0x000000008d700000| Untracked 
| 255|0x000000008ff00000, 0x000000008ff00000, 0x0000000090000000|  0%| F|  |TAMS 0x000000008ff00000| PB 0x000000008ff00000| Untracked 
|2037|0x00000000ff500000, 0x00000000ff600000, 0x00000000ff600000|100%| O|  |TAMS 0x00000000ff600000| PB 0x00000000ff500000| Untracked 
|2038|0x00000000ff600000, 0x00000000ff700000, 0x00000000ff700000|100%| O|  |TAMS 0x00000000ff700000| PB 0x00000000ff600000| Untracked 
|2039|0x00000000ff700000, 0x00000000ff800000, 0x00000000ff800000|100%| O|  |TAMS 0x00000000ff800000| PB 0x00000000ff700000| Untracked 
|2040|0x00000000ff800000, 0x00000000ff900000, 0x00000000ff900000|100%| O|  |TAMS 0x00000000ff900000| PB 0x00000000ff800000| Untracked 
|2041|0x00000000ff900000, 0x00000000ffa00000, 0x00000000ffa00000|100%| O|  |TAMS 0x00000000ffa00000| PB 0x00000000ff900000| Untracked 
|2042|0x00000000ffa00000, 0x00000000ffb00000, 0x00000000ffb00000|100%| O|  |TAMS 0x00000000ffb00000| PB 0x00000000ffa00000| Untracked 
|2043|0x00000000ffb00000, 0x00000000ffc00000, 0x00000000ffc00000|100%| O|  |TAMS 0x00000000ffc00000| PB 0x00000000ffb00000| Untracked 
|2044|0x00000000ffc00000, 0x00000000ffd00000, 0x00000000ffd00000|100%| O|  |TAMS 0x00000000ffd00000| PB 0x00000000ffc00000| Untracked 
|2045|0x00000000ffd00000, 0x00000000ffe00000, 0x00000000ffe00000|100%| O|  |TAMS 0x00000000ffe00000| PB 0x00000000ffd00000| Untracked 
|2046|0x00000000ffe00000, 0x00000000fff00000, 0x00000000fff00000|100%| O|  |TAMS 0x00000000fff00000| PB 0x00000000ffe00000| Untracked 
|2047|0x00000000fff00000, 0x0000000100000000, 0x0000000100000000|100%| O|  |TAMS 0x0000000100000000| PB 0x00000000fff00000| Untracked 

Card table byte_map: [0x00000213fae50000,0x00000213fb250000] _byte_map_base: 0x00000213faa50000

Marking Bits: (CMBitMap*) 0x00000213f73f6990
 Bits: [0x00000213fb250000, 0x00000213fd250000)

Polling page: 0x00000213f5230000

Metaspace:

Usage:
  Non-class:     44.19 MB used.
      Class:      6.74 MB used.
       Both:     50.93 MB used.

Virtual space:
  Non-class space:       64.00 MB reserved,      44.88 MB ( 70%) committed,  1 nodes.
      Class space:        1.00 GB reserved,       7.38 MB ( <1%) committed,  1 nodes.
             Both:        1.06 GB reserved,      52.25 MB (  5%) committed. 

Chunk freelists:
   Non-Class:  2.19 MB
       Class:  8.58 MB
        Both:  10.77 MB

MaxMetaspaceSize: unlimited
CompressedClassSpaceSize: 1.00 GB
Initial GC threshold: 21.00 MB
Current GC threshold: 59.00 MB
CDS: off
 - commit_granule_bytes: 65536.
 - commit_granule_words: 8192.
 - virtual_space_node_default_size: 8388608.
 - enlarge_chunks_in_place: 1.
 - use_allocation_guard: 0.


Internal statistics:

num_allocs_failed_limit: 6.
num_arena_births: 2412.
num_arena_deaths: 0.
num_vsnodes_births: 2.
num_vsnodes_deaths: 0.
num_space_committed: 836.
num_space_uncommitted: 0.
num_chunks_returned_to_freelist: 6.
num_chunks_taken_from_freelist: 4336.
num_chunk_merges: 6.
num_chunk_splits: 2821.
num_chunks_enlarged: 1739.
num_inconsistent_stats: 0.

CodeHeap 'non-profiled nmethods': size=120000Kb used=3252Kb max_used=3252Kb free=116747Kb
 bounds [0x0000021387ad0000, 0x0000021387e00000, 0x000002138f000000]
CodeHeap 'profiled nmethods': size=120000Kb used=10153Kb max_used=10153Kb free=109846Kb
 bounds [0x0000021380000000, 0x00000213809f0000, 0x0000021387530000]
CodeHeap 'non-nmethods': size=5760Kb used=2686Kb max_used=2740Kb free=3073Kb
 bounds [0x0000021387530000, 0x00000213877f0000, 0x0000021387ad0000]
 total_blobs=5813 nmethods=4971 adapters=746
 compilation: enabled
              stopped_count=0, restarted_count=0
 full_count=0

Compilation events (20 events):
Event: 4.187 Thread 0x000002138f149cf0 5325       3       org.gradle.internal.classpath.InstrumentingTransformer$InstrumentingMethodVisitor::visitInvokeDynamicInsn (54 bytes)
Event: 4.187 Thread 0x000002138f149cf0 nmethod 5325 0x00000213809e6290 code [0x00000213809e64c0, 0x00000213809e6b30]
Event: 4.187 Thread 0x000002138f149cf0 5326       3       org.gradle.internal.classpath.InstrumentingTransformer$InstrumentingMethodVisitor::isGroovyIndyCallsite (57 bytes)
Event: 4.188 Thread 0x000002138f149cf0 nmethod 5326 0x00000213809e6e10 code [0x00000213809e7020, 0x00000213809e7480]
Event: 4.199 Thread 0x00000213950740f0 nmethod 5324 0x0000021387dfb090 code [0x0000021387dfb2e0, 0x0000021387dfc070]
Event: 4.199 Thread 0x00000213950740f0 5328       4       org.objectweb.asm.Type::hashCode (68 bytes)
Event: 4.202 Thread 0x00000213950740f0 nmethod 5328 0x0000021387dfc990 code [0x0000021387dfcb40, 0x0000021387dfcd50]
Event: 4.202 Thread 0x00000213950740f0 5305       4       org.apache.commons.compress.archivers.zip.ZipArchiveOutputStream$CurrentEntry::access$402 (7 bytes)
Event: 4.202 Thread 0x00000213950740f0 nmethod 5305 0x0000021387dfcf90 code [0x0000021387dfd120, 0x0000021387dfd1a8]
Event: 4.202 Thread 0x00000213950740f0 5327       4       org.objectweb.asm.ClassWriter::visitMethod (57 bytes)
Event: 4.203 Thread 0x000002138f149cf0 5329       3       org.gradle.internal.classpath.LambdaSerializationTransformer$LambdaFactoryCallRewriter::visitInvokeDynamicInsn (127 bytes)
Event: 4.205 Thread 0x000002138f149cf0 nmethod 5329 0x00000213809e7690 code [0x00000213809e79c0, 0x00000213809e8ad8]
Event: 4.206 Thread 0x000002138f149cf0 5332       3       org.gradle.internal.classpath.LambdaSerializationTransformer::getEstimatedSingleLambdaHandlingCodeLength (48 bytes)
Event: 4.206 Thread 0x000002138f149cf0 nmethod 5332 0x00000213809e9210 code [0x00000213809e93e0, 0x00000213809e96a8]
Event: 4.206 Thread 0x000002138f149cf0 5331       3       com.google.common.collect.Iterators$PeekingImpl::peek (33 bytes)
Event: 4.206 Thread 0x000002138f149cf0 nmethod 5331 0x00000213809e9810 code [0x00000213809e99c0, 0x00000213809e9c88]
Event: 4.226 Thread 0x000002138f149cf0 5334       3       java.util.concurrent.locks.ReentrantLock$NonfairSync::tryAcquire (27 bytes)
Event: 4.226 Thread 0x000002138f149cf0 nmethod 5334 0x00000213809e9d90 code [0x00000213809e9f60, 0x00000213809ea1e0]
Event: 4.247 Thread 0x000002138f149cf0 5335       3       org.objectweb.asm.ClassWriter::visitAnnotation (40 bytes)
Event: 4.247 Thread 0x000002138f149cf0 nmethod 5335 0x00000213809ea290 code [0x00000213809ea460, 0x00000213809ea6f0]

GC Heap History (20 events):
Event: 0.435 GC heap after
{Heap after GC invocations=1 (full 0):
 garbage-first heap   total 262144K, used 10493K [0x0000000080000000, 0x0000000100000000)
  region size 1024K, 3 young (3072K), 3 survivors (3072K)
 Metaspace       used 10865K, committed 11072K, reserved 1114112K
  class space    used 1126K, committed 1216K, reserved 1048576K
}
Event: 0.865 GC heap before
{Heap before GC invocations=1 (full 0):
 garbage-first heap   total 262144K, used 40189K [0x0000000080000000, 0x0000000100000000)
  region size 1024K, 32 young (32768K), 3 survivors (3072K)
 Metaspace       used 11929K, committed 12096K, reserved 1114112K
  class space    used 1235K, committed 1280K, reserved 1048576K
}
Event: 0.888 GC heap after
{Heap after GC invocations=2 (full 0):
 garbage-first heap   total 262144K, used 14622K [0x0000000080000000, 0x0000000100000000)
  region size 1024K, 4 young (4096K), 4 survivors (4096K)
 Metaspace       used 11929K, committed 12096K, reserved 1114112K
  class space    used 1235K, committed 1280K, reserved 1048576K
}
Event: 1.976 GC heap before
{Heap before GC invocations=2 (full 0):
 garbage-first heap   total 262144K, used 50462K [0x0000000080000000, 0x0000000100000000)
  region size 1024K, 40 young (40960K), 4 survivors (4096K)
 Metaspace       used 21242K, committed 21504K, reserved 1114112K
  class space    used 2453K, committed 2560K, reserved 1048576K
}
Event: 1.979 GC heap after
{Heap after GC invocations=3 (full 0):
 garbage-first heap   total 262144K, used 18650K [0x0000000080000000, 0x0000000100000000)
  region size 1024K, 8 young (8192K), 8 survivors (8192K)
 Metaspace       used 21242K, committed 21504K, reserved 1114112K
  class space    used 2453K, committed 2560K, reserved 1048576K
}
Event: 2.385 GC heap before
{Heap before GC invocations=4 (full 0):
 garbage-first heap   total 65536K, used 63706K [0x0000000080000000, 0x0000000100000000)
  region size 1024K, 53 young (54272K), 8 survivors (8192K)
 Metaspace       used 28574K, committed 29120K, reserved 1114112K
  class space    used 3662K, committed 3904K, reserved 1048576K
}
Event: 2.390 GC heap after
{Heap after GC invocations=5 (full 0):
 garbage-first heap   total 76800K, used 21595K [0x0000000080000000, 0x0000000100000000)
  region size 1024K, 7 young (7168K), 7 survivors (7168K)
 Metaspace       used 28574K, committed 29120K, reserved 1114112K
  class space    used 3662K, committed 3904K, reserved 1048576K
}
Event: 2.725 GC heap before
{Heap before GC invocations=5 (full 0):
 garbage-first heap   total 82944K, used 80987K [0x0000000080000000, 0x0000000100000000)
  region size 1024K, 39 young (39936K), 7 survivors (7168K)
 Metaspace       used 32681K, committed 33472K, reserved 1114112K
  class space    used 4369K, committed 4736K, reserved 1048576K
}
Event: 2.731 GC heap after
{Heap after GC invocations=6 (full 0):
 garbage-first heap   total 96256K, used 54974K [0x0000000080000000, 0x0000000100000000)
  region size 1024K, 6 young (6144K), 6 survivors (6144K)
 Metaspace       used 32681K, committed 33472K, reserved 1114112K
  class space    used 4369K, committed 4736K, reserved 1048576K
}
Event: 2.733 GC heap before
{Heap before GC invocations=6 (full 0):
 garbage-first heap   total 96256K, used 55998K [0x0000000080000000, 0x0000000100000000)
  region size 1024K, 8 young (8192K), 6 survivors (6144K)
 Metaspace       used 32683K, committed 33472K, reserved 1114112K
  class space    used 4369K, committed 4736K, reserved 1048576K
}
Event: 2.735 GC heap after
{Heap after GC invocations=7 (full 0):
 garbage-first heap   total 133120K, used 57179K [0x0000000080000000, 0x0000000100000000)
  region size 1024K, 2 young (2048K), 2 survivors (2048K)
 Metaspace       used 32683K, committed 33472K, reserved 1114112K
  class space    used 4369K, committed 4736K, reserved 1048576K
}
Event: 2.907 GC heap before
{Heap before GC invocations=7 (full 0):
 garbage-first heap   total 133120K, used 77659K [0x0000000080000000, 0x0000000100000000)
  region size 1024K, 23 young (23552K), 2 survivors (2048K)
 Metaspace       used 35306K, committed 36096K, reserved 1114112K
  class space    used 4783K, committed 5184K, reserved 1048576K
}
Event: 2.909 GC heap after
{Heap after GC invocations=8 (full 0):
 garbage-first heap   total 133120K, used 59100K [0x0000000080000000, 0x0000000100000000)
  region size 1024K, 3 young (3072K), 3 survivors (3072K)
 Metaspace       used 35306K, committed 36096K, reserved 1114112K
  class space    used 4783K, committed 5184K, reserved 1048576K
}
Event: 3.250 GC heap before
{Heap before GC invocations=9 (full 0):
 garbage-first heap   total 133120K, used 102108K [0x0000000080000000, 0x0000000100000000)
  region size 1024K, 46 young (47104K), 3 survivors (3072K)
 Metaspace       used 41802K, committed 43008K, reserved 1114112K
  class space    used 5730K, committed 6336K, reserved 1048576K
}
Event: 3.253 GC heap after
{Heap after GC invocations=10 (full 0):
 garbage-first heap   total 133120K, used 61815K [0x0000000080000000, 0x0000000100000000)
  region size 1024K, 5 young (5120K), 5 survivors (5120K)
 Metaspace       used 41802K, committed 43008K, reserved 1114112K
  class space    used 5730K, committed 6336K, reserved 1048576K
}
Event: 3.535 GC heap before
{Heap before GC invocations=10 (full 0):
 garbage-first heap   total 133120K, used 111991K [0x0000000080000000, 0x0000000100000000)
  region size 1024K, 50 young (51200K), 5 survivors (5120K)
 Metaspace       used 47843K, committed 49088K, reserved 1114112K
  class space    used 6288K, committed 6912K, reserved 1048576K
}
Event: 3.539 GC heap after
{Heap after GC invocations=11 (full 0):
 garbage-first heap   total 133120K, used 66396K [0x0000000080000000, 0x0000000100000000)
  region size 1024K, 7 young (7168K), 7 survivors (7168K)
 Metaspace       used 47843K, committed 49088K, reserved 1114112K
  class space    used 6288K, committed 6912K, reserved 1048576K
}
Event: 3.909 GC heap before
{Heap before GC invocations=11 (full 0):
 garbage-first heap   total 133120K, used 111452K [0x0000000080000000, 0x0000000100000000)
  region size 1024K, 51 young (52224K), 7 survivors (7168K)
 Metaspace       used 51893K, committed 53248K, reserved 1114112K
  class space    used 6885K, committed 7552K, reserved 1048576K
}
Event: 3.914 GC heap after
{Heap after GC invocations=12 (full 0):
 garbage-first heap   total 133120K, used 69120K [0x0000000080000000, 0x0000000100000000)
  region size 1024K, 3 young (3072K), 3 survivors (3072K)
 Metaspace       used 51893K, committed 53248K, reserved 1114112K
  class space    used 6885K, committed 7552K, reserved 1048576K
}
Event: 4.248 GC heap before
{Heap before GC invocations=12 (full 0):
 garbage-first heap   total 133120K, used 113152K [0x0000000080000000, 0x0000000100000000)
  region size 1024K, 47 young (48128K), 3 survivors (3072K)
 Metaspace       used 52156K, committed 53504K, reserved 1114112K
  class space    used 6906K, committed 7552K, reserved 1048576K
}

Dll operation events (3 events):
Event: 0.007 Loaded shared library C:\Program Files\Android\Android Studio1\jbr\bin\java.dll
Event: 0.011 Loaded shared library C:\Program Files\Android\Android Studio1\jbr\bin\zip.dll
Event: 0.270 Loaded shared library C:\Program Files\Android\Android Studio1\jbr\bin\verify.dll

Deoptimization events (20 events):
Event: 4.048 Thread 0x00000213955391c0 Uncommon trap: trap_request=0xffffff45 fr.pc=0x0000021387dd045c relative=0x00000000000014fc
Event: 4.048 Thread 0x00000213955391c0 Uncommon trap: reason=unstable_if action=reinterpret pc=0x0000021387dd045c method=org.objectweb.asm.Type.getArgumentsAndReturnSizes(Ljava/lang/String;)I @ 123 c2
Event: 4.048 Thread 0x00000213955391c0 DEOPT PACKING pc=0x0000021387dd045c sp=0x000000eb6b4fda60
Event: 4.069 Thread 0x00000213955391c0 DEOPT UNPACKING pc=0x00000213875846a2 sp=0x000000eb6b4fd900 mode 2
Event: 4.069 Thread 0x00000213955391c0 Uncommon trap: trap_request=0xffffff45 fr.pc=0x0000021387dc3584 relative=0x00000000000006c4
Event: 4.069 Thread 0x00000213955391c0 Uncommon trap: reason=unstable_if action=reinterpret pc=0x0000021387dc3584 method=org.objectweb.asm.Type.getArgumentsAndReturnSizes(Ljava/lang/String;)I @ 25 c2
Event: 4.069 Thread 0x00000213955391c0 DEOPT PACKING pc=0x0000021387dc3584 sp=0x000000eb6b4fd9a0
Event: 4.069 Thread 0x00000213955391c0 DEOPT UNPACKING pc=0x00000213875846a2 sp=0x000000eb6b4fd920 mode 2
Event: 4.070 Thread 0x00000213955391c0 Uncommon trap: trap_request=0xffffff45 fr.pc=0x0000021387de2424 relative=0x00000000000003a4
Event: 4.070 Thread 0x00000213955391c0 Uncommon trap: reason=unstable_if action=reinterpret pc=0x0000021387de2424 method=org.objectweb.asm.MethodWriter.visitVarInsn(II)V @ 230 c2
Event: 4.070 Thread 0x00000213955391c0 DEOPT PACKING pc=0x0000021387de2424 sp=0x000000eb6b4fdb90
Event: 4.070 Thread 0x00000213955391c0 DEOPT UNPACKING pc=0x00000213875846a2 sp=0x000000eb6b4fdb28 mode 2
Event: 4.070 Thread 0x00000213955391c0 Uncommon trap: trap_request=0xffffff45 fr.pc=0x0000021387dee350 relative=0x0000000000000430
Event: 4.070 Thread 0x00000213955391c0 Uncommon trap: reason=unstable_if action=reinterpret pc=0x0000021387dee350 method=org.objectweb.asm.MethodWriter.visitFieldInsn(ILjava/lang/String;Ljava/lang/String;Ljava/lang/String;)V @ 216 c2
Event: 4.070 Thread 0x00000213955391c0 DEOPT PACKING pc=0x0000021387dee350 sp=0x000000eb6b4fdb00
Event: 4.070 Thread 0x00000213955391c0 DEOPT UNPACKING pc=0x00000213875846a2 sp=0x000000eb6b4fda80 mode 2
Event: 4.070 Thread 0x00000213955391c0 Uncommon trap: trap_request=0xffffff45 fr.pc=0x0000021387de5970 relative=0x0000000000000e50
Event: 4.070 Thread 0x00000213955391c0 Uncommon trap: reason=unstable_if action=reinterpret pc=0x0000021387de5970 method=org.objectweb.asm.MethodWriter.visitLocalVariable(Ljava/lang/String;Ljava/lang/String;Ljava/lang/String;Lorg/objectweb/asm/Label;Lorg/objectweb/asm/Label;I)V @ 195 c2
Event: 4.070 Thread 0x00000213955391c0 DEOPT PACKING pc=0x0000021387de5970 sp=0x000000eb6b4fdae0
Event: 4.070 Thread 0x00000213955391c0 DEOPT UNPACKING pc=0x00000213875846a2 sp=0x000000eb6b4fda88 mode 2

Classes loaded (20 events):
Event: 3.605 Loading class java/lang/invoke/BoundMethodHandle$Species_LLLLLLLLLLLLLLLLLLLLLLLLL
Event: 3.605 Loading class java/lang/invoke/BoundMethodHandle$Species_LLLLLLLLLLLLLLLLLLLLLLLLL done
Event: 3.606 Loading class java/lang/invoke/BoundMethodHandle$Species_LLLLLLLLLLLLLLLLLLLLLLLLLL
Event: 3.606 Loading class java/lang/invoke/BoundMethodHandle$Species_LLLLLLLLLLLLLLLLLLLLLLLLLL done
Event: 3.606 Loading class java/lang/invoke/BoundMethodHandle$Species_LLLLLLLLLLLLLLLLLLLLLLLLLLL
Event: 3.606 Loading class java/lang/invoke/BoundMethodHandle$Species_LLLLLLLLLLLLLLLLLLLLLLLLLLL done
Event: 3.714 Loading class java/io/DeleteOnExitHook
Event: 3.714 Loading class java/io/DeleteOnExitHook done
Event: 3.714 Loading class java/io/DeleteOnExitHook$1
Event: 3.714 Loading class java/io/DeleteOnExitHook$1 done
Event: 3.760 Loading class java/lang/ThreadDeath
Event: 3.760 Loading class java/lang/ThreadDeath done
Event: 3.760 Loading class sun/misc/SharedSecrets
Event: 3.760 Loading class sun/misc/SharedSecrets done
Event: 3.784 Loading class java/util/zip/ZipFile$ZipEntryIterator
Event: 3.784 Loading class java/util/zip/ZipFile$ZipEntryIterator done
Event: 3.785 Loading class java/security/Key
Event: 3.786 Loading class java/security/Key done
Event: 4.012 Loading class java/lang/foreign/MemorySegment
Event: 4.012 Loading class java/lang/foreign/MemorySegment done

Classes unloaded (0 events):
No events

Classes redefined (0 events):
No events

Internal exceptions (20 events):
Event: 3.636 Thread 0x0000021395385da0 Exception <a 'java/lang/ClassNotFoundException'{0x00000000869273c8}: sync_studio_tooling549_di68w0i5ozv8dmh74oy5lbg0d$_run_closure1BeanInfo> (0x00000000869273c8) 
thrown [s\src\hotspot\share\classfile\systemDictionary.cpp, line 312]
Event: 3.636 Thread 0x0000021395385da0 Exception <a 'java/lang/ClassNotFoundException'{0x000000008692e4f8}: sync_studio_tooling549_di68w0i5ozv8dmh74oy5lbg0d$_run_closure1Customizer> (0x000000008692e4f8) 
thrown [s\src\hotspot\share\classfile\systemDictionary.cpp, line 312]
Event: 3.661 Thread 0x0000021395385da0 Exception <a 'java/lang/NoSuchMethodError'{0x0000000086683e18}: 'java.lang.Object java.lang.invoke.DirectMethodHandle$Holder.newInvokeSpecial(java.lang.Object, int, java.lang.Object)'> (0x0000000086683e18) 
thrown [s\src\hotspot\share\interpreter\linkResolver.cpp, line 784]
Event: 3.733 Thread 0x0000021395385da0 Exception <a 'java/lang/NoSuchMethodError'{0x0000000085b03bc0}: 'int java.lang.invoke.DirectMethodHandle$Holder.invokeStaticInit(java.lang.Object)'> (0x0000000085b03bc0) 
thrown [s\src\hotspot\share\interpreter\linkResolver.cpp, line 784]
Event: 3.749 Thread 0x0000021395536a60 Exception <a 'sun/nio/fs/WindowsException'{0x0000000085aad260}> (0x0000000085aad260) 
thrown [s\src\hotspot\share\prims\jni.cpp, line 535]
Event: 3.754 Thread 0x0000021395536a60 Exception <a 'sun/nio/fs/WindowsException'{0x0000000085afc180}> (0x0000000085afc180) 
thrown [s\src\hotspot\share\prims\jni.cpp, line 535]
Event: 3.754 Thread 0x0000021395536a60 Exception <a 'sun/nio/fs/WindowsException'{0x0000000085afc2e0}> (0x0000000085afc2e0) 
thrown [s\src\hotspot\share\prims\jni.cpp, line 535]
Event: 3.757 Thread 0x0000021395385da0 Exception <a 'java/lang/ClassNotFoundException'{0x000000008590b508}: sync_studio_tooling549_di68w0i5ozv8dmh74oy5lbg0dBeanInfo> (0x000000008590b508) 
thrown [s\src\hotspot\share\classfile\systemDictionary.cpp, line 312]
Event: 3.758 Thread 0x0000021395385da0 Exception <a 'java/lang/ClassNotFoundException'{0x0000000085911b70}: sync_studio_tooling549_di68w0i5ozv8dmh74oy5lbg0dCustomizer> (0x0000000085911b70) 
thrown [s\src\hotspot\share\classfile\systemDictionary.cpp, line 312]
Event: 3.760 Thread 0x0000021395385da0 Exception <a 'java/lang/ClassNotFoundException'{0x000000008594e348}: sun/misc/SharedSecrets> (0x000000008594e348) 
thrown [s\src\hotspot\share\classfile\systemDictionary.cpp, line 312]
Event: 3.760 Thread 0x0000021395385da0 Exception <a 'java/lang/ClassNotFoundException'{0x000000008594f690}: org/gradle/util/GradleVersionBeanInfo> (0x000000008594f690) 
thrown [s\src\hotspot\share\classfile\systemDictionary.cpp, line 312]
Event: 3.760 Thread 0x0000021395385da0 Exception <a 'java/lang/ClassNotFoundException'{0x000000008595f198}: org/gradle/util/GradleVersionCustomizer> (0x000000008595f198) 
thrown [s\src\hotspot\share\classfile\systemDictionary.cpp, line 312]
Event: 3.763 Thread 0x0000021395385da0 Exception <a 'java/lang/ClassNotFoundException'{0x00000000859a13e0}: org/gradle/util/internal/DefaultGradleVersionBeanInfo> (0x00000000859a13e0) 
thrown [s\src\hotspot\share\classfile\systemDictionary.cpp, line 312]
Event: 3.763 Thread 0x0000021395385da0 Exception <a 'java/lang/ClassNotFoundException'{0x00000000859b1218}: org/gradle/util/internal/DefaultGradleVersionCustomizer> (0x00000000859b1218) 
thrown [s\src\hotspot\share\classfile\systemDictionary.cpp, line 312]
Event: 3.774 Thread 0x0000021395385da0 Exception <a 'java/lang/ClassNotFoundException'{0x000000008585dc68}: ijInit2_6waavup6gejdesqo8fzw7q8jxBeanInfo> (0x000000008585dc68) 
thrown [s\src\hotspot\share\classfile\systemDictionary.cpp, line 312]
Event: 3.774 Thread 0x0000021395385da0 Exception <a 'java/lang/ClassNotFoundException'{0x0000000085864258}: ijInit2_6waavup6gejdesqo8fzw7q8jxCustomizer> (0x0000000085864258) 
thrown [s\src\hotspot\share\classfile\systemDictionary.cpp, line 312]
Event: 3.776 Thread 0x0000021395385da0 Exception <a 'java/lang/ClassNotFoundException'{0x00000000858c7ca0}: ijInit2_6waavup6gejdesqo8fzw7q8jx$_run_closure1BeanInfo> (0x00000000858c7ca0) 
thrown [s\src\hotspot\share\classfile\systemDictionary.cpp, line 312]
Event: 3.776 Thread 0x0000021395385da0 Exception <a 'java/lang/ClassNotFoundException'{0x00000000858ced68}: ijInit2_6waavup6gejdesqo8fzw7q8jx$_run_closure1Customizer> (0x00000000858ced68) 
thrown [s\src\hotspot\share\classfile\systemDictionary.cpp, line 312]
Event: 3.783 Thread 0x00000213955391c0 Exception <a 'sun/nio/fs/WindowsException'{0x000000008573ea30}> (0x000000008573ea30) 
thrown [s\src\hotspot\share\prims\jni.cpp, line 535]
Event: 3.784 Thread 0x00000213955391c0 Implicit null exception at 0x0000021387b0966f to 0x0000021387b0a228

ZGC Phase Switch (0 events):
No events

VM Operations (20 events):
Event: 3.384 Executing VM operation: HandshakeAllThreads (Deoptimize) done
Event: 3.445 Executing VM operation: ICBufferFull
Event: 3.445 Executing VM operation: ICBufferFull done
Event: 3.535 Executing VM operation: G1CollectForAllocation (G1 Evacuation Pause)
Event: 3.539 Executing VM operation: G1CollectForAllocation (G1 Evacuation Pause) done
Event: 3.543 Executing VM operation: HandshakeAllThreads (Deoptimize)
Event: 3.543 Executing VM operation: HandshakeAllThreads (Deoptimize) done
Event: 3.545 Executing VM operation: HandshakeAllThreads (Deoptimize)
Event: 3.545 Executing VM operation: HandshakeAllThreads (Deoptimize) done
Event: 3.615 Executing VM operation: HandshakeAllThreads (Deoptimize)
Event: 3.615 Executing VM operation: HandshakeAllThreads (Deoptimize) done
Event: 3.824 Executing VM operation: ICBufferFull
Event: 3.824 Executing VM operation: ICBufferFull done
Event: 3.909 Executing VM operation: G1CollectForAllocation (G1 Evacuation Pause)
Event: 3.914 Executing VM operation: G1CollectForAllocation (G1 Evacuation Pause) done
Event: 4.035 Executing VM operation: HandshakeAllThreads (Deoptimize)
Event: 4.035 Executing VM operation: HandshakeAllThreads (Deoptimize) done
Event: 4.036 Executing VM operation: HandshakeAllThreads (Deoptimize)
Event: 4.036 Executing VM operation: HandshakeAllThreads (Deoptimize) done
Event: 4.248 Executing VM operation: G1CollectForAllocation (G1 Evacuation Pause)

Memory protections (0 events):
No events

Nmethod flushes (20 events):
Event: 2.919 Thread 0x000002138f0a12c0 flushing  nmethod 0x0000021380014510
Event: 2.919 Thread 0x000002138f0a12c0 flushing  nmethod 0x0000021380015210
Event: 2.919 Thread 0x000002138f0a12c0 flushing  nmethod 0x0000021380015590
Event: 2.919 Thread 0x000002138f0a12c0 flushing  nmethod 0x0000021380015910
Event: 2.919 Thread 0x000002138f0a12c0 flushing  nmethod 0x0000021380015d10
Event: 2.919 Thread 0x000002138f0a12c0 flushing  nmethod 0x0000021380016310
Event: 2.919 Thread 0x000002138f0a12c0 flushing  nmethod 0x0000021380017590
Event: 2.919 Thread 0x000002138f0a12c0 flushing  nmethod 0x0000021380017a90
Event: 2.919 Thread 0x000002138f0a12c0 flushing  nmethod 0x00000213800a2890
Event: 2.919 Thread 0x000002138f0a12c0 flushing  nmethod 0x00000213800a3690
Event: 2.919 Thread 0x000002138f0a12c0 flushing  nmethod 0x00000213800a3b90
Event: 2.919 Thread 0x000002138f0a12c0 flushing  nmethod 0x00000213800a5590
Event: 2.919 Thread 0x000002138f0a12c0 flushing  nmethod 0x00000213800a6d90
Event: 2.919 Thread 0x000002138f0a12c0 flushing  nmethod 0x00000213800a7390
Event: 2.919 Thread 0x000002138f0a12c0 flushing  nmethod 0x00000213800ac810
Event: 2.919 Thread 0x000002138f0a12c0 flushing  nmethod 0x000002138013cd90
Event: 2.919 Thread 0x000002138f0a12c0 flushing  nmethod 0x000002138016bc90
Event: 2.919 Thread 0x000002138f0a12c0 flushing  nmethod 0x000002138016cb10
Event: 2.919 Thread 0x000002138f0a12c0 flushing  nmethod 0x0000021380170810
Event: 2.919 Thread 0x000002138f0a12c0 flushing  nmethod 0x0000021380396690

Events (20 events):
Event: 2.525 Thread 0x0000021395385da0 Thread added: 0x00000213955356b0
Event: 2.529 Thread 0x0000021395385da0 Thread added: 0x0000021395538b30
Event: 2.593 Thread 0x0000021395385da0 Thread added: 0x00000213955363d0
Event: 2.593 Thread 0x0000021395385da0 Thread added: 0x00000213955391c0
Event: 2.593 Thread 0x0000021395385da0 Thread added: 0x0000021395539850
Event: 2.593 Thread 0x0000021395385da0 Thread added: 0x0000021395539ee0
Event: 2.594 Thread 0x0000021395385da0 Thread added: 0x0000021395536a60
Event: 2.594 Thread 0x0000021395385da0 Thread added: 0x000002139553b920
Event: 2.594 Thread 0x0000021395385da0 Thread added: 0x000002139553a570
Event: 2.594 Thread 0x0000021395385da0 Thread added: 0x000002139553ac00
Event: 2.594 Thread 0x0000021395385da0 Thread added: 0x000002139553b290
Event: 2.594 Thread 0x0000021395385da0 Thread added: 0x000002139553bfb0
Event: 2.594 Thread 0x0000021395385da0 Thread added: 0x000002139553c640
Event: 2.594 Thread 0x0000021395385da0 Thread added: 0x0000021397c5c9c0
Event: 2.853 Thread 0x0000021395385da0 Thread added: 0x0000021397c5c330
Event: 2.870 Thread 0x0000021395385da0 Thread added: 0x0000021397c59540
Event: 2.885 Thread 0x0000021395385da0 Thread added: 0x0000021397c5a260
Event: 2.957 Thread 0x0000021395385da0 Thread added: 0x0000021397c5d050
Event: 2.972 Thread 0x0000021395385da0 Thread added: 0x0000021397c5a8f0
Event: 3.039 Thread 0x0000021395385da0 Thread added: 0x0000021397c5af80


Dynamic libraries:
0x00007ff7a03a0000 - 0x00007ff7a03aa000 	C:\Program Files\Android\Android Studio1\jbr\bin\java.exe
0x00007ff913620000 - 0x00007ff913888000 	C:\WINDOWS\SYSTEM32\ntdll.dll
0x00007ff911bb0000 - 0x00007ff911c79000 	C:\WINDOWS\System32\KERNEL32.DLL
0x00007ff910fd0000 - 0x00007ff9113bd000 	C:\WINDOWS\System32\KERNELBASE.dll
0x00007ff9108f0000 - 0x00007ff910a3b000 	C:\WINDOWS\System32\ucrtbase.dll
0x00007ff8eecc0000 - 0x00007ff8eecdb000 	C:\Program Files\Android\Android Studio1\jbr\bin\VCRUNTIME140.dll
0x00007ff8eed30000 - 0x00007ff8eed48000 	C:\Program Files\Android\Android Studio1\jbr\bin\jli.dll
0x00007ff913410000 - 0x00007ff9135dc000 	C:\WINDOWS\System32\USER32.dll
0x00007ff8f9860000 - 0x00007ff8f9afa000 	C:\WINDOWS\WinSxS\amd64_microsoft.windows.common-controls_6595b64144ccf1df_6.0.26100.4484_none_3e0e6d4ce32ef3b3\COMCTL32.dll
0x00007ff910e70000 - 0x00007ff910e97000 	C:\WINDOWS\System32\win32u.dll
0x00007ff911920000 - 0x00007ff91194b000 	C:\WINDOWS\System32\GDI32.dll
0x00007ff912380000 - 0x00007ff912429000 	C:\WINDOWS\System32\msvcrt.dll
0x00007ff910d30000 - 0x00007ff910e67000 	C:\WINDOWS\System32\gdi32full.dll
0x00007ff910c80000 - 0x00007ff910d23000 	C:\WINDOWS\System32\msvcp_win.dll
0x00007ff911420000 - 0x00007ff91144f000 	C:\WINDOWS\System32\IMM32.DLL
0x00007ff8eff50000 - 0x00007ff8eff5c000 	C:\Program Files\Android\Android Studio1\jbr\bin\vcruntime140_1.dll
0x00007ff8ea710000 - 0x00007ff8ea79d000 	C:\Program Files\Android\Android Studio1\jbr\bin\msvcp140.dll
0x00007ff861ea0000 - 0x00007ff862b2b000 	C:\Program Files\Android\Android Studio1\jbr\bin\server\jvm.dll
0x00007ff9122c0000 - 0x00007ff912374000 	C:\WINDOWS\System32\ADVAPI32.dll
0x00007ff9117e0000 - 0x00007ff911886000 	C:\WINDOWS\System32\sechost.dll
0x00007ff9132e0000 - 0x00007ff9133f8000 	C:\WINDOWS\System32\RPCRT4.dll
0x00007ff911950000 - 0x00007ff9119c4000 	C:\WINDOWS\System32\WS2_32.dll
0x00007ff910420000 - 0x00007ff91047e000 	C:\WINDOWS\SYSTEM32\POWRPROF.dll
0x00007ff902fa0000 - 0x00007ff902fd5000 	C:\WINDOWS\SYSTEM32\WINMM.dll
0x00007ff90a850000 - 0x00007ff90a85b000 	C:\WINDOWS\SYSTEM32\VERSION.dll
0x00007ff910400000 - 0x00007ff910414000 	C:\WINDOWS\SYSTEM32\UMPDC.dll
0x00007ff90f510000 - 0x00007ff90f52b000 	C:\WINDOWS\SYSTEM32\kernel.appcore.dll
0x00007ff8eecb0000 - 0x00007ff8eecba000 	C:\Program Files\Android\Android Studio1\jbr\bin\jimage.dll
0x00007ff900930000 - 0x00007ff900b71000 	C:\WINDOWS\SYSTEM32\DBGHELP.DLL
0x00007ff912cb0000 - 0x00007ff913036000 	C:\WINDOWS\System32\combase.dll
0x00007ff9131f0000 - 0x00007ff9132d0000 	C:\WINDOWS\System32\OLEAUT32.dll
0x00007ff8ee7a0000 - 0x00007ff8ee7e3000 	C:\WINDOWS\SYSTEM32\dbgcore.DLL
0x00007ff910f30000 - 0x00007ff910fc9000 	C:\WINDOWS\System32\bcryptPrimitives.dll
0x00007ff8eed20000 - 0x00007ff8eed2e000 	C:\Program Files\Android\Android Studio1\jbr\bin\instrument.dll
0x00007ff8eec90000 - 0x00007ff8eecb0000 	C:\Program Files\Android\Android Studio1\jbr\bin\java.dll
0x00007ff8eea60000 - 0x00007ff8eea78000 	C:\Program Files\Android\Android Studio1\jbr\bin\zip.dll
0x00007ff912430000 - 0x00007ff912b7a000 	C:\WINDOWS\System32\SHELL32.dll
0x00007ff910770000 - 0x00007ff9108e4000 	C:\WINDOWS\System32\wintypes.dll
0x00007ff90e3f0000 - 0x00007ff90ec4b000 	C:\WINDOWS\SYSTEM32\windows.storage.dll
0x00007ff911d10000 - 0x00007ff911e05000 	C:\WINDOWS\System32\SHCORE.dll
0x00007ff9119d0000 - 0x00007ff911a3a000 	C:\WINDOWS\System32\shlwapi.dll
0x00007ff910680000 - 0x00007ff9106af000 	C:\WINDOWS\SYSTEM32\profapi.dll
0x00007ff8ee8d0000 - 0x00007ff8ee8e0000 	C:\Program Files\Android\Android Studio1\jbr\bin\net.dll
0x00007ff907cc0000 - 0x00007ff907dde000 	C:\WINDOWS\SYSTEM32\WINHTTP.dll
0x00007ff90faa0000 - 0x00007ff90fb0a000 	C:\WINDOWS\system32\mswsock.dll
0x00007ff8ee8b0000 - 0x00007ff8ee8c6000 	C:\Program Files\Android\Android Studio1\jbr\bin\nio.dll
0x00007ff8ec5d0000 - 0x00007ff8ec5e0000 	C:\Program Files\Android\Android Studio1\jbr\bin\verify.dll
0x00007ff8ea960000 - 0x00007ff8ea987000 	C:\Users\PC7\.gradle\native\68d5fa5c4cc2d200863cafc0d521ce42e7d3e7ee720ec0a83991735586a16f82\windows-amd64\native-platform.dll
0x00007ff8e1be0000 - 0x00007ff8e1d24000 	C:\Users\PC7\.gradle\native\e376f236ea51e6404a007f0833ffe2c6e607c4080706a723a18a27aeea778392\windows-amd64\native-platform-file-events.dll
0x00007ff8ed4a0000 - 0x00007ff8ed4a9000 	C:\Program Files\Android\Android Studio1\jbr\bin\management.dll
0x00007ff8ed250000 - 0x00007ff8ed25b000 	C:\Program Files\Android\Android Studio1\jbr\bin\management_ext.dll
0x00007ff913400000 - 0x00007ff913408000 	C:\WINDOWS\System32\PSAPI.DLL
0x00007ff90fd50000 - 0x00007ff90fd6b000 	C:\WINDOWS\SYSTEM32\CRYPTSP.dll
0x00007ff90f470000 - 0x00007ff90f4ab000 	C:\WINDOWS\system32\rsaenh.dll
0x00007ff90fb40000 - 0x00007ff90fb6b000 	C:\WINDOWS\SYSTEM32\USERENV.dll
0x00007ff910650000 - 0x00007ff910676000 	C:\WINDOWS\SYSTEM32\bcrypt.dll
0x00007ff90fd70000 - 0x00007ff90fd7c000 	C:\WINDOWS\SYSTEM32\CRYPTBASE.dll
0x00007ff90ef40000 - 0x00007ff90ef73000 	C:\WINDOWS\SYSTEM32\IPHLPAPI.DLL
0x00007ff911460000 - 0x00007ff91146a000 	C:\WINDOWS\System32\NSI.dll
0x00007ff8ee8a0000 - 0x00007ff8ee8a9000 	C:\Program Files\Android\Android Studio1\jbr\bin\extnet.dll
0x00007ff880ef0000 - 0x00007ff880ef8000 	C:\WINDOWS\system32\wshunix.dll

dbghelp: loaded successfully - version: 4.0.5 - missing functions: none
symbol engine: initialized successfully - sym options: 0x614 - pdb path: .;C:\Program Files\Android\Android Studio1\jbr\bin;C:\WINDOWS\SYSTEM32;C:\WINDOWS\WinSxS\amd64_microsoft.windows.common-controls_6595b64144ccf1df_6.0.26100.4484_none_3e0e6d4ce32ef3b3;C:\Program Files\Android\Android Studio1\jbr\bin\server;C:\Users\PC7\.gradle\native\68d5fa5c4cc2d200863cafc0d521ce42e7d3e7ee720ec0a83991735586a16f82\windows-amd64;C:\Users\PC7\.gradle\native\e376f236ea51e6404a007f0833ffe2c6e607c4080706a723a18a27aeea778392\windows-amd64

VM Arguments:
jvm_args: --add-opens=java.base/java.util=ALL-UNNAMED --add-opens=java.base/java.lang=ALL-UNNAMED --add-opens=java.base/java.lang.invoke=ALL-UNNAMED --add-opens=java.prefs/java.util.prefs=ALL-UNNAMED --add-opens=java.base/java.nio.charset=ALL-UNNAMED --add-opens=java.base/java.net=ALL-UNNAMED --add-opens=java.base/java.util.concurrent.atomic=ALL-UNNAMED -Xmx2048m -Dfile.encoding=UTF-8 -Duser.country=JP -Duser.language=ja -Duser.variant -javaagent:C:\Users\PC7\.gradle\wrapper\dists\gradle-8.2-bin\bbg7u40eoinfdyxsxr3z4i7ta\gradle-8.2\lib\agents\gradle-instrumentation-agent-8.2.jar 
java_command: org.gradle.launcher.daemon.bootstrap.GradleDaemon 8.2
java_class_path (initial): C:\Users\PC7\.gradle\wrapper\dists\gradle-8.2-bin\bbg7u40eoinfdyxsxr3z4i7ta\gradle-8.2\lib\gradle-launcher-8.2.jar
Launcher Type: SUN_STANDARD

[Global flags]
     intx CICompilerCount                          = 4                                         {product} {ergonomic}
     uint ConcGCThreads                            = 3                                         {product} {ergonomic}
     uint G1ConcRefinementThreads                  = 10                                        {product} {ergonomic}
   size_t G1HeapRegionSize                         = 1048576                                   {product} {ergonomic}
    uintx GCDrainStackTargetSize                   = 64                                        {product} {ergonomic}
   size_t InitialHeapSize                          = 268435456                                 {product} {ergonomic}
   size_t MarkStackSize                            = 4194304                                   {product} {ergonomic}
   size_t MaxHeapSize                              = 2147483648                                {product} {command line}
   size_t MaxNewSize                               = 1287651328                                {product} {ergonomic}
   size_t MinHeapDeltaBytes                        = 1048576                                   {product} {ergonomic}
   size_t MinHeapSize                              = 8388608                                   {product} {ergonomic}
    uintx NonNMethodCodeHeapSize                   = 5839372                                {pd product} {ergonomic}
    uintx NonProfiledCodeHeapSize                  = 122909434                              {pd product} {ergonomic}
    uintx ProfiledCodeHeapSize                     = 122909434                              {pd product} {ergonomic}
    uintx ReservedCodeCacheSize                    = 251658240                              {pd product} {ergonomic}
     bool SegmentedCodeCache                       = true                                      {product} {ergonomic}
   size_t SoftMaxHeapSize                          = 2147483648                             {manageable} {ergonomic}
     bool UseCompressedOops                        = true                           {product lp64_product} {ergonomic}
     bool UseG1GC                                  = true                                      {product} {ergonomic}
     bool UseLargePagesIndividualAllocation        = false                                  {pd product} {ergonomic}

Logging:
Log output configuration:
 #0: stdout all=warning uptime,level,tags foldmultilines=false
 #1: stderr all=off uptime,level,tags foldmultilines=false

Environment Variables:
PATH=C:\Program Files (x86)\Microsoft\Edge\Application;C:\Program Files (x86)\Common Files\Oracle\Java\javapath;C:\Program Files (x86)\Common Files\Intel\Shared Libraries\redist\ia32\compiler;C:\Program Files (x86)\Common Files\Intel\Shared Libraries\redist\intel64\compiler;C:\Program Files (x86)\Intel\iCLS Client\;C:\Program Files\Intel\iCLS Client\;C:\Windows\system32;C:\Windows;C:\Windows\System32\Wbem;C:\Windows\System32\WindowsPowerShell\v1.0\;C:\Program Files (x86)\Intel\Intel(R) Management Engine Components\DAL;C:\Program Files\Intel\Intel(R) Management Engine Components\DAL;C:\Program Files (x86)\Intel\Intel(R) Management Engine Components\IPT;C:\Program Files\Intel\Intel(R) Management Engine Components\IPT;C:\Program Files (x86)\NVIDIA Corporation\PhysX\Common;C:\WINDOWS\system32;C:\WINDOWS;C:\WINDOWS\System32\Wbem;C:\WINDOWS\System32\WindowsPowerShell\v1.0\;C:\WINDOWS\System32\OpenSSH\;C:\Program Files (x86)\QuickTime\QTSystem\;C:\PROGRA~1\JPKI;C:\Program Files\Tesseract-OCR;C:\tools\poppler-24.02.0\Library\bin;C:\Users\PC7\AppData\Local\Programs\Python\Python312\Scripts\;C:\Users\PC7\AppData\Local\Programs\Python\Python312\;C:\Users\PC7\AppData\Local\Programs\Python\Launcher\;C:\Users\PC7\AppData\Local\Microsoft\WindowsApps;C:\Users\PC7\AppData\Local\Android\Sdk\ndk\26.1.10909125;C:\Program Files\platform-tools;C:\Users\PC7\AppData\Local\Programs\Microsoft VS Code\bin;
USERNAME=PC7
OS=Windows_NT
PROCESSOR_IDENTIFIER=Intel64 Family 6 Model 158 Stepping 10, GenuineIntel
TMP=C:\Users\PC7\AppData\Local\Temp
TEMP=C:\Users\PC7\AppData\Local\Temp




Periodic native trim disabled

JNI global refs:
JNI global refs: 29, weak refs: 5

JNI global refs memory usage: 835, weak refs: 833

Process memory usage:
Resident Set Size: 317968K (1% of 16709904K total physical memory with 4459508K free physical memory)

OOME stack traces (most recent first):
Classloader memory used:
Loader org.gradle.internal.classloader.VisitableURLClassLoader                         : 23423K
Loader bootstrap                                                                       : 21623K
Loader org.gradle.initialization.MixInLegacyTypesClassLoader                           : 5411K
Loader org.gradle.internal.classloader.VisitableURLClassLoader                         : 717K
Loader jdk.internal.loader.ClassLoaders$PlatformClassLoader                            : 531K
Loader jdk.internal.loader.ClassLoaders$AppClassLoader                                 : 227K
Loader jdk.internal.reflect.DelegatingClassLoader                                      : 147K
Loader org.gradle.groovy.scripts.internal.DefaultScriptCompilationHandler$ScriptClassLoader: 61160B
Loader org.codehaus.groovy.runtime.callsite.CallSiteClassLoader                        : 14952B

Classes loaded by more than one classloader:
Class org.gradle.api.GradleException                                                  : loaded 3 times (x 78B)
Class org.gradle.internal.classloader.FilteringClassLoader                            : loaded 2 times (x 101B)
Class org.gradle.internal.classloader.ClassLoaderHierarchy                            : loaded 2 times (x 66B)
Class org.gradle.api.internal.classpath.ManifestUtil                                  : loaded 2 times (x 67B)
Class org.gradle.internal.operations.MultipleBuildOperationFailures                   : loaded 2 times (x 91B)
Class org.gradle.internal.classloader.DefaultClassLoaderFactory                       : loaded 2 times (x 78B)
Class org.gradle.internal.classloader.ClassLoaderVisitor                              : loaded 2 times (x 72B)
Class org.gradle.api.internal.classpath.EffectiveClassPath                            : loaded 2 times (x 86B)
Class org.gradle.api.internal.DefaultClassPathProvider                                : loaded 2 times (x 72B)
Class [Lorg.gradle.api.internal.ClassPathProvider;                                    : loaded 2 times (x 65B)
Class org.gradle.api.internal.ClassPathProvider                                       : loaded 2 times (x 66B)
Class org.gradle.internal.service.UnknownServiceException                             : loaded 2 times (x 79B)
Class org.gradle.internal.classpath.TransformedClassPath                              : loaded 2 times (x 92B)
Class org.gradle.internal.service.ServiceLocator                                      : loaded 2 times (x 66B)
Class org.gradle.internal.InternalTransformer                                         : loaded 2 times (x 66B)
Class org.gradle.internal.time.DefaultTimer                                           : loaded 2 times (x 76B)
Class org.gradle.internal.classloader.ClasspathUtil$1                                 : loaded 2 times (x 72B)
Class org.gradle.api.internal.classpath.DefaultModuleRegistry$DefaultModule           : loaded 2 times (x 82B)
Class org.gradle.internal.time.DefaultCountdownTimer                                  : loaded 2 times (x 84B)
Class kotlin.Function                                                                 : loaded 2 times (x 66B)
Class org.gradle.api.internal.classpath.Module                                        : loaded 2 times (x 66B)
Class org.gradle.api.internal.classpath.UnknownModuleException                        : loaded 2 times (x 78B)
Class org.gradle.cache.GlobalCache                                                    : loaded 2 times (x 66B)
Class org.gradle.api.internal.DefaultClassPathRegistry                                : loaded 2 times (x 72B)
Class org.gradle.api.internal.ClassPathRegistry                                       : loaded 2 times (x 66B)
Class org.gradle.internal.classpath.DefaultClassPath$ImmutableUniqueList              : loaded 2 times (x 195B)
Class org.gradle.internal.classpath.ClassPath                                         : loaded 2 times (x 66B)
Class org.gradle.api.UncheckedIOException                                             : loaded 2 times (x 78B)
Class kotlin.UninitializedPropertyAccessException                                     : loaded 2 times (x 78B)
Class org.gradle.internal.installation.GradleInstallation$1                           : loaded 2 times (x 71B)
Class org.gradle.api.internal.classpath.ModuleRegistry                                : loaded 2 times (x 66B)
Class org.gradle.api.internal.classpath.DefaultModuleRegistry                         : loaded 2 times (x 82B)
Class org.gradle.internal.time.MonotonicClock                                         : loaded 2 times (x 73B)
Class org.gradle.internal.service.ServiceLookupException                              : loaded 2 times (x 78B)
Class org.gradle.internal.classloader.ClassLoaderFactory                              : loaded 2 times (x 66B)
Class org.gradle.internal.service.CachingServiceLocator                               : loaded 2 times (x 78B)
Class org.gradle.internal.time.TimeSource                                             : loaded 2 times (x 66B)
Class org.gradle.internal.exceptions.ResolutionProvider                               : loaded 2 times (x 66B)
Class org.gradle.internal.classloader.ClasspathUtil                                   : loaded 2 times (x 67B)
Class org.gradle.internal.time.TimeSource$1                                           : loaded 2 times (x 73B)
Class org.gradle.api.specs.Spec                                                       : loaded 2 times (x 66B)
Class org.gradle.internal.time.Clock                                                  : loaded 2 times (x 66B)
Class org.gradle.internal.classloader.VisitableURLClassLoader$InstrumentingVisitableURLClassLoader: loaded 2 times (x 119B)
Class org.gradle.internal.classloader.VisitableURLClassLoader$Spec                    : loaded 2 times (x 70B)
Class org.gradle.internal.classpath.DefaultClassPath                                  : loaded 2 times (x 86B)
Class org.gradle.internal.classloader.ClassLoaderSpec                                 : loaded 2 times (x 67B)
Class org.gradle.internal.classloader.VisitableURLClassLoader                         : loaded 2 times (x 113B)
Class org.gradle.internal.Cast                                                        : loaded 2 times (x 67B)
Class org.gradle.api.Action                                                           : loaded 2 times (x 66B)
Class sync_studio_tooling549_di68w0i5ozv8dmh74oy5lbg0d$_run_closure1                  : loaded 2 times (x 132B)
Class org.gradle.internal.agents.InstrumentingClassLoader                             : loaded 2 times (x 66B)
Class org.gradle.internal.classpath.DefaultClassPath$ImmutableUniqueList$Builder      : loaded 2 times (x 71B)
Class kotlin.NotImplementedError                                                      : loaded 2 times (x 78B)
Class org.gradle.internal.exceptions.NonGradleCauseExceptionsHolder                   : loaded 2 times (x 66B)
Class sync_studio_tooling549_di68w0i5ozv8dmh74oy5lbg0d                                : loaded 2 times (x 175B)
Class org.gradle.internal.IoActions                                                   : loaded 2 times (x 67B)
Class org.gradle.internal.classloader.SystemClassLoaderSpec                           : loaded 2 times (x 67B)
Class org.gradle.internal.exceptions.MultiCauseException                              : loaded 2 times (x 66B)
Class org.gradle.internal.time.CountdownTimer                                         : loaded 2 times (x 66B)
Class kotlin.jvm.internal.Intrinsics                                                  : loaded 2 times (x 67B)
Class org.gradle.tooling.model.ProjectModel                                           : loaded 2 times (x 66B)
Class kotlin.KotlinNullPointerException                                               : loaded 2 times (x 79B)
Class org.gradle.internal.exceptions.DefaultMultiCauseException                       : loaded 2 times (x 91B)
Class org.gradle.internal.time.Time                                                   : loaded 2 times (x 67B)
Class org.gradle.internal.time.Timer                                                  : loaded 2 times (x 66B)
Class org.gradle.internal.installation.CurrentGradleInstallationLocator               : loaded 2 times (x 67B)
Class org.gradle.internal.service.DefaultServiceLocator                               : loaded 2 times (x 79B)
Class org.gradle.util.GradleVersion                                                   : loaded 2 times (x 75B)
Class org.gradle.internal.installation.CurrentGradleInstallation                      : loaded 2 times (x 69B)
Class org.gradle.util.internal.GUtil                                                  : loaded 2 times (x 67B)
Class org.gradle.internal.installation.GradleInstallation                             : loaded 2 times (x 71B)

---------------  S Y S T E M  ---------------

OS:
 Windows 11 , 64 bit Build 26100 (10.0.26100.4484)
OS uptime: 0 days 8:32 hours

CPU: total 12 (initial active 12) (6 cores per cpu, 2 threads per core) family 6 model 158 stepping 10 microcode 0xde, cx8, cmov, fxsr, ht, mmx, 3dnowpref, sse, sse2, sse3, ssse3, sse4.1, sse4.2, popcnt, lzcnt, tsc, tscinvbit, avx, avx2, aes, erms, clmul, bmi1, bmi2, rtm, adx, fma, vzeroupper, clflush, clflushopt, rdtscp, f16c
Processor Information for the first 12 processors :
  Max Mhz: 3696, Current Mhz: 3696, Mhz Limit: 3696

Memory: 4k page, system-wide physical 16318M (4354M free)
TotalPageFile size 17342M (AvailPageFile size 44M)
current process WorkingSet (physical memory assigned to process): 311M, peak: 338M
current process commit charge ("private bytes"): 450M, peak: 514M

vm_info: OpenJDK 64-Bit Server VM (21.0.6+-13391695-b895.109) for windows-amd64 JRE (21.0.6+-13391695-b895.109), built on 2025-04-22T21:19:17Z by "builder" with MS VC++ 16.10 / 16.11 (VS2019)

END.
